Java HotSpot(TM) 64-Bit Server VM (25.74-b02) for linux-amd64 JRE (1.8.0_74-b02), built on Jan 29 2016 19:20:56 by "java_re" with gcc 4.3.0 20080428 (Red Hat 4.3.0-8)
Memory: 4k page, physical 11061068k(4802344k free), swap 8385532k(8385532k free)
CommandLine flags: -XX:-HeapDumpOnOutOfMemoryError -XX:InitialHeapSize=3355443200 -XX:MaxHeapSize=3355443200 -XX:+PreserveFramePointer -XX:+PrintGC -XX:+PrintGCDateStamps -XX:+PrintGCDetails -XX:+PrintGCTimeStamps -XX:+UseCompressedClassPointers -XX:+UseCompressedOops -XX:+UseG1GC 
2016-04-07T00:22:15.910+0200: 1,942: [GC pause (Metadata GC Threshold) (young) (initial-mark), 0,0214494 secs]
   [Parallel Time: 13,6 ms, GC Workers: 4]
      [GC Worker Start (ms): Min: 1942,8, Avg: 1943,5, Max: 1944,3, Diff: 1,5]
      [Ext Root Scanning (ms): Min: 0,0, Avg: 2,6, Max: 8,2, Diff: 8,1, Sum: 10,3]
      [Update RS (ms): Min: 0,0, Avg: 0,0, Max: 0,0, Diff: 0,0, Sum: 0,0]
         [Processed Buffers: Min: 0, Avg: 0,0, Max: 0, Diff: 0, Sum: 0]
      [Scan RS (ms): Min: 0,0, Avg: 0,1, Max: 0,2, Diff: 0,2, Sum: 0,3]
      [Code Root Scanning (ms): Min: 0,0, Avg: 0,3, Max: 0,9, Diff: 0,9, Sum: 1,2]
      [Object Copy (ms): Min: 1,0, Avg: 6,0, Max: 7,9, Diff: 6,9, Sum: 23,8]
      [Termination (ms): Min: 0,0, Avg: 1,6, Max: 3,7, Diff: 3,7, Sum: 6,4]
         [Termination Attempts: Min: 1, Avg: 1,0, Max: 1, Diff: 0, Sum: 4]
      [GC Worker Other (ms): Min: 0,0, Avg: 0,0, Max: 0,0, Diff: 0,0, Sum: 0,1]
      [GC Worker Total (ms): Min: 9,1, Avg: 10,5, Max: 12,0, Diff: 3,0, Sum: 42,1]
      [GC Worker End (ms): Min: 1953,4, Avg: 1954,1, Max: 1956,2, Diff: 2,8]
   [Code Root Fixup: 0,4 ms]
   [Code Root Purge: 0,0 ms]
   [Clear CT: 1,0 ms]
   [Other: 6,5 ms]
      [Choose CSet: 0,0 ms]
      [Ref Proc: 5,1 ms]
      [Ref Enq: 0,1 ms]
      [Redirty Cards: 0,2 ms]
      [Humongous Register: 0,1 ms]
      [Humongous Reclaim: 0,0 ms]
      [Free CSet: 0,2 ms]
   [Eden: 113,0M(160,0M)->0,0B(144,0M) Survivors: 0,0B->16,0M Heap: 113,0M(3200,0M)->15,0M(3200,0M)]
 [Times: user=0,05 sys=0,01, real=0,02 secs] 
2016-04-07T00:22:15.931+0200: 1,964: [GC concurrent-root-region-scan-start]
2016-04-07T00:22:15.945+0200: 1,978: [GC concurrent-root-region-scan-end, 0,0140619 secs]
2016-04-07T00:22:15.946+0200: 1,979: [GC concurrent-mark-start]
2016-04-07T00:22:15.952+0200: 1,984: [GC concurrent-mark-end, 0,0050865 secs]
2016-04-07T00:22:15.959+0200: 1,992: [GC remark 2016-04-07T00:22:15.959+0200: 1,992: [Finalize Marking, 0,0008633 secs] 2016-04-07T00:22:15.960+0200: 1,993: [GC ref-proc, 0,0000642 secs] 2016-04-07T00:22:15.960+0200: 1,993: [Unloading, 0,0032493 secs], 0,0053054 secs]
 [Times: user=0,01 sys=0,00, real=0,00 secs] 
2016-04-07T00:22:15.967+0200: 1,999: [GC cleanup 16M->16M(3200M), 0,0091957 secs]
 [Times: user=0,03 sys=0,01, real=0,01 secs] 
2016-04-07T00:22:18.500+0200: 4,533: [GC pause (Metadata GC Threshold) (young) (initial-mark), 0,0189647 secs]
   [Parallel Time: 13,0 ms, GC Workers: 4]
      [GC Worker Start (ms): Min: 4533,4, Avg: 4535,3, Max: 4535,9, Diff: 2,5]
      [Ext Root Scanning (ms): Min: 1,2, Avg: 4,8, Max: 10,2, Diff: 9,0, Sum: 19,0]
      [Update RS (ms): Min: 0,0, Avg: 0,0, Max: 0,0, Diff: 0,0, Sum: 0,0]
         [Processed Buffers: Min: 0, Avg: 0,0, Max: 0, Diff: 0, Sum: 0]
      [Scan RS (ms): Min: 0,0, Avg: 0,1, Max: 0,1, Diff: 0,1, Sum: 0,2]
      [Code Root Scanning (ms): Min: 0,0, Avg: 0,7, Max: 2,5, Diff: 2,5, Sum: 2,6]
      [Object Copy (ms): Min: 0,0, Avg: 5,3, Max: 8,7, Diff: 8,7, Sum: 21,1]
      [Termination (ms): Min: 0,0, Avg: 0,2, Max: 0,3, Diff: 0,3, Sum: 0,6]
         [Termination Attempts: Min: 1, Avg: 3,2, Max: 6, Diff: 5, Sum: 13]
      [GC Worker Other (ms): Min: 0,0, Avg: 0,0, Max: 0,0, Diff: 0,0, Sum: 0,1]
      [GC Worker Total (ms): Min: 10,2, Avg: 10,9, Max: 12,7, Diff: 2,5, Sum: 43,7]
      [GC Worker End (ms): Min: 4546,2, Avg: 4546,2, Max: 4546,2, Diff: 0,1]
   [Code Root Fixup: 0,3 ms]
   [Code Root Purge: 0,0 ms]
   [Clear CT: 0,3 ms]
   [Other: 5,4 ms]
      [Choose CSet: 0,0 ms]
      [Ref Proc: 4,1 ms]
      [Ref Enq: 0,0 ms]
      [Redirty Cards: 0,3 ms]
      [Humongous Register: 0,2 ms]
      [Humongous Reclaim: 0,0 ms]
      [Free CSet: 0,1 ms]
   [Eden: 88,0M(144,0M)->0,0B(140,0M) Survivors: 16,0M->20,0M Heap: 102,5M(3200,0M)->20,0M(3200,0M)]
 [Times: user=0,04 sys=0,01, real=0,02 secs] 
2016-04-07T00:22:18.520+0200: 4,552: [GC concurrent-root-region-scan-start]
2016-04-07T00:22:18.529+0200: 4,561: [GC concurrent-root-region-scan-end, 0,0089350 secs]
2016-04-07T00:22:18.529+0200: 4,561: [GC concurrent-mark-start]
2016-04-07T00:22:18.530+0200: 4,562: [GC concurrent-mark-end, 0,0010451 secs]
2016-04-07T00:22:18.531+0200: 4,564: [GC remark 2016-04-07T00:22:18.531+0200: 4,564: [Finalize Marking, 0,0007819 secs] 2016-04-07T00:22:18.532+0200: 4,565: [GC ref-proc, 0,0001114 secs] 2016-04-07T00:22:18.532+0200: 4,565: [Unloading, 0,0041393 secs], 0,0078100 secs]
 [Times: user=0,01 sys=0,01, real=0,01 secs] 
2016-04-07T00:22:18.541+0200: 4,574: [GC cleanup 20M->20M(3200M), 0,0109098 secs]
 [Times: user=0,03 sys=0,00, real=0,01 secs] 
2016-04-07T00:23:21.455+0200: 67,488: [GC pause (G1 Evacuation Pause) (young), 0,0288707 secs]
   [Parallel Time: 21,2 ms, GC Workers: 4]
      [GC Worker Start (ms): Min: 67488,5, Avg: 67490,0, Max: 67490,6, Diff: 2,2]
      [Ext Root Scanning (ms): Min: 0,2, Avg: 1,7, Max: 3,2, Diff: 3,1, Sum: 6,8]
      [Update RS (ms): Min: 0,0, Avg: 0,0, Max: 0,0, Diff: 0,0, Sum: 0,0]
         [Processed Buffers: Min: 0, Avg: 0,0, Max: 0, Diff: 0, Sum: 0]
      [Scan RS (ms): Min: 0,0, Avg: 0,3, Max: 0,7, Diff: 0,7, Sum: 1,1]
      [Code Root Scanning (ms): Min: 0,0, Avg: 4,7, Max: 14,8, Diff: 14,8, Sum: 18,8]
      [Object Copy (ms): Min: 2,6, Avg: 12,6, Max: 18,9, Diff: 16,3, Sum: 50,5]
      [Termination (ms): Min: 0,2, Avg: 0,3, Max: 0,4, Diff: 0,2, Sum: 1,3]
         [Termination Attempts: Min: 110, Avg: 139,5, Max: 159, Diff: 49, Sum: 558]
      [GC Worker Other (ms): Min: 0,0, Avg: 0,0, Max: 0,0, Diff: 0,0, Sum: 0,1]
      [GC Worker Total (ms): Min: 19,0, Avg: 19,7, Max: 21,2, Diff: 2,2, Sum: 78,7]
      [GC Worker End (ms): Min: 67509,7, Avg: 67509,7, Max: 67509,7, Diff: 0,0]
   [Code Root Fixup: 1,2 ms]
   [Code Root Purge: 0,0 ms]
   [Clear CT: 0,4 ms]
   [Other: 6,0 ms]
      [Choose CSet: 0,0 ms]
      [Ref Proc: 3,9 ms]
      [Ref Enq: 0,0 ms]
      [Redirty Cards: 0,9 ms]
      [Humongous Register: 0,1 ms]
      [Humongous Reclaim: 0,0 ms]
      [Free CSet: 0,4 ms]
   [Eden: 140,0M(140,0M)->0,0B(159,0M) Survivors: 20,0M->20,0M Heap: 160,0M(3200,0M)->24,8M(3200,0M)]
 [Times: user=0,06 sys=0,00, real=0,03 secs] 
2016-04-07T00:23:34.084+0200: 80,116: [GC pause (G1 Evacuation Pause) (young), 0,0339264 secs]
   [Parallel Time: 27,6 ms, GC Workers: 4]
      [GC Worker Start (ms): Min: 80116,7, Avg: 80117,7, Max: 80119,9, Diff: 3,3]
      [Ext Root Scanning (ms): Min: 0,0, Avg: 5,2, Max: 13,5, Diff: 13,4, Sum: 20,9]
      [Update RS (ms): Min: 0,0, Avg: 0,1, Max: 0,4, Diff: 0,4, Sum: 0,4]
         [Processed Buffers: Min: 0, Avg: 1,0, Max: 3, Diff: 3, Sum: 4]
      [Scan RS (ms): Min: 0,0, Avg: 0,6, Max: 1,5, Diff: 1,5, Sum: 2,6]
      [Code Root Scanning (ms): Min: 0,0, Avg: 5,5, Max: 8,6, Diff: 8,6, Sum: 22,2]
      [Object Copy (ms): Min: 13,5, Avg: 14,6, Max: 17,3, Diff: 3,8, Sum: 58,3]
      [Termination (ms): Min: 0,1, Avg: 0,4, Max: 1,1, Diff: 1,0, Sum: 1,4]
         [Termination Attempts: Min: 1, Avg: 7,8, Max: 11, Diff: 10, Sum: 31]
      [GC Worker Other (ms): Min: 0,0, Avg: 0,1, Max: 0,1, Diff: 0,1, Sum: 0,2]
      [GC Worker Total (ms): Min: 24,3, Avg: 26,5, Max: 27,5, Diff: 3,3, Sum: 106,1]
      [GC Worker End (ms): Min: 80144,2, Avg: 80144,2, Max: 80144,2, Diff: 0,0]
   [Code Root Fixup: 2,8 ms]
   [Code Root Purge: 0,0 ms]
   [Clear CT: 0,2 ms]
   [Other: 3,3 ms]
      [Choose CSet: 0,0 ms]
      [Ref Proc: 1,6 ms]
      [Ref Enq: 0,0 ms]
      [Redirty Cards: 0,3 ms]
      [Humongous Register: 0,2 ms]
      [Humongous Reclaim: 0,0 ms]
      [Free CSet: 0,7 ms]
   [Eden: 140,0M(140,0M)->0,0B(212,0M) Survivors: 20,0M->11,0M Heap: 164,8M(3200,0M)->24,3M(3200,0M)]
 [Times: user=0,06 sys=0,02, real=0,04 secs] 
2016-04-07T00:23:41.961+0200: 87,994: [GC pause (G1 Evacuation Pause) (young), 0,0205228 secs]
   [Parallel Time: 17,9 ms, GC Workers: 4]
      [GC Worker Start (ms): Min: 87994,4, Avg: 87997,5, Max: 88003,0, Diff: 8,6]
      [Ext Root Scanning (ms): Min: 0,0, Avg: 1,5, Max: 3,6, Diff: 3,6, Sum: 6,1]
      [Update RS (ms): Min: 0,0, Avg: 0,2, Max: 0,3, Diff: 0,3, Sum: 0,7]
         [Processed Buffers: Min: 0, Avg: 9,8, Max: 29, Diff: 29, Sum: 39]
      [Scan RS (ms): Min: 0,0, Avg: 0,6, Max: 1,0, Diff: 1,0, Sum: 2,6]
      [Code Root Scanning (ms): Min: 0,0, Avg: 0,9, Max: 1,7, Diff: 1,7, Sum: 3,6]
      [Object Copy (ms): Min: 8,7, Avg: 10,6, Max: 11,8, Diff: 3,1, Sum: 42,5]
      [Termination (ms): Min: 0,0, Avg: 0,4, Max: 0,5, Diff: 0,5, Sum: 1,6]
         [Termination Attempts: Min: 1, Avg: 1,0, Max: 1, Diff: 0, Sum: 4]
      [GC Worker Other (ms): Min: 0,0, Avg: 0,1, Max: 0,1, Diff: 0,1, Sum: 0,2]
      [GC Worker Total (ms): Min: 8,8, Avg: 14,3, Max: 17,4, Diff: 8,6, Sum: 57,3]
      [GC Worker End (ms): Min: 88011,8, Avg: 88011,8, Max: 88011,8, Diff: 0,0]
   [Code Root Fixup: 0,8 ms]
   [Code Root Purge: 0,0 ms]
   [Clear CT: 0,3 ms]
   [Other: 1,5 ms]
      [Choose CSet: 0,0 ms]
      [Ref Proc: 0,4 ms]
      [Ref Enq: 0,0 ms]
      [Redirty Cards: 0,3 ms]
      [Humongous Register: 0,0 ms]
      [Humongous Reclaim: 0,0 ms]
      [Free CSet: 0,1 ms]
   [Eden: 162,0M(162,0M)->0,0B(343,0M) Survivors: 11,0M->12,0M Heap: 186,3M(3200,0M)->25,8M(3200,0M)]
 [Times: user=0,04 sys=0,00, real=0,02 secs] 
2016-04-07T00:23:53.448+0200: 99,480: [GC pause (G1 Evacuation Pause) (young), 0,0586756 secs]
   [Parallel Time: 51,7 ms, GC Workers: 4]
      [GC Worker Start (ms): Min: 99480,5, Avg: 99485,2, Max: 99489,6, Diff: 9,1]
      [Ext Root Scanning (ms): Min: 0,0, Avg: 0,7, Max: 2,8, Diff: 2,7, Sum: 2,9]
      [Update RS (ms): Min: 0,0, Avg: 5,7, Max: 22,4, Diff: 22,4, Sum: 22,9]
         [Processed Buffers: Min: 0, Avg: 10,8, Max: 42, Diff: 42, Sum: 43]
      [Scan RS (ms): Min: 0,1, Avg: 0,5, Max: 1,2, Diff: 1,1, Sum: 1,8]
      [Code Root Scanning (ms): Min: 0,0, Avg: 4,3, Max: 10,7, Diff: 10,7, Sum: 17,2]
      [Object Copy (ms): Min: 24,2, Avg: 33,7, Max: 39,9, Diff: 15,6, Sum: 134,7]
      [Termination (ms): Min: 0,0, Avg: 0,5, Max: 0,7, Diff: 0,7, Sum: 2,0]
         [Termination Attempts: Min: 1, Avg: 1,0, Max: 1, Diff: 0, Sum: 4]
      [GC Worker Other (ms): Min: 0,1, Avg: 0,1, Max: 0,1, Diff: 0,1, Sum: 0,4]
      [GC Worker Total (ms): Min: 41,1, Avg: 45,5, Max: 50,2, Diff: 9,1, Sum: 182,0]
      [GC Worker End (ms): Min: 99530,7, Avg: 99530,7, Max: 99530,7, Diff: 0,0]
   [Code Root Fixup: 0,7 ms]
   [Code Root Purge: 0,0 ms]
   [Clear CT: 1,8 ms]
   [Other: 4,4 ms]
      [Choose CSet: 0,0 ms]
      [Ref Proc: 2,7 ms]
      [Ref Enq: 0,0 ms]
      [Redirty Cards: 1,1 ms]
      [Humongous Register: 0,1 ms]
      [Humongous Reclaim: 0,0 ms]
      [Free CSet: 0,1 ms]
   [Eden: 323,0M(323,0M)->0,0B(465,0M) Survivors: 12,0M->17,0M Heap: 348,8M(3200,0M)->30,3M(3200,0M)]
 [Times: user=0,04 sys=0,03, real=0,06 secs] 
2016-04-07T00:24:05.654+0200: 111,687: [GC pause (G1 Evacuation Pause) (young), 0,0440825 secs]
   [Parallel Time: 41,3 ms, GC Workers: 4]
      [GC Worker Start (ms): Min: 111693,7, Avg: 111695,2, Max: 111696,0, Diff: 2,3]
      [Ext Root Scanning (ms): Min: 0,4, Avg: 6,1, Max: 19,2, Diff: 18,8, Sum: 24,4]
      [Update RS (ms): Min: 0,0, Avg: 0,0, Max: 0,1, Diff: 0,1, Sum: 0,2]
         [Processed Buffers: Min: 0, Avg: 10,0, Max: 34, Diff: 34, Sum: 40]
      [Scan RS (ms): Min: 0,1, Avg: 0,6, Max: 0,9, Diff: 0,8, Sum: 2,2]
      [Code Root Scanning (ms): Min: 0,0, Avg: 2,8, Max: 5,4, Diff: 5,4, Sum: 11,0]
      [Object Copy (ms): Min: 15,0, Avg: 23,3, Max: 27,3, Diff: 12,3, Sum: 93,2]
      [Termination (ms): Min: 0,0, Avg: 0,0, Max: 0,0, Diff: 0,0, Sum: 0,0]
         [Termination Attempts: Min: 1, Avg: 1,0, Max: 1, Diff: 0, Sum: 4]
      [GC Worker Other (ms): Min: 0,2, Avg: 0,2, Max: 0,2, Diff: 0,1, Sum: 0,8]
      [GC Worker Total (ms): Min: 32,3, Avg: 33,0, Max: 34,5, Diff: 2,2, Sum: 131,9]
      [GC Worker End (ms): Min: 111728,1, Avg: 111728,2, Max: 111728,2, Diff: 0,1]
   [Code Root Fixup: 0,7 ms]
   [Code Root Purge: 0,1 ms]
   [Clear CT: 0,2 ms]
   [Other: 1,8 ms]
      [Choose CSet: 0,0 ms]
      [Ref Proc: 0,3 ms]
      [Ref Enq: 0,0 ms]
      [Redirty Cards: 0,3 ms]
      [Humongous Register: 0,2 ms]
      [Humongous Reclaim: 0,0 ms]
      [Free CSet: 0,4 ms]
   [Eden: 465,0M(465,0M)->0,0B(910,0M) Survivors: 17,0M->21,0M Heap: 495,3M(3200,0M)->34,8M(3200,0M)]
 [Times: user=0,06 sys=0,02, real=0,05 secs] 
2016-04-07T00:24:23.522+0200: 129,555: [GC pause (G1 Evacuation Pause) (young), 0,0695977 secs]
   [Parallel Time: 64,0 ms, GC Workers: 4]
      [GC Worker Start (ms): Min: 129554,9, Avg: 129557,3, Max: 129564,3, Diff: 9,4]
      [Ext Root Scanning (ms): Min: 0,1, Avg: 1,0, Max: 1,7, Diff: 1,6, Sum: 3,9]
      [Update RS (ms): Min: 0,0, Avg: 1,1, Max: 1,9, Diff: 1,9, Sum: 4,3]
         [Processed Buffers: Min: 0, Avg: 9,0, Max: 25, Diff: 25, Sum: 36]
      [Scan RS (ms): Min: 0,2, Avg: 1,0, Max: 1,8, Diff: 1,6, Sum: 4,1]
      [Code Root Scanning (ms): Min: 0,0, Avg: 2,0, Max: 3,3, Diff: 3,3, Sum: 8,1]
      [Object Copy (ms): Min: 51,3, Avg: 53,5, Max: 56,5, Diff: 5,2, Sum: 214,0]
      [Termination (ms): Min: 0,0, Avg: 0,1, Max: 0,1, Diff: 0,1, Sum: 0,3]
         [Termination Attempts: Min: 1, Avg: 1,2, Max: 2, Diff: 1, Sum: 5]
      [GC Worker Other (ms): Min: 0,1, Avg: 0,7, Max: 2,4, Diff: 2,4, Sum: 2,7]
      [GC Worker Total (ms): Min: 51,9, Avg: 59,4, Max: 63,4, Diff: 11,5, Sum: 237,5]
      [GC Worker End (ms): Min: 129616,1, Avg: 129616,7, Max: 129618,3, Diff: 2,2]
   [Code Root Fixup: 0,8 ms]
   [Code Root Purge: 0,0 ms]
   [Clear CT: 0,5 ms]
   [Other: 4,3 ms]
      [Choose CSet: 0,0 ms]
      [Ref Proc: 1,8 ms]
      [Ref Enq: 0,0 ms]
      [Redirty Cards: 1,2 ms]
      [Humongous Register: 0,0 ms]
      [Humongous Reclaim: 0,0 ms]
      [Free CSet: 0,7 ms]
   [Eden: 910,0M(910,0M)->0,0B(965,0M) Survivors: 21,0M->31,0M Heap: 944,8M(3200,0M)->44,8M(3200,0M)]
 [Times: user=0,13 sys=0,04, real=0,07 secs] 
2016-04-07T00:24:38.202+0200: 144,235: [GC pause (G1 Evacuation Pause) (young), 0,0583892 secs]
   [Parallel Time: 55,5 ms, GC Workers: 4]
      [GC Worker Start (ms): Min: 144235,2, Avg: 144236,4, Max: 144238,4, Diff: 3,1]
      [Ext Root Scanning (ms): Min: 0,1, Avg: 1,3, Max: 2,7, Diff: 2,6, Sum: 5,1]
      [Update RS (ms): Min: 0,0, Avg: 1,4, Max: 4,1, Diff: 4,0, Sum: 5,4]
         [Processed Buffers: Min: 2, Avg: 9,0, Max: 23, Diff: 21, Sum: 36]
      [Scan RS (ms): Min: 0,1, Avg: 0,9, Max: 1,2, Diff: 1,2, Sum: 3,4]
      [Code Root Scanning (ms): Min: 0,0, Avg: 1,6, Max: 2,9, Diff: 2,9, Sum: 6,4]
      [Object Copy (ms): Min: 47,9, Avg: 48,4, Max: 49,1, Diff: 1,3, Sum: 193,5]
      [Termination (ms): Min: 0,1, Avg: 0,5, Max: 1,9, Diff: 1,8, Sum: 2,1]
         [Termination Attempts: Min: 1, Avg: 2,2, Max: 3, Diff: 2, Sum: 9]
      [GC Worker Other (ms): Min: 0,1, Avg: 0,2, Max: 0,4, Diff: 0,3, Sum: 0,6]
      [GC Worker Total (ms): Min: 52,2, Avg: 54,1, Max: 55,4, Diff: 3,2, Sum: 216,5]
      [GC Worker End (ms): Min: 144290,5, Avg: 144290,5, Max: 144290,6, Diff: 0,1]
   [Code Root Fixup: 0,7 ms]
   [Code Root Purge: 0,0 ms]
   [Clear CT: 0,3 ms]
   [Other: 1,8 ms]
      [Choose CSet: 0,0 ms]
      [Ref Proc: 0,5 ms]
      [Ref Enq: 0,0 ms]
      [Redirty Cards: 0,2 ms]
      [Humongous Register: 0,1 ms]
      [Humongous Reclaim: 0,0 ms]
      [Free CSet: 0,5 ms]
   [Eden: 965,0M(965,0M)->0,0B(870,0M) Survivors: 31,0M->44,0M Heap: 1009,8M(3200,0M)->57,8M(3200,0M)]
 [Times: user=0,16 sys=0,01, real=0,06 secs] 
2016-04-07T00:24:49.506+0200: 155,539: [GC pause (G1 Evacuation Pause) (young), 0,0589002 secs]
   [Parallel Time: 54,5 ms, GC Workers: 4]
      [GC Worker Start (ms): Min: 155539,0, Avg: 155539,0, Max: 155539,2, Diff: 0,2]
      [Ext Root Scanning (ms): Min: 0,5, Avg: 0,8, Max: 1,5, Diff: 1,1, Sum: 3,4]
      [Update RS (ms): Min: 0,1, Avg: 0,5, Max: 0,6, Diff: 0,6, Sum: 1,9]
         [Processed Buffers: Min: 2, Avg: 9,2, Max: 20, Diff: 18, Sum: 37]
      [Scan RS (ms): Min: 0,5, Avg: 0,6, Max: 0,7, Diff: 0,1, Sum: 2,4]
      [Code Root Scanning (ms): Min: 0,4, Avg: 0,8, Max: 1,3, Diff: 0,8, Sum: 3,3]
      [Object Copy (ms): Min: 50,9, Avg: 51,4, Max: 52,0, Diff: 1,1, Sum: 205,6]
      [Termination (ms): Min: 0,0, Avg: 0,0, Max: 0,0, Diff: 0,0, Sum: 0,0]
         [Termination Attempts: Min: 1, Avg: 1,0, Max: 1, Diff: 0, Sum: 4]
      [GC Worker Other (ms): Min: 0,0, Avg: 0,1, Max: 0,3, Diff: 0,2, Sum: 0,5]
      [GC Worker Total (ms): Min: 54,1, Avg: 54,3, Max: 54,4, Diff: 0,3, Sum: 217,1]
      [GC Worker End (ms): Min: 155593,3, Avg: 155593,3, Max: 155593,4, Diff: 0,1]
   [Code Root Fixup: 0,7 ms]
   [Code Root Purge: 0,0 ms]
   [Clear CT: 1,4 ms]
   [Other: 2,3 ms]
      [Choose CSet: 0,0 ms]
      [Ref Proc: 0,9 ms]
      [Ref Enq: 0,0 ms]
      [Redirty Cards: 0,5 ms]
      [Humongous Register: 0,1 ms]
      [Humongous Reclaim: 0,0 ms]
      [Free CSet: 0,2 ms]
   [Eden: 870,0M(870,0M)->0,0B(945,0M) Survivors: 44,0M->54,0M Heap: 927,8M(3200,0M)->67,8M(3200,0M)]
 [Times: user=0,18 sys=0,02, real=0,06 secs] 
2016-04-07T00:25:00.388+0200: 166,421: [GC pause (G1 Evacuation Pause) (young), 0,0708339 secs]
   [Parallel Time: 66,9 ms, GC Workers: 4]
      [GC Worker Start (ms): Min: 166421,3, Avg: 166421,3, Max: 166421,4, Diff: 0,1]
      [Ext Root Scanning (ms): Min: 0,5, Avg: 0,8, Max: 1,5, Diff: 1,0, Sum: 3,2]
      [Update RS (ms): Min: 0,1, Avg: 0,5, Max: 0,7, Diff: 0,6, Sum: 1,8]
         [Processed Buffers: Min: 2, Avg: 9,5, Max: 16, Diff: 14, Sum: 38]
      [Scan RS (ms): Min: 0,6, Avg: 0,6, Max: 0,7, Diff: 0,1, Sum: 2,6]
      [Code Root Scanning (ms): Min: 0,4, Avg: 1,3, Max: 2,1, Diff: 1,6, Sum: 5,1]
      [Object Copy (ms): Min: 61,6, Avg: 62,9, Max: 64,3, Diff: 2,7, Sum: 251,6]
      [Termination (ms): Min: 0,0, Avg: 0,6, Max: 1,1, Diff: 1,1, Sum: 2,2]
         [Termination Attempts: Min: 1, Avg: 1,0, Max: 1, Diff: 0, Sum: 4]
      [GC Worker Other (ms): Min: 0,0, Avg: 0,1, Max: 0,2, Diff: 0,1, Sum: 0,3]
      [GC Worker Total (ms): Min: 66,7, Avg: 66,7, Max: 66,7, Diff: 0,1, Sum: 266,8]
      [GC Worker End (ms): Min: 166488,0, Avg: 166488,0, Max: 166488,1, Diff: 0,0]
   [Code Root Fixup: 1,3 ms]
   [Code Root Purge: 0,0 ms]
   [Clear CT: 0,5 ms]
   [Other: 2,1 ms]
      [Choose CSet: 0,0 ms]
      [Ref Proc: 0,6 ms]
      [Ref Enq: 0,0 ms]
      [Redirty Cards: 0,2 ms]
      [Humongous Register: 0,1 ms]
      [Humongous Reclaim: 0,0 ms]
      [Free CSet: 0,7 ms]
   [Eden: 945,0M(945,0M)->0,0B(1126,0M) Survivors: 54,0M->65,0M Heap: 1012,8M(3200,0M)->78,3M(3200,0M)]
 [Times: user=0,20 sys=0,03, real=0,08 secs] 
2016-04-07T00:25:12.012+0200: 178,044: [GC pause (G1 Evacuation Pause) (young), 0,1112042 secs]
   [Parallel Time: 107,6 ms, GC Workers: 4]
      [GC Worker Start (ms): Min: 178044,8, Avg: 178046,5, Max: 178047,1, Diff: 2,2]
      [Ext Root Scanning (ms): Min: 0,9, Avg: 2,9, Max: 6,0, Diff: 5,1, Sum: 11,6]
      [Update RS (ms): Min: 0,0, Avg: 0,5, Max: 1,1, Diff: 1,1, Sum: 2,0]
         [Processed Buffers: Min: 0, Avg: 8,5, Max: 26, Diff: 26, Sum: 34]
      [Scan RS (ms): Min: 0,5, Avg: 2,5, Max: 7,4, Diff: 6,9, Sum: 9,9]
      [Code Root Scanning (ms): Min: 0,2, Avg: 2,6, Max: 5,5, Diff: 5,2, Sum: 10,3]
      [Object Copy (ms): Min: 95,5, Avg: 97,2, Max: 98,2, Diff: 2,7, Sum: 388,7]
      [Termination (ms): Min: 0,0, Avg: 0,0, Max: 0,0, Diff: 0,0, Sum: 0,0]
         [Termination Attempts: Min: 1, Avg: 1,0, Max: 1, Diff: 0, Sum: 4]
      [GC Worker Other (ms): Min: 0,0, Avg: 0,2, Max: 0,3, Diff: 0,2, Sum: 0,6]
      [GC Worker Total (ms): Min: 105,2, Avg: 105,8, Max: 107,5, Diff: 2,4, Sum: 423,2]
      [GC Worker End (ms): Min: 178152,2, Avg: 178152,3, Max: 178152,3, Diff: 0,1]
   [Code Root Fixup: 0,8 ms]
   [Code Root Purge: 0,0 ms]
   [Clear CT: 0,7 ms]
   [Other: 2,1 ms]
      [Choose CSet: 0,0 ms]
      [Ref Proc: 0,4 ms]
      [Ref Enq: 0,0 ms]
      [Redirty Cards: 0,4 ms]
      [Humongous Register: 0,2 ms]
      [Humongous Reclaim: 0,0 ms]
      [Free CSet: 0,7 ms]
   [Eden: 1126,0M(1126,0M)->0,0B(1203,0M) Survivors: 65,0M->77,0M Heap: 1204,3M(3200,0M)->90,8M(3200,0M)]
 [Times: user=0,31 sys=0,04, real=0,11 secs] 
2016-04-07T00:25:23.178+0200: 189,211: [GC pause (G1 Evacuation Pause) (young), 0,1076476 secs]
   [Parallel Time: 103,2 ms, GC Workers: 4]
      [GC Worker Start (ms): Min: 189211,6, Avg: 189213,8, Max: 189214,5, Diff: 3,0]
      [Ext Root Scanning (ms): Min: 0,2, Avg: 1,6, Max: 5,5, Diff: 5,2, Sum: 6,3]
      [Update RS (ms): Min: 0,0, Avg: 0,4, Max: 0,6, Diff: 0,6, Sum: 1,8]
         [Processed Buffers: Min: 0, Avg: 9,5, Max: 30, Diff: 30, Sum: 38]
      [Scan RS (ms): Min: 0,4, Avg: 0,7, Max: 1,0, Diff: 0,6, Sum: 2,7]
      [Code Root Scanning (ms): Min: 0,4, Avg: 1,7, Max: 2,4, Diff: 2,0, Sum: 6,8]
      [Object Copy (ms): Min: 92,0, Avg: 95,0, Max: 96,3, Diff: 4,3, Sum: 380,1]
      [Termination (ms): Min: 0,1, Avg: 0,1, Max: 0,1, Diff: 0,0, Sum: 0,4]
         [Termination Attempts: Min: 1, Avg: 1,0, Max: 1, Diff: 0, Sum: 4]
      [GC Worker Other (ms): Min: 0,0, Avg: 1,5, Max: 4,6, Diff: 4,6, Sum: 5,8]
      [GC Worker Total (ms): Min: 100,2, Avg: 101,0, Max: 103,2, Diff: 3,0, Sum: 403,9]
      [GC Worker End (ms): Min: 189314,7, Avg: 189314,7, Max: 189314,7, Diff: 0,0]
   [Code Root Fixup: 1,8 ms]
   [Code Root Purge: 0,0 ms]
   [Clear CT: 0,4 ms]
   [Other: 2,2 ms]
      [Choose CSet: 0,0 ms]
      [Ref Proc: 0,5 ms]
      [Ref Enq: 0,0 ms]
      [Redirty Cards: 0,2 ms]
      [Humongous Register: 0,2 ms]
      [Humongous Reclaim: 0,0 ms]
      [Free CSet: 0,8 ms]
   [Eden: 1203,0M(1203,0M)->0,0B(1127,0M) Survivors: 77,0M->95,0M Heap: 1293,8M(3200,0M)->108,3M(3200,0M)]
 [Times: user=0,27 sys=0,08, real=0,10 secs] 
2016-04-07T00:25:33.694+0200: 199,727: [GC pause (G1 Evacuation Pause) (young), 0,2112606 secs]
   [Parallel Time: 207,4 ms, GC Workers: 4]
      [GC Worker Start (ms): Min: 199727,6, Avg: 199730,5, Max: 199734,1, Diff: 6,5]
      [Ext Root Scanning (ms): Min: 0,1, Avg: 4,7, Max: 9,4, Diff: 9,4, Sum: 19,0]
      [Update RS (ms): Min: 0,0, Avg: 1,7, Max: 5,4, Diff: 5,4, Sum: 6,8]
         [Processed Buffers: Min: 0, Avg: 8,8, Max: 33, Diff: 33, Sum: 35]
      [Scan RS (ms): Min: 1,5, Avg: 2,4, Max: 3,8, Diff: 2,3, Sum: 9,6]
      [Code Root Scanning (ms): Min: 0,4, Avg: 6,3, Max: 12,5, Diff: 12,0, Sum: 25,3]
      [Object Copy (ms): Min: 182,9, Avg: 188,9, Max: 193,8, Diff: 10,9, Sum: 755,5]
      [Termination (ms): Min: 0,0, Avg: 0,1, Max: 0,2, Diff: 0,2, Sum: 0,5]
         [Termination Attempts: Min: 1, Avg: 1,0, Max: 1, Diff: 0, Sum: 4]
      [GC Worker Other (ms): Min: 0,0, Avg: 0,2, Max: 0,3, Diff: 0,3, Sum: 0,6]
      [GC Worker Total (ms): Min: 200,7, Avg: 204,3, Max: 207,3, Diff: 6,6, Sum: 817,3]
      [GC Worker End (ms): Min: 199934,8, Avg: 199934,9, Max: 199934,9, Diff: 0,0]
   [Code Root Fixup: 1,4 ms]
   [Code Root Purge: 0,0 ms]
   [Clear CT: 0,4 ms]
   [Other: 2,0 ms]
      [Choose CSet: 0,0 ms]
      [Ref Proc: 0,6 ms]
      [Ref Enq: 0,0 ms]
      [Redirty Cards: 0,2 ms]
      [Humongous Register: 0,3 ms]
      [Humongous Reclaim: 0,0 ms]
      [Free CSet: 0,4 ms]
   [Eden: 1127,0M(1127,0M)->0,0B(386,0M) Survivors: 95,0M->88,0M Heap: 1235,3M(3200,0M)->120,4M(3200,0M)]
 [Times: user=0,53 sys=0,06, real=0,21 secs] 
2016-04-07T00:25:34.359+0200: 200,392: [GC pause (G1 Evacuation Pause) (young), 0,1465026 secs]
   [Parallel Time: 144,6 ms, GC Workers: 4]
      [GC Worker Start (ms): Min: 200392,1, Avg: 200396,0, Max: 200398,8, Diff: 6,6]
      [Ext Root Scanning (ms): Min: 0,0, Avg: 2,8, Max: 10,2, Diff: 10,1, Sum: 11,3]
      [Update RS (ms): Min: 0,0, Avg: 4,6, Max: 15,6, Diff: 15,6, Sum: 18,3]
         [Processed Buffers: Min: 0, Avg: 18,8, Max: 45, Diff: 45, Sum: 75]
      [Scan RS (ms): Min: 0,0, Avg: 2,1, Max: 6,5, Diff: 6,5, Sum: 8,5]
      [Code Root Scanning (ms): Min: 0,0, Avg: 0,1, Max: 0,3, Diff: 0,3, Sum: 0,4]
      [Object Copy (ms): Min: 125,7, Avg: 131,0, Max: 134,3, Diff: 8,6, Sum: 524,0]
      [Termination (ms): Min: 0,0, Avg: 0,0, Max: 0,0, Diff: 0,0, Sum: 0,0]
         [Termination Attempts: Min: 1, Avg: 1,0, Max: 1, Diff: 0, Sum: 4]
      [GC Worker Other (ms): Min: 0,0, Avg: 0,0, Max: 0,0, Diff: 0,0, Sum: 0,2]
      [GC Worker Total (ms): Min: 137,9, Avg: 140,7, Max: 144,5, Diff: 6,6, Sum: 562,7]
      [GC Worker End (ms): Min: 200536,6, Avg: 200536,6, Max: 200536,6, Diff: 0,0]
   [Code Root Fixup: 0,1 ms]
   [Code Root Purge: 0,0 ms]
   [Clear CT: 0,3 ms]
   [Other: 1,6 ms]
      [Choose CSet: 0,0 ms]
      [Ref Proc: 0,3 ms]
      [Ref Enq: 0,0 ms]
      [Redirty Cards: 0,5 ms]
      [Humongous Register: 0,2 ms]
      [Humongous Reclaim: 0,0 ms]
      [Free CSet: 0,1 ms]
   [Eden: 72,0M(72,0M)->0,0B(1914,0M) Survivors: 88,0M->6144,0K Heap: 192,4M(3200,0M)->122,5M(3200,0M)]
 [Times: user=0,29 sys=0,07, real=0,14 secs] 
2016-04-07T00:25:37.584+0200: 203,617: [GC pause (G1 Evacuation Pause) (young), 0,0411730 secs]
   [Parallel Time: 36,5 ms, GC Workers: 4]
      [GC Worker Start (ms): Min: 203617,4, Avg: 203618,6, Max: 203619,3, Diff: 2,0]
      [Ext Root Scanning (ms): Min: 0,3, Avg: 2,4, Max: 6,9, Diff: 6,6, Sum: 9,8]
      [Update RS (ms): Min: 0,0, Avg: 5,1, Max: 11,6, Diff: 11,6, Sum: 20,5]
         [Processed Buffers: Min: 0, Avg: 20,5, Max: 42, Diff: 42, Sum: 82]
      [Scan RS (ms): Min: 1,2, Avg: 6,2, Max: 10,2, Diff: 9,0, Sum: 24,9]
      [Code Root Scanning (ms): Min: 0,5, Avg: 1,2, Max: 2,5, Diff: 2,0, Sum: 4,9]
      [Object Copy (ms): Min: 17,0, Avg: 19,8, Max: 20,8, Diff: 3,8, Sum: 79,0]
      [Termination (ms): Min: 0,1, Avg: 0,2, Max: 0,3, Diff: 0,2, Sum: 0,7]
         [Termination Attempts: Min: 1, Avg: 1,2, Max: 2, Diff: 1, Sum: 5]
      [GC Worker Other (ms): Min: 0,0, Avg: 0,2, Max: 0,4, Diff: 0,3, Sum: 0,7]
      [GC Worker Total (ms): Min: 34,3, Avg: 35,1, Max: 36,3, Diff: 2,0, Sum: 140,5]
      [GC Worker End (ms): Min: 203653,7, Avg: 203653,7, Max: 203653,7, Diff: 0,1]
   [Code Root Fixup: 0,1 ms]
   [Code Root Purge: 0,0 ms]
   [Clear CT: 0,6 ms]
   [Other: 4,0 ms]
      [Choose CSet: 0,0 ms]
      [Ref Proc: 0,7 ms]
      [Ref Enq: 0,0 ms]
      [Redirty Cards: 1,7 ms]
      [Humongous Register: 0,1 ms]
      [Humongous Reclaim: 0,0 ms]
      [Free CSet: 0,7 ms]
   [Eden: 356,0M(154,0M)->0,0B(1820,0M) Survivors: 6144,0K->12,0M Heap: 478,5M(3200,0M)->128,0M(3200,0M)]
 [Times: user=0,09 sys=0,00, real=0,04 secs] 
2016-04-07T00:25:42.090+0200: 208,122: [GC pause (G1 Evacuation Pause) (young), 0,0295030 secs]
   [Parallel Time: 26,0 ms, GC Workers: 4]
      [GC Worker Start (ms): Min: 208123,6, Avg: 208124,2, Max: 208126,0, Diff: 2,4]
      [Ext Root Scanning (ms): Min: 0,0, Avg: 0,7, Max: 1,0, Diff: 1,0, Sum: 2,7]
      [Update RS (ms): Min: 2,1, Avg: 3,7, Max: 5,9, Diff: 3,8, Sum: 14,8]
         [Processed Buffers: Min: 5, Avg: 19,0, Max: 41, Diff: 36, Sum: 76]
      [Scan RS (ms): Min: 1,8, Avg: 3,9, Max: 4,9, Diff: 3,1, Sum: 15,4]
      [Code Root Scanning (ms): Min: 0,9, Avg: 1,4, Max: 1,7, Diff: 0,8, Sum: 5,6]
      [Object Copy (ms): Min: 15,2, Avg: 15,3, Max: 15,4, Diff: 0,2, Sum: 61,2]
      [Termination (ms): Min: 0,1, Avg: 0,1, Max: 0,1, Diff: 0,1, Sum: 0,3]
         [Termination Attempts: Min: 1, Avg: 1,5, Max: 3, Diff: 2, Sum: 6]
      [GC Worker Other (ms): Min: 0,0, Avg: 0,1, Max: 0,1, Diff: 0,1, Sum: 0,3]
      [GC Worker Total (ms): Min: 23,4, Avg: 25,1, Max: 25,7, Diff: 2,4, Sum: 100,5]
      [GC Worker End (ms): Min: 208149,3, Avg: 208149,3, Max: 208149,4, Diff: 0,1]
   [Code Root Fixup: 0,1 ms]
   [Code Root Purge: 0,0 ms]
   [Clear CT: 0,2 ms]
   [Other: 3,2 ms]
      [Choose CSet: 0,0 ms]
      [Ref Proc: 0,4 ms]
      [Ref Enq: 0,0 ms]
      [Redirty Cards: 0,4 ms]
      [Humongous Register: 0,1 ms]
      [Humongous Reclaim: 0,0 ms]
      [Free CSet: 1,0 ms]
   [Eden: 492,0M(408,0M)->0,0B(1902,0M) Survivors: 12,0M->18,0M Heap: 620,0M(3200,0M)->134,0M(3200,0M)]
 [Times: user=0,06 sys=0,02, real=0,03 secs] 
2016-04-07T00:25:49.627+0200: 215,660: [GC pause (G1 Evacuation Pause) (young), 0,0551182 secs]
   [Parallel Time: 50,8 ms, GC Workers: 4]
      [GC Worker Start (ms): Min: 215661,0, Avg: 215662,2, Max: 215662,7, Diff: 1,7]
      [Ext Root Scanning (ms): Min: 0,3, Avg: 2,0, Max: 6,9, Diff: 6,6, Sum: 8,0]
      [Update RS (ms): Min: 0,0, Avg: 5,3, Max: 10,6, Diff: 10,6, Sum: 21,0]
         [Processed Buffers: Min: 0, Avg: 20,5, Max: 38, Diff: 38, Sum: 82]
      [Scan RS (ms): Min: 6,1, Avg: 8,3, Max: 10,4, Diff: 4,3, Sum: 33,1]
      [Code Root Scanning (ms): Min: 1,0, Avg: 1,9, Max: 3,3, Diff: 2,2, Sum: 7,5]
      [Object Copy (ms): Min: 25,8, Avg: 31,1, Max: 33,2, Diff: 7,4, Sum: 124,5]
      [Termination (ms): Min: 0,0, Avg: 0,0, Max: 0,0, Diff: 0,0, Sum: 0,0]
         [Termination Attempts: Min: 1, Avg: 1,0, Max: 1, Diff: 0, Sum: 4]
      [GC Worker Other (ms): Min: 0,0, Avg: 0,3, Max: 1,1, Diff: 1,0, Sum: 1,3]
      [GC Worker Total (ms): Min: 48,4, Avg: 48,9, Max: 50,1, Diff: 1,7, Sum: 195,4]
      [GC Worker End (ms): Min: 215711,0, Avg: 215711,1, Max: 215711,1, Diff: 0,1]
   [Code Root Fixup: 0,1 ms]
   [Code Root Purge: 0,0 ms]
   [Clear CT: 0,3 ms]
   [Other: 3,9 ms]
      [Choose CSet: 0,0 ms]
      [Ref Proc: 0,5 ms]
      [Ref Enq: 0,0 ms]
      [Redirty Cards: 0,3 ms]
      [Humongous Register: 0,0 ms]
      [Humongous Reclaim: 0,0 ms]
      [Free CSet: 2,1 ms]
   [Eden: 819,0M(471,0M)->0,0B(1894,0M) Survivors: 18,0M->26,0M Heap: 953,0M(3200,0M)->142,0M(3200,0M)]
 [Times: user=0,15 sys=0,01, real=0,06 secs] 
2016-04-07T00:26:00.228+0200: 226,260: [GC pause (G1 Evacuation Pause) (young), 0,0820929 secs]
   [Parallel Time: 76,4 ms, GC Workers: 4]
      [GC Worker Start (ms): Min: 226262,5, Avg: 226262,7, Max: 226263,3, Diff: 0,8]
      [Ext Root Scanning (ms): Min: 0,3, Avg: 0,8, Max: 1,4, Diff: 1,1, Sum: 3,3]
      [Update RS (ms): Min: 7,0, Avg: 7,1, Max: 7,2, Diff: 0,2, Sum: 28,4]
         [Processed Buffers: Min: 10, Avg: 20,8, Max: 38, Diff: 28, Sum: 83]
      [Scan RS (ms): Min: 5,7, Avg: 7,5, Max: 8,7, Diff: 3,0, Sum: 30,0]
      [Code Root Scanning (ms): Min: 2,9, Avg: 4,0, Max: 5,7, Diff: 2,8, Sum: 15,9]
      [Object Copy (ms): Min: 55,3, Avg: 55,6, Max: 56,3, Diff: 1,0, Sum: 222,4]
      [Termination (ms): Min: 0,1, Avg: 0,1, Max: 0,1, Diff: 0,0, Sum: 0,3]
         [Termination Attempts: Min: 1, Avg: 1,0, Max: 1, Diff: 0, Sum: 4]
      [GC Worker Other (ms): Min: 0,1, Avg: 0,2, Max: 0,5, Diff: 0,4, Sum: 0,8]
      [GC Worker Total (ms): Min: 74,8, Avg: 75,3, Max: 75,5, Diff: 0,8, Sum: 301,1]
      [GC Worker End (ms): Min: 226337,9, Avg: 226338,0, Max: 226338,1, Diff: 0,2]
   [Code Root Fixup: 0,1 ms]
   [Code Root Purge: 0,0 ms]
   [Clear CT: 0,4 ms]
   [Other: 5,2 ms]
      [Choose CSet: 0,0 ms]
      [Ref Proc: 0,5 ms]
      [Ref Enq: 0,0 ms]
      [Redirty Cards: 0,3 ms]
      [Humongous Register: 0,1 ms]
      [Humongous Reclaim: 0,0 ms]
      [Free CSet: 2,0 ms]
   [Eden: 1156,0M(981,0M)->0,0B(1882,0M) Survivors: 26,0M->38,0M Heap: 1298,0M(3200,0M)->154,0M(3200,0M)]
 [Times: user=0,25 sys=0,03, real=0,09 secs] 
2016-04-07T00:26:14.429+0200: 240,462: [GC pause (G1 Evacuation Pause) (young), 0,2618083 secs]
   [Parallel Time: 256,3 ms, GC Workers: 4]
      [GC Worker Start (ms): Min: 240462,8, Avg: 240462,9, Max: 240462,9, Diff: 0,1]
      [Ext Root Scanning (ms): Min: 0,6, Avg: 0,8, Max: 1,1, Diff: 0,5, Sum: 3,3]
      [Update RS (ms): Min: 2,8, Avg: 3,1, Max: 3,3, Diff: 0,5, Sum: 12,4]
         [Processed Buffers: Min: 8, Avg: 20,8, Max: 33, Diff: 25, Sum: 83]
      [Scan RS (ms): Min: 6,2, Avg: 7,1, Max: 7,9, Diff: 1,7, Sum: 28,3]
      [Code Root Scanning (ms): Min: 3,4, Avg: 3,9, Max: 4,8, Diff: 1,3, Sum: 15,4]
      [Object Copy (ms): Min: 240,7, Avg: 240,8, Max: 241,2, Diff: 0,5, Sum: 963,3]
      [Termination (ms): Min: 0,0, Avg: 0,3, Max: 0,5, Diff: 0,5, Sum: 1,4]
         [Termination Attempts: Min: 1, Avg: 1,0, Max: 1, Diff: 0, Sum: 4]
      [GC Worker Other (ms): Min: 0,0, Avg: 0,2, Max: 0,3, Diff: 0,3, Sum: 0,7]
      [GC Worker Total (ms): Min: 256,1, Avg: 256,2, Max: 256,2, Diff: 0,1, Sum: 1024,7]
      [GC Worker End (ms): Min: 240719,1, Avg: 240719,1, Max: 240719,1, Diff: 0,0]
   [Code Root Fixup: 0,1 ms]
   [Code Root Purge: 0,0 ms]
   [Clear CT: 1,1 ms]
   [Other: 4,3 ms]
      [Choose CSet: 0,0 ms]
      [Ref Proc: 0,7 ms]
      [Ref Enq: 0,0 ms]
      [Redirty Cards: 0,2 ms]
      [Humongous Register: 0,2 ms]
      [Humongous Reclaim: 0,0 ms]
      [Free CSet: 2,0 ms]
   [Eden: 1544,0M(1544,0M)->0,0B(510,0M) Survivors: 38,0M->61,0M Heap: 1698,0M(3200,0M)->177,0M(3200,0M)]
 [Times: user=0,24 sys=0,60, real=0,27 secs] 
2016-04-07T00:26:18.997+0200: 245,029: [GC pause (G1 Evacuation Pause) (young), 0,2445479 secs]
   [Parallel Time: 240,6 ms, GC Workers: 4]
      [GC Worker Start (ms): Min: 245030,4, Avg: 245031,2, Max: 245031,8, Diff: 1,4]
      [Ext Root Scanning (ms): Min: 0,5, Avg: 2,7, Max: 7,9, Diff: 7,4, Sum: 10,8]
      [Update RS (ms): Min: 13,2, Avg: 16,2, Max: 21,8, Diff: 8,6, Sum: 64,9]
         [Processed Buffers: Min: 10, Avg: 22,0, Max: 35, Diff: 25, Sum: 88]
      [Scan RS (ms): Min: 4,9, Avg: 9,2, Max: 14,1, Diff: 9,3, Sum: 36,7]
      [Code Root Scanning (ms): Min: 1,4, Avg: 4,8, Max: 12,4, Diff: 11,0, Sum: 19,1]
      [Object Copy (ms): Min: 204,1, Avg: 206,4, Max: 207,4, Diff: 3,2, Sum: 825,7]
      [Termination (ms): Min: 0,0, Avg: 0,0, Max: 0,0, Diff: 0,0, Sum: 0,1]
         [Termination Attempts: Min: 1, Avg: 1,0, Max: 1, Diff: 0, Sum: 4]
      [GC Worker Other (ms): Min: 0,0, Avg: 0,1, Max: 0,1, Diff: 0,0, Sum: 0,2]
      [GC Worker Total (ms): Min: 238,8, Avg: 239,4, Max: 240,2, Diff: 1,4, Sum: 957,7]
      [GC Worker End (ms): Min: 245270,6, Avg: 245270,6, Max: 245270,6, Diff: 0,0]
   [Code Root Fixup: 0,1 ms]
   [Code Root Purge: 0,0 ms]
   [Clear CT: 0,3 ms]
   [Other: 3,7 ms]
      [Choose CSet: 0,0 ms]
      [Ref Proc: 0,5 ms]
      [Ref Enq: 0,0 ms]
      [Redirty Cards: 0,4 ms]
      [Humongous Register: 0,3 ms]
      [Humongous Reclaim: 0,0 ms]
      [Free CSet: 0,9 ms]
   [Eden: 510,0M(510,0M)->0,0B(724,0M) Survivors: 61,0M->36,0M Heap: 687,0M(3200,0M)->182,5M(3200,0M)]
 [Times: user=0,47 sys=0,11, real=0,25 secs] 
2016-04-07T00:26:25.301+0200: 251,334: [GC pause (G1 Evacuation Pause) (young), 0,0678292 secs]
   [Parallel Time: 60,2 ms, GC Workers: 4]
      [GC Worker Start (ms): Min: 251334,5, Avg: 251335,6, Max: 251336,7, Diff: 2,2]
      [Ext Root Scanning (ms): Min: 0,3, Avg: 1,2, Max: 2,7, Diff: 2,4, Sum: 4,8]
      [Update RS (ms): Min: 3,9, Avg: 4,1, Max: 4,2, Diff: 0,3, Sum: 16,4]
         [Processed Buffers: Min: 16, Avg: 22,2, Max: 33, Diff: 17, Sum: 89]
      [Scan RS (ms): Min: 3,2, Avg: 6,9, Max: 13,9, Diff: 10,7, Sum: 27,5]
      [Code Root Scanning (ms): Min: 0,1, Avg: 1,5, Max: 3,1, Diff: 3,0, Sum: 5,8]
      [Object Copy (ms): Min: 39,1, Avg: 43,5, Max: 45,8, Diff: 6,6, Sum: 174,2]
      [Termination (ms): Min: 0,0, Avg: 1,5, Max: 2,0, Diff: 2,0, Sum: 6,1]
         [Termination Attempts: Min: 1, Avg: 1,0, Max: 1, Diff: 0, Sum: 4]
      [GC Worker Other (ms): Min: 0,1, Avg: 0,1, Max: 0,1, Diff: 0,1, Sum: 0,4]
      [GC Worker Total (ms): Min: 57,7, Avg: 58,8, Max: 59,9, Diff: 2,2, Sum: 235,2]
      [GC Worker End (ms): Min: 251394,4, Avg: 251394,4, Max: 251394,4, Diff: 0,0]
   [Code Root Fixup: 0,1 ms]
   [Code Root Purge: 0,0 ms]
   [Clear CT: 0,5 ms]
   [Other: 7,0 ms]
      [Choose CSet: 0,0 ms]
      [Ref Proc: 4,6 ms]
      [Ref Enq: 0,0 ms]
      [Redirty Cards: 0,3 ms]
      [Humongous Register: 0,1 ms]
      [Humongous Reclaim: 0,0 ms]
      [Free CSet: 1,0 ms]
   [Eden: 724,0M(724,0M)->0,0B(1165,0M) Survivors: 36,0M->42,0M Heap: 906,5M(3200,0M)->189,0M(3200,0M)]
 [Times: user=0,18 sys=0,00, real=0,06 secs] 
2016-04-07T00:26:35.630+0200: 261,662: [GC pause (G1 Evacuation Pause) (young), 0,0843242 secs]
   [Parallel Time: 81,2 ms, GC Workers: 4]
      [GC Worker Start (ms): Min: 261662,7, Avg: 261665,2, Max: 261668,3, Diff: 5,6]
      [Ext Root Scanning (ms): Min: 0,0, Avg: 0,7, Max: 1,6, Diff: 1,6, Sum: 2,8]
      [Update RS (ms): Min: 6,3, Avg: 12,2, Max: 19,5, Diff: 13,1, Sum: 48,8]
         [Processed Buffers: Min: 5, Avg: 23,2, Max: 64, Diff: 59, Sum: 93]
      [Scan RS (ms): Min: 0,3, Avg: 3,5, Max: 5,4, Diff: 5,1, Sum: 13,9]
      [Code Root Scanning (ms): Min: 0,0, Avg: 1,0, Max: 1,9, Diff: 1,9, Sum: 4,1]
      [Object Copy (ms): Min: 56,1, Avg: 60,7, Max: 62,7, Diff: 6,6, Sum: 242,7]
      [Termination (ms): Min: 0,4, Avg: 0,4, Max: 0,4, Diff: 0,0, Sum: 1,5]
         [Termination Attempts: Min: 1, Avg: 2,8, Max: 5, Diff: 4, Sum: 11]
      [GC Worker Other (ms): Min: 0,1, Avg: 0,2, Max: 0,5, Diff: 0,4, Sum: 0,7]
      [GC Worker Total (ms): Min: 75,5, Avg: 78,6, Max: 81,2, Diff: 5,6, Sum: 314,5]
      [GC Worker End (ms): Min: 261743,8, Avg: 261743,9, Max: 261743,9, Diff: 0,0]
   [Code Root Fixup: 0,1 ms]
   [Code Root Purge: 0,0 ms]
   [Clear CT: 0,5 ms]
   [Other: 2,5 ms]
      [Choose CSet: 0,0 ms]
      [Ref Proc: 0,4 ms]
      [Ref Enq: 0,0 ms]
      [Redirty Cards: 0,3 ms]
      [Humongous Register: 0,0 ms]
      [Humongous Reclaim: 0,0 ms]
      [Free CSet: 1,1 ms]
   [Eden: 1165,0M(1165,0M)->0,0B(1230,0M) Survivors: 42,0M->53,0M Heap: 1354,0M(3200,0M)->200,0M(3200,0M)]
 [Times: user=0,21 sys=0,03, real=0,09 secs] 
2016-04-07T00:26:46.433+0200: 272,466: [GC pause (G1 Evacuation Pause) (young), 0,0752722 secs]
   [Parallel Time: 71,9 ms, GC Workers: 4]
      [GC Worker Start (ms): Min: 272467,3, Avg: 272467,9, Max: 272468,7, Diff: 1,4]
      [Ext Root Scanning (ms): Min: 0,0, Avg: 1,5, Max: 4,1, Diff: 4,0, Sum: 5,9]
      [Update RS (ms): Min: 7,3, Avg: 7,6, Max: 8,0, Diff: 0,7, Sum: 30,5]
         [Processed Buffers: Min: 5, Avg: 24,0, Max: 52, Diff: 47, Sum: 96]
      [Scan RS (ms): Min: 0,2, Avg: 2,7, Max: 5,6, Diff: 5,4, Sum: 11,0]
      [Code Root Scanning (ms): Min: 0,0, Avg: 0,5, Max: 0,9, Diff: 0,9, Sum: 2,0]
      [Object Copy (ms): Min: 56,4, Avg: 58,6, Max: 59,6, Diff: 3,2, Sum: 234,6]
      [Termination (ms): Min: 0,0, Avg: 0,0, Max: 0,0, Diff: 0,0, Sum: 0,0]
         [Termination Attempts: Min: 1, Avg: 1,2, Max: 2, Diff: 1, Sum: 5]
      [GC Worker Other (ms): Min: 0,1, Avg: 0,1, Max: 0,2, Diff: 0,1, Sum: 0,4]
      [GC Worker Total (ms): Min: 70,3, Avg: 71,1, Max: 71,7, Diff: 1,4, Sum: 284,4]
      [GC Worker End (ms): Min: 272538,9, Avg: 272539,0, Max: 272539,1, Diff: 0,1]
   [Code Root Fixup: 0,0 ms]
   [Code Root Purge: 0,0 ms]
   [Clear CT: 0,4 ms]
   [Other: 2,9 ms]
      [Choose CSet: 0,0 ms]
      [Ref Proc: 0,3 ms]
      [Ref Enq: 0,0 ms]
      [Redirty Cards: 0,3 ms]
      [Humongous Register: 0,2 ms]
      [Humongous Reclaim: 0,0 ms]
      [Free CSet: 0,7 ms]
   [Eden: 1230,0M(1230,0M)->0,0B(1426,0M) Survivors: 53,0M->66,0M Heap: 1430,0M(3200,0M)->213,0M(3200,0M)]
 [Times: user=0,24 sys=0,01, real=0,07 secs] 
2016-04-07T00:26:58.897+0200: 284,929: [GC pause (G1 Evacuation Pause) (young), 0,0850450 secs]
   [Parallel Time: 80,7 ms, GC Workers: 4]
      [GC Worker Start (ms): Min: 284929,8, Avg: 284929,8, Max: 284929,9, Diff: 0,2]
      [Ext Root Scanning (ms): Min: 0,6, Avg: 0,8, Max: 1,0, Diff: 0,4, Sum: 3,0]
      [Update RS (ms): Min: 5,2, Avg: 5,7, Max: 6,2, Diff: 1,0, Sum: 22,8]
         [Processed Buffers: Min: 12, Avg: 23,8, Max: 41, Diff: 29, Sum: 95]
      [Scan RS (ms): Min: 1,6, Avg: 2,3, Max: 3,3, Diff: 1,7, Sum: 9,3]
      [Code Root Scanning (ms): Min: 0,5, Avg: 1,1, Max: 1,4, Diff: 0,9, Sum: 4,2]
      [Object Copy (ms): Min: 70,2, Avg: 70,2, Max: 70,3, Diff: 0,2, Sum: 281,0]
      [Termination (ms): Min: 0,0, Avg: 0,0, Max: 0,0, Diff: 0,0, Sum: 0,0]
         [Termination Attempts: Min: 1, Avg: 1,0, Max: 1, Diff: 0, Sum: 4]
      [GC Worker Other (ms): Min: 0,0, Avg: 0,1, Max: 0,2, Diff: 0,2, Sum: 0,4]
      [GC Worker Total (ms): Min: 80,0, Avg: 80,2, Max: 80,3, Diff: 0,2, Sum: 320,8]
      [GC Worker End (ms): Min: 285009,9, Avg: 285010,0, Max: 285010,1, Diff: 0,2]
   [Code Root Fixup: 0,1 ms]
   [Code Root Purge: 0,0 ms]
   [Clear CT: 0,6 ms]
   [Other: 3,5 ms]
      [Choose CSet: 0,0 ms]
      [Ref Proc: 0,4 ms]
      [Ref Enq: 0,0 ms]
      [Redirty Cards: 0,7 ms]
      [Humongous Register: 0,2 ms]
      [Humongous Reclaim: 0,0 ms]
      [Free CSet: 1,6 ms]
   [Eden: 1426,0M(1426,0M)->0,0B(1732,0M) Survivors: 66,0M->80,0M Heap: 1639,0M(3200,0M)->227,0M(3200,0M)]
 [Times: user=0,26 sys=0,03, real=0,09 secs] 
2016-04-07T00:27:14.036+0200: 300,069: [GC pause (G1 Evacuation Pause) (young), 0,1707356 secs]
   [Parallel Time: 168,4 ms, GC Workers: 4]
      [GC Worker Start (ms): Min: 300069,3, Avg: 300069,5, Max: 300069,7, Diff: 0,5]
      [Ext Root Scanning (ms): Min: 0,3, Avg: 2,4, Max: 5,8, Diff: 5,5, Sum: 9,4]
      [Update RS (ms): Min: 3,3, Avg: 5,0, Max: 5,7, Diff: 2,3, Sum: 20,2]
         [Processed Buffers: Min: 16, Avg: 25,0, Max: 29, Diff: 13, Sum: 100]
      [Scan RS (ms): Min: 1,3, Avg: 1,4, Max: 1,5, Diff: 0,2, Sum: 5,6]
      [Code Root Scanning (ms): Min: 0,9, Avg: 1,0, Max: 1,1, Diff: 0,1, Sum: 4,0]
      [Object Copy (ms): Min: 153,8, Avg: 156,4, Max: 158,5, Diff: 4,7, Sum: 625,5]
      [Termination (ms): Min: 0,0, Avg: 1,1, Max: 3,0, Diff: 3,0, Sum: 4,4]
         [Termination Attempts: Min: 1, Avg: 1,0, Max: 1, Diff: 0, Sum: 4]
      [GC Worker Other (ms): Min: 0,1, Avg: 0,7, Max: 2,7, Diff: 2,6, Sum: 2,9]
      [GC Worker Total (ms): Min: 167,8, Avg: 168,0, Max: 168,3, Diff: 0,5, Sum: 672,1]
      [GC Worker End (ms): Min: 300237,5, Avg: 300237,5, Max: 300237,5, Diff: 0,0]
   [Code Root Fixup: 0,1 ms]
   [Code Root Purge: 0,0 ms]
   [Clear CT: 0,4 ms]
   [Other: 1,9 ms]
      [Choose CSet: 0,0 ms]
      [Ref Proc: 0,3 ms]
      [Ref Enq: 0,0 ms]
      [Redirty Cards: 0,3 ms]
      [Humongous Register: 0,2 ms]
      [Humongous Reclaim: 0,0 ms]
      [Free CSet: 0,7 ms]
   [Eden: 1732,0M(1732,0M)->0,0B(1228,0M) Survivors: 80,0M->99,0M Heap: 1959,0M(3200,0M)->246,0M(3200,0M)]
 [Times: user=0,32 sys=0,25, real=0,17 secs] 
