Java HotSpot(TM) 64-Bit Server VM (25.74-b02) for linux-amd64 JRE (1.8.0_74-b02), built on Jan 29 2016 19:20:56 by "java_re" with gcc 4.3.0 20080428 (Red Hat 4.3.0-8)
Memory: 4k page, physical 11061068k(4342152k free), swap 8385532k(8385532k free)
CommandLine flags: -XX:-HeapDumpOnOutOfMemoryError -XX:InitialHeapSize=3355443200 -XX:MaxHeapSize=3355443200 -XX:+PreserveFramePointer -XX:+PrintGC -XX:+PrintGCDateStamps -XX:+PrintGCDetails -XX:+PrintGCTimeStamps -XX:+UseCompressedClassPointers -XX:+UseCompressedOops -XX:+UseG1GC 
2016-04-06T23:50:54.428+0200: 1,944: [GC pause (Metadata GC Threshold) (young) (initial-mark), 0,0244206 secs]
   [Parallel Time: 11,2 ms, GC Workers: 4]
      [GC Worker Start (ms): Min: 1944,3, Avg: 1946,6, Max: 1947,5, Diff: 3,1]
      [Ext Root Scanning (ms): Min: 0,1, Avg: 2,8, Max: 6,3, Diff: 6,2, Sum: 11,0]
      [Update RS (ms): Min: 0,0, Avg: 0,0, Max: 0,0, Diff: 0,0, Sum: 0,0]
         [Processed Buffers: Min: 0, Avg: 0,0, Max: 0, Diff: 0, Sum: 0]
      [Scan RS (ms): Min: 0,0, Avg: 0,1, Max: 0,2, Diff: 0,2, Sum: 0,3]
      [Code Root Scanning (ms): Min: 0,0, Avg: 0,5, Max: 1,3, Diff: 1,3, Sum: 2,1]
      [Object Copy (ms): Min: 3,5, Avg: 5,3, Max: 6,8, Diff: 3,4, Sum: 21,4]
      [Termination (ms): Min: 0,0, Avg: 0,1, Max: 0,2, Diff: 0,2, Sum: 0,5]
         [Termination Attempts: Min: 1, Avg: 13,2, Max: 19, Diff: 18, Sum: 53]
      [GC Worker Other (ms): Min: 0,0, Avg: 0,0, Max: 0,1, Diff: 0,0, Sum: 0,1]
      [GC Worker Total (ms): Min: 8,1, Avg: 8,9, Max: 11,2, Diff: 3,1, Sum: 35,6]
      [GC Worker End (ms): Min: 1955,5, Avg: 1955,5, Max: 1955,6, Diff: 0,0]
   [Code Root Fixup: 0,6 ms]
   [Code Root Purge: 0,0 ms]
   [Clear CT: 0,7 ms]
   [Other: 11,9 ms]
      [Choose CSet: 0,0 ms]
      [Ref Proc: 9,8 ms]
      [Ref Enq: 0,1 ms]
      [Redirty Cards: 1,1 ms]
      [Humongous Register: 0,1 ms]
      [Humongous Reclaim: 0,0 ms]
      [Free CSet: 0,1 ms]
   [Eden: 114,0M(160,0M)->0,0B(144,0M) Survivors: 0,0B->16,0M Heap: 113,5M(3200,0M)->15,1M(3200,0M)]
 [Times: user=0,03 sys=0,01, real=0,02 secs] 
2016-04-06T23:50:54.453+0200: 1,969: [GC concurrent-root-region-scan-start]
2016-04-06T23:50:54.471+0200: 1,987: [GC concurrent-root-region-scan-end, 0,0179175 secs]
2016-04-06T23:50:54.471+0200: 1,987: [GC concurrent-mark-start]
2016-04-06T23:50:54.472+0200: 1,988: [GC concurrent-mark-end, 0,0010625 secs]
2016-04-06T23:50:54.474+0200: 1,990: [GC remark 2016-04-06T23:50:54.474+0200: 1,990: [Finalize Marking, 0,0020680 secs] 2016-04-06T23:50:54.476+0200: 1,992: [GC ref-proc, 0,0000942 secs] 2016-04-06T23:50:54.476+0200: 1,992: [Unloading, 0,0037660 secs], 0,0079284 secs]
 [Times: user=0,00 sys=0,01, real=0,01 secs] 
2016-04-06T23:50:54.484+0200: 2,000: [GC cleanup 16M->16M(3200M), 0,0184502 secs]
 [Times: user=0,04 sys=0,01, real=0,02 secs] 
2016-04-06T23:50:57.215+0200: 4,731: [GC pause (Metadata GC Threshold) (young) (initial-mark), 0,0353472 secs]
   [Parallel Time: 21,5 ms, GC Workers: 4]
      [GC Worker Start (ms): Min: 4731,0, Avg: 4732,3, Max: 4734,3, Diff: 3,3]
      [Ext Root Scanning (ms): Min: 1,5, Avg: 2,6, Max: 3,6, Diff: 2,1, Sum: 10,4]
      [Update RS (ms): Min: 0,0, Avg: 0,0, Max: 0,0, Diff: 0,0, Sum: 0,0]
         [Processed Buffers: Min: 0, Avg: 0,0, Max: 0, Diff: 0, Sum: 0]
      [Scan RS (ms): Min: 0,0, Avg: 0,1, Max: 0,2, Diff: 0,2, Sum: 0,3]
      [Code Root Scanning (ms): Min: 0,0, Avg: 2,8, Max: 11,2, Diff: 11,2, Sum: 11,3]
      [Object Copy (ms): Min: 4,4, Avg: 12,4, Max: 15,6, Diff: 11,1, Sum: 49,7]
      [Termination (ms): Min: 0,0, Avg: 0,6, Max: 2,1, Diff: 2,1, Sum: 2,5]
         [Termination Attempts: Min: 1, Avg: 1,2, Max: 2, Diff: 1, Sum: 5]
      [GC Worker Other (ms): Min: 0,0, Avg: 0,0, Max: 0,0, Diff: 0,0, Sum: 0,1]
      [GC Worker Total (ms): Min: 16,0, Avg: 18,6, Max: 21,3, Diff: 5,3, Sum: 74,2]
      [GC Worker End (ms): Min: 4750,3, Avg: 4750,8, Max: 4752,3, Diff: 2,0]
   [Code Root Fixup: 0,6 ms]
   [Code Root Purge: 0,0 ms]
   [Clear CT: 0,1 ms]
   [Other: 13,1 ms]
      [Choose CSet: 0,0 ms]
      [Ref Proc: 12,2 ms]
      [Ref Enq: 0,0 ms]
      [Redirty Cards: 0,1 ms]
      [Humongous Register: 0,1 ms]
      [Humongous Reclaim: 0,0 ms]
      [Free CSet: 0,1 ms]
   [Eden: 89,0M(144,0M)->0,0B(140,0M) Survivors: 16,0M->20,0M Heap: 103,6M(3200,0M)->20,0M(3200,0M)]
 [Times: user=0,09 sys=0,01, real=0,04 secs] 
2016-04-06T23:50:57.250+0200: 4,766: [GC concurrent-root-region-scan-start]
2016-04-06T23:50:57.268+0200: 4,784: [GC concurrent-root-region-scan-end, 0,0181915 secs]
2016-04-06T23:50:57.268+0200: 4,784: [GC concurrent-mark-start]
2016-04-06T23:50:57.273+0200: 4,788: [GC concurrent-mark-end, 0,0040679 secs]
2016-04-06T23:50:57.273+0200: 4,789: [GC remark 2016-04-06T23:50:57.273+0200: 4,789: [Finalize Marking, 0,0007723 secs] 2016-04-06T23:50:57.274+0200: 4,790: [GC ref-proc, 0,0000907 secs] 2016-04-06T23:50:57.274+0200: 4,790: [Unloading, 0,0105877 secs], 0,0123231 secs]
 [Times: user=0,03 sys=0,00, real=0,01 secs] 
2016-04-06T23:50:57.292+0200: 4,808: [GC cleanup 20M->20M(3200M), 0,0129775 secs]
 [Times: user=0,03 sys=0,01, real=0,01 secs] 
2016-04-06T23:51:26.469+0200: 33,985: [GC pause (G1 Evacuation Pause) (young), 0,0412072 secs]
   [Parallel Time: 31,0 ms, GC Workers: 4]
      [GC Worker Start (ms): Min: 33986,0, Avg: 33987,7, Max: 33990,0, Diff: 3,9]
      [Ext Root Scanning (ms): Min: 0,1, Avg: 5,2, Max: 17,6, Diff: 17,5, Sum: 20,9]
      [Update RS (ms): Min: 0,0, Avg: 0,0, Max: 0,0, Diff: 0,0, Sum: 0,0]
         [Processed Buffers: Min: 0, Avg: 0,0, Max: 0, Diff: 0, Sum: 0]
      [Scan RS (ms): Min: 0,0, Avg: 0,3, Max: 0,6, Diff: 0,5, Sum: 1,0]
      [Code Root Scanning (ms): Min: 0,0, Avg: 3,1, Max: 9,2, Diff: 9,2, Sum: 12,2]
      [Object Copy (ms): Min: 7,0, Avg: 14,5, Max: 19,9, Diff: 12,9, Sum: 57,8]
      [Termination (ms): Min: 0,0, Avg: 1,6, Max: 5,3, Diff: 5,3, Sum: 6,5]
         [Termination Attempts: Min: 1, Avg: 9,8, Max: 17, Diff: 16, Sum: 39]
      [GC Worker Other (ms): Min: 0,0, Avg: 0,0, Max: 0,1, Diff: 0,0, Sum: 0,2]
      [GC Worker Total (ms): Min: 21,2, Avg: 24,7, Max: 29,9, Diff: 8,7, Sum: 98,7]
      [GC Worker End (ms): Min: 34011,2, Avg: 34012,4, Max: 34016,0, Diff: 4,8]
   [Code Root Fixup: 1,0 ms]
   [Code Root Purge: 0,0 ms]
   [Clear CT: 0,9 ms]
   [Other: 8,3 ms]
      [Choose CSet: 0,0 ms]
      [Ref Proc: 5,9 ms]
      [Ref Enq: 0,0 ms]
      [Redirty Cards: 1,4 ms]
      [Humongous Register: 0,1 ms]
      [Humongous Reclaim: 0,0 ms]
      [Free CSet: 0,3 ms]
   [Eden: 140,0M(140,0M)->0,0B(148,0M) Survivors: 20,0M->20,0M Heap: 160,0M(3200,0M)->23,0M(3200,0M)]
 [Times: user=0,06 sys=0,02, real=0,04 secs] 
2016-04-06T23:51:40.400+0200: 47,916: [GC pause (G1 Evacuation Pause) (young), 0,0320199 secs]
   [Parallel Time: 25,0 ms, GC Workers: 4]
      [GC Worker Start (ms): Min: 47916,0, Avg: 47917,5, Max: 47921,4, Diff: 5,4]
      [Ext Root Scanning (ms): Min: 0,1, Avg: 2,7, Max: 8,1, Diff: 8,0, Sum: 10,6]
      [Update RS (ms): Min: 0,0, Avg: 0,1, Max: 0,5, Diff: 0,5, Sum: 0,5]
         [Processed Buffers: Min: 0, Avg: 1,0, Max: 4, Diff: 4, Sum: 4]
      [Scan RS (ms): Min: 0,0, Avg: 0,7, Max: 1,7, Diff: 1,7, Sum: 2,8]
      [Code Root Scanning (ms): Min: 0,0, Avg: 3,7, Max: 7,6, Diff: 7,6, Sum: 14,6]
      [Object Copy (ms): Min: 11,7, Avg: 16,0, Max: 18,7, Diff: 7,0, Sum: 64,1]
      [Termination (ms): Min: 0,0, Avg: 0,1, Max: 0,1, Diff: 0,1, Sum: 0,3]
         [Termination Attempts: Min: 1, Avg: 1,0, Max: 1, Diff: 0, Sum: 4]
      [GC Worker Other (ms): Min: 0,0, Avg: 0,2, Max: 0,9, Diff: 0,8, Sum: 0,9]
      [GC Worker Total (ms): Min: 19,5, Avg: 23,5, Max: 25,0, Diff: 5,4, Sum: 94,0]
      [GC Worker End (ms): Min: 47940,9, Avg: 47941,0, Max: 47941,0, Diff: 0,0]
   [Code Root Fixup: 2,5 ms]
   [Code Root Purge: 0,1 ms]
   [Clear CT: 0,2 ms]
   [Other: 4,2 ms]
      [Choose CSet: 0,0 ms]
      [Ref Proc: 1,1 ms]
      [Ref Enq: 0,0 ms]
      [Redirty Cards: 1,7 ms]
      [Humongous Register: 0,1 ms]
      [Humongous Reclaim: 0,0 ms]
      [Free CSet: 0,5 ms]
   [Eden: 148,0M(148,0M)->0,0B(216,0M) Survivors: 20,0M->15,0M Heap: 171,0M(3200,0M)->23,1M(3200,0M)]
 [Times: user=0,05 sys=0,03, real=0,04 secs] 
2016-04-06T23:51:47.954+0200: 55,470: [GC pause (G1 Evacuation Pause) (young), 0,0356495 secs]
   [Parallel Time: 32,6 ms, GC Workers: 4]
      [GC Worker Start (ms): Min: 55470,3, Avg: 55474,4, Max: 55481,6, Diff: 11,3]
      [Ext Root Scanning (ms): Min: 0,1, Avg: 0,9, Max: 2,1, Diff: 2,0, Sum: 3,7]
      [Update RS (ms): Min: 0,0, Avg: 0,2, Max: 0,4, Diff: 0,4, Sum: 0,6]
         [Processed Buffers: Min: 0, Avg: 4,0, Max: 14, Diff: 14, Sum: 16]
      [Scan RS (ms): Min: 0,0, Avg: 5,1, Max: 17,9, Diff: 17,9, Sum: 20,4]
      [Code Root Scanning (ms): Min: 0,0, Avg: 1,5, Max: 2,5, Diff: 2,5, Sum: 5,8]
      [Object Copy (ms): Min: 6,1, Avg: 15,4, Max: 19,9, Diff: 13,8, Sum: 61,7]
      [Termination (ms): Min: 0,6, Avg: 0,8, Max: 1,3, Diff: 0,7, Sum: 3,3]
         [Termination Attempts: Min: 1, Avg: 2,5, Max: 7, Diff: 6, Sum: 10]
      [GC Worker Other (ms): Min: 0,0, Avg: 1,2, Max: 4,6, Diff: 4,5, Sum: 4,9]
      [GC Worker Total (ms): Min: 17,4, Avg: 25,1, Max: 31,0, Diff: 13,6, Sum: 100,5]
      [GC Worker End (ms): Min: 55498,9, Avg: 55499,5, Max: 55501,2, Diff: 2,3]
   [Code Root Fixup: 0,9 ms]
   [Code Root Purge: 0,0 ms]
   [Clear CT: 0,2 ms]
   [Other: 2,0 ms]
      [Choose CSet: 0,0 ms]
      [Ref Proc: 0,8 ms]
      [Ref Enq: 0,0 ms]
      [Redirty Cards: 0,3 ms]
      [Humongous Register: 0,1 ms]
      [Humongous Reclaim: 0,0 ms]
      [Free CSet: 0,2 ms]
   [Eden: 145,0M(145,0M)->0,0B(317,0M) Survivors: 15,0M->12,0M Heap: 168,1M(3200,0M)->25,0M(3200,0M)]
 [Times: user=0,03 sys=0,02, real=0,04 secs] 
2016-04-06T23:51:56.241+0200: 63,757: [GC pause (G1 Evacuation Pause) (young), 0,0703824 secs]
   [Parallel Time: 59,1 ms, GC Workers: 4]
      [GC Worker Start (ms): Min: 63759,9, Avg: 63763,2, Max: 63768,0, Diff: 8,1]
      [Ext Root Scanning (ms): Min: 0,1, Avg: 3,9, Max: 13,2, Diff: 13,2, Sum: 15,5]
      [Update RS (ms): Min: 0,0, Avg: 7,3, Max: 28,8, Diff: 28,8, Sum: 29,1]
         [Processed Buffers: Min: 0, Avg: 10,2, Max: 39, Diff: 39, Sum: 41]
      [Scan RS (ms): Min: 0,0, Avg: 0,5, Max: 1,4, Diff: 1,4, Sum: 2,2]
      [Code Root Scanning (ms): Min: 0,0, Avg: 2,8, Max: 9,5, Diff: 9,5, Sum: 11,2]
      [Object Copy (ms): Min: 11,0, Avg: 27,8, Max: 39,3, Diff: 28,3, Sum: 111,0]
      [Termination (ms): Min: 0,0, Avg: 9,9, Max: 13,6, Diff: 13,6, Sum: 39,8]
         [Termination Attempts: Min: 1, Avg: 1,0, Max: 1, Diff: 0, Sum: 4]
      [GC Worker Other (ms): Min: 0,0, Avg: 0,1, Max: 0,2, Diff: 0,1, Sum: 0,3]
      [GC Worker Total (ms): Min: 47,8, Avg: 52,3, Max: 55,4, Diff: 7,7, Sum: 209,1]
      [GC Worker End (ms): Min: 63815,3, Avg: 63815,5, Max: 63815,8, Diff: 0,5]
   [Code Root Fixup: 0,8 ms]
   [Code Root Purge: 0,0 ms]
   [Clear CT: 0,2 ms]
   [Other: 10,2 ms]
      [Choose CSet: 0,0 ms]
      [Ref Proc: 9,3 ms]
      [Ref Enq: 0,0 ms]
      [Redirty Cards: 0,1 ms]
      [Humongous Register: 0,1 ms]
      [Humongous Reclaim: 0,0 ms]
      [Free CSet: 0,2 ms]
   [Eden: 223,0M(223,0M)->0,0B(394,0M) Survivors: 12,0M->17,0M Heap: 248,0M(3200,0M)->30,0M(3200,0M)]
 [Times: user=0,06 sys=0,03, real=0,07 secs] 
2016-04-06T23:52:07.771+0200: 75,287: [GC pause (G1 Evacuation Pause) (young), 0,0509783 secs]
   [Parallel Time: 44,9 ms, GC Workers: 4]
      [GC Worker Start (ms): Min: 75288,2, Avg: 75294,5, Max: 75305,6, Diff: 17,4]
      [Ext Root Scanning (ms): Min: 0,1, Avg: 4,0, Max: 12,3, Diff: 12,2, Sum: 15,9]
      [Update RS (ms): Min: 0,0, Avg: 0,6, Max: 2,2, Diff: 2,2, Sum: 2,3]
         [Processed Buffers: Min: 0, Avg: 9,8, Max: 22, Diff: 22, Sum: 39]
      [Scan RS (ms): Min: 0,1, Avg: 0,5, Max: 1,3, Diff: 1,3, Sum: 2,1]
      [Code Root Scanning (ms): Min: 0,0, Avg: 1,3, Max: 2,6, Diff: 2,6, Sum: 5,1]
      [Object Copy (ms): Min: 25,9, Avg: 30,9, Max: 33,8, Diff: 7,8, Sum: 123,6]
      [Termination (ms): Min: 0,0, Avg: 0,1, Max: 0,1, Diff: 0,1, Sum: 0,3]
         [Termination Attempts: Min: 1, Avg: 2,2, Max: 4, Diff: 3, Sum: 9]
      [GC Worker Other (ms): Min: 0,0, Avg: 0,1, Max: 0,3, Diff: 0,3, Sum: 0,6]
      [GC Worker Total (ms): Min: 26,4, Avg: 37,5, Max: 43,7, Diff: 17,4, Sum: 150,0]
      [GC Worker End (ms): Min: 75332,0, Avg: 75332,0, Max: 75332,0, Diff: 0,0]
   [Code Root Fixup: 1,6 ms]
   [Code Root Purge: 0,0 ms]
   [Clear CT: 1,0 ms]
   [Other: 3,4 ms]
      [Choose CSet: 0,0 ms]
      [Ref Proc: 1,1 ms]
      [Ref Enq: 0,0 ms]
      [Redirty Cards: 0,9 ms]
      [Humongous Register: 0,3 ms]
      [Humongous Reclaim: 0,0 ms]
      [Free CSet: 0,3 ms]
   [Eden: 394,0M(394,0M)->0,0B(704,0M) Survivors: 17,0M->22,0M Heap: 424,0M(3200,0M)->34,5M(3200,0M)]
 [Times: user=0,09 sys=0,01, real=0,05 secs] 
2016-04-06T23:52:23.211+0200: 90,727: [GC pause (G1 Evacuation Pause) (young), 0,0440653 secs]
   [Parallel Time: 40,2 ms, GC Workers: 4]
      [GC Worker Start (ms): Min: 90728,3, Avg: 90728,6, Max: 90728,9, Diff: 0,6]
      [Ext Root Scanning (ms): Min: 0,7, Avg: 1,9, Max: 5,1, Diff: 4,4, Sum: 7,6]
      [Update RS (ms): Min: 0,0, Avg: 0,7, Max: 1,1, Diff: 1,1, Sum: 2,8]
         [Processed Buffers: Min: 0, Avg: 10,0, Max: 20, Diff: 20, Sum: 40]
      [Scan RS (ms): Min: 0,1, Avg: 1,8, Max: 5,3, Diff: 5,2, Sum: 7,0]
      [Code Root Scanning (ms): Min: 0,0, Avg: 1,2, Max: 2,1, Diff: 2,1, Sum: 4,7]
      [Object Copy (ms): Min: 32,0, Avg: 33,1, Max: 33,5, Diff: 1,5, Sum: 132,3]
      [Termination (ms): Min: 0,0, Avg: 1,0, Max: 1,4, Diff: 1,4, Sum: 4,1]
         [Termination Attempts: Min: 1, Avg: 1,0, Max: 1, Diff: 0, Sum: 4]
      [GC Worker Other (ms): Min: 0,0, Avg: 0,1, Max: 0,2, Diff: 0,1, Sum: 0,3]
      [GC Worker Total (ms): Min: 39,4, Avg: 39,7, Max: 40,0, Diff: 0,6, Sum: 158,9]
      [GC Worker End (ms): Min: 90768,3, Avg: 90768,3, Max: 90768,3, Diff: 0,0]
   [Code Root Fixup: 0,8 ms]
   [Code Root Purge: 0,0 ms]
   [Clear CT: 0,4 ms]
   [Other: 2,8 ms]
      [Choose CSet: 0,0 ms]
      [Ref Proc: 0,6 ms]
      [Ref Enq: 0,0 ms]
      [Redirty Cards: 0,4 ms]
      [Humongous Register: 0,3 ms]
      [Humongous Reclaim: 0,0 ms]
      [Free CSet: 0,4 ms]
   [Eden: 704,0M(704,0M)->0,0B(1004,0M) Survivors: 22,0M->29,0M Heap: 738,5M(3200,0M)->42,0M(3200,0M)]
 [Times: user=0,10 sys=0,02, real=0,04 secs] 
2016-04-06T23:52:40.031+0200: 107,547: [GC pause (G1 Evacuation Pause) (young), 0,1175561 secs]
   [Parallel Time: 97,9 ms, GC Workers: 4]
      [GC Worker Start (ms): Min: 107548,1, Avg: 107548,9, Max: 107551,1, Diff: 3,0]
      [Ext Root Scanning (ms): Min: 0,1, Avg: 1,7, Max: 2,9, Diff: 2,8, Sum: 6,8]
      [Update RS (ms): Min: 0,0, Avg: 0,5, Max: 0,7, Diff: 0,6, Sum: 1,8]
         [Processed Buffers: Min: 0, Avg: 8,8, Max: 18, Diff: 18, Sum: 35]
      [Scan RS (ms): Min: 0,1, Avg: 0,9, Max: 1,4, Diff: 1,3, Sum: 3,5]
      [Code Root Scanning (ms): Min: 0,0, Avg: 1,5, Max: 2,5, Diff: 2,5, Sum: 5,9]
      [Object Copy (ms): Min: 79,9, Avg: 84,9, Max: 94,0, Diff: 14,1, Sum: 339,4]
      [Termination (ms): Min: 0,0, Avg: 2,4, Max: 4,4, Diff: 4,4, Sum: 9,6]
         [Termination Attempts: Min: 1, Avg: 1,0, Max: 1, Diff: 0, Sum: 4]
      [GC Worker Other (ms): Min: 0,1, Avg: 0,2, Max: 0,6, Diff: 0,5, Sum: 0,9]
      [GC Worker Total (ms): Min: 88,5, Avg: 92,0, Max: 96,5, Diff: 8,0, Sum: 368,0]
      [GC Worker End (ms): Min: 107639,6, Avg: 107640,9, Max: 107644,7, Diff: 5,1]
   [Code Root Fixup: 1,0 ms]
   [Code Root Purge: 0,0 ms]
   [Clear CT: 2,8 ms]
   [Other: 15,9 ms]
      [Choose CSet: 0,0 ms]
      [Ref Proc: 10,8 ms]
      [Ref Enq: 0,0 ms]
      [Redirty Cards: 3,5 ms]
      [Humongous Register: 0,1 ms]
      [Humongous Reclaim: 0,0 ms]
      [Free CSet: 0,6 ms]
   [Eden: 1004,0M(1004,0M)->0,0B(491,0M) Survivors: 29,0M->42,0M Heap: 1046,0M(3200,0M)->55,0M(3200,0M)]
 [Times: user=0,19 sys=0,09, real=0,12 secs] 
2016-04-06T23:52:47.037+0200: 114,553: [GC pause (G1 Evacuation Pause) (young), 0,1074383 secs]
   [Parallel Time: 103,3 ms, GC Workers: 4]
      [GC Worker Start (ms): Min: 114555,3, Avg: 114558,4, Max: 114559,9, Diff: 4,6]
      [Ext Root Scanning (ms): Min: 0,2, Avg: 5,7, Max: 18,6, Diff: 18,5, Sum: 23,0]
      [Update RS (ms): Min: 0,0, Avg: 0,4, Max: 1,5, Diff: 1,5, Sum: 1,6]
         [Processed Buffers: Min: 0, Avg: 9,0, Max: 36, Diff: 36, Sum: 36]
      [Scan RS (ms): Min: 0,1, Avg: 0,5, Max: 0,6, Diff: 0,6, Sum: 1,8]
      [Code Root Scanning (ms): Min: 0,0, Avg: 2,0, Max: 5,8, Diff: 5,8, Sum: 8,0]
      [Object Copy (ms): Min: 81,5, Avg: 85,3, Max: 90,4, Diff: 8,9, Sum: 341,3]
      [Termination (ms): Min: 0,0, Avg: 3,7, Max: 5,2, Diff: 5,2, Sum: 15,0]
         [Termination Attempts: Min: 1, Avg: 1,0, Max: 1, Diff: 0, Sum: 4]
      [GC Worker Other (ms): Min: 0,0, Avg: 0,1, Max: 0,1, Diff: 0,0, Sum: 0,2]
      [GC Worker Total (ms): Min: 96,5, Avg: 97,8, Max: 100,3, Diff: 3,8, Sum: 391,0]
      [GC Worker End (ms): Min: 114655,5, Avg: 114656,2, Max: 114656,7, Diff: 1,1]
   [Code Root Fixup: 0,9 ms]
   [Code Root Purge: 0,0 ms]
   [Clear CT: 0,9 ms]
   [Other: 2,3 ms]
      [Choose CSet: 0,0 ms]
      [Ref Proc: 0,6 ms]
      [Ref Enq: 0,0 ms]
      [Redirty Cards: 0,6 ms]
      [Humongous Register: 0,1 ms]
      [Humongous Reclaim: 0,0 ms]
      [Free CSet: 0,4 ms]
   [Eden: 491,0M(491,0M)->0,0B(785,0M) Survivors: 42,0M->41,0M Heap: 546,0M(3200,0M)->60,2M(3200,0M)]
 [Times: user=0,19 sys=0,03, real=0,11 secs] 
2016-04-06T23:52:53.274+0200: 120,790: [GC pause (G1 Evacuation Pause) (young), 0,0916983 secs]
   [Parallel Time: 86,7 ms, GC Workers: 4]
      [GC Worker Start (ms): Min: 120792,1, Avg: 120795,1, Max: 120797,7, Diff: 5,6]
      [Ext Root Scanning (ms): Min: 0,1, Avg: 3,4, Max: 7,3, Diff: 7,2, Sum: 13,8]
      [Update RS (ms): Min: 0,0, Avg: 3,9, Max: 10,4, Diff: 10,4, Sum: 15,8]
         [Processed Buffers: Min: 0, Avg: 18,8, Max: 42, Diff: 42, Sum: 75]
      [Scan RS (ms): Min: 0,1, Avg: 0,9, Max: 1,9, Diff: 1,8, Sum: 3,8]
      [Code Root Scanning (ms): Min: 0,0, Avg: 0,6, Max: 1,1, Diff: 1,1, Sum: 2,3]
      [Object Copy (ms): Min: 70,4, Avg: 74,5, Max: 76,1, Diff: 5,8, Sum: 298,0]
      [Termination (ms): Min: 0,0, Avg: 0,1, Max: 0,1, Diff: 0,1, Sum: 0,3]
         [Termination Attempts: Min: 1, Avg: 1,0, Max: 1, Diff: 0, Sum: 4]
      [GC Worker Other (ms): Min: 0,0, Avg: 0,0, Max: 0,1, Diff: 0,0, Sum: 0,2]
      [GC Worker Total (ms): Min: 80,9, Avg: 83,5, Max: 86,5, Diff: 5,6, Sum: 334,0]
      [GC Worker End (ms): Min: 120878,6, Avg: 120878,6, Max: 120878,7, Diff: 0,0]
   [Code Root Fixup: 0,4 ms]
   [Code Root Purge: 0,0 ms]
   [Clear CT: 0,3 ms]
   [Other: 4,3 ms]
      [Choose CSet: 0,0 ms]
      [Ref Proc: 0,8 ms]
      [Ref Enq: 0,0 ms]
      [Redirty Cards: 0,3 ms]
      [Humongous Register: 0,1 ms]
      [Humongous Reclaim: 0,0 ms]
      [Free CSet: 0,4 ms]
   [Eden: 435,0M(435,0M)->0,0B(986,0M) Survivors: 41,0M->40,0M Heap: 495,2M(3200,0M)->73,0M(3200,0M)]
 [Times: user=0,18 sys=0,03, real=0,09 secs] 
2016-04-06T23:52:57.745+0200: 125,261: [GC pause (G1 Evacuation Pause) (young), 0,2210916 secs]
   [Parallel Time: 206,9 ms, GC Workers: 4]
      [GC Worker Start (ms): Min: 125264,3, Avg: 125267,6, Max: 125272,0, Diff: 7,7]
      [Ext Root Scanning (ms): Min: 0,1, Avg: 0,8, Max: 2,2, Diff: 2,1, Sum: 3,1]
      [Update RS (ms): Min: 0,9, Avg: 7,0, Max: 13,3, Diff: 12,4, Sum: 27,9]
         [Processed Buffers: Min: 4, Avg: 20,2, Max: 52, Diff: 48, Sum: 81]
      [Scan RS (ms): Min: 0,1, Avg: 1,3, Max: 2,1, Diff: 2,0, Sum: 5,3]
      [Code Root Scanning (ms): Min: 0,0, Avg: 0,3, Max: 0,6, Diff: 0,6, Sum: 1,1]
      [Object Copy (ms): Min: 183,0, Avg: 186,5, Max: 188,7, Diff: 5,7, Sum: 745,8]
      [Termination (ms): Min: 0,0, Avg: 1,6, Max: 4,1, Diff: 4,1, Sum: 6,5]
         [Termination Attempts: Min: 1, Avg: 1,0, Max: 1, Diff: 0, Sum: 4]
      [GC Worker Other (ms): Min: 0,0, Avg: 0,1, Max: 0,1, Diff: 0,1, Sum: 0,3]
      [GC Worker Total (ms): Min: 193,1, Avg: 197,5, Max: 200,8, Diff: 7,7, Sum: 790,0]
      [GC Worker End (ms): Min: 125465,1, Avg: 125465,1, Max: 125465,1, Diff: 0,1]
   [Code Root Fixup: 0,1 ms]
   [Code Root Purge: 0,0 ms]
   [Clear CT: 10,7 ms]
   [Other: 3,4 ms]
      [Choose CSet: 0,0 ms]
      [Ref Proc: 1,5 ms]
      [Ref Enq: 0,0 ms]
      [Redirty Cards: 0,7 ms]
      [Humongous Register: 0,3 ms]
      [Humongous Reclaim: 0,0 ms]
      [Free CSet: 0,3 ms]
   [Eden: 376,0M(376,0M)->0,0B(925,0M) Survivors: 40,0M->24,0M Heap: 449,0M(3200,0M)->76,0M(3200,0M)]
 [Times: user=0,17 sys=0,01, real=0,22 secs] 
2016-04-06T23:53:04.855+0200: 132,370: [GC pause (G1 Evacuation Pause) (young), 0,0707201 secs]
   [Parallel Time: 67,2 ms, GC Workers: 4]
      [GC Worker Start (ms): Min: 132370,7, Avg: 132376,2, Max: 132380,7, Diff: 9,9]
      [Ext Root Scanning (ms): Min: 0,1, Avg: 0,8, Max: 3,0, Diff: 2,9, Sum: 3,2]
      [Update RS (ms): Min: 9,9, Avg: 16,6, Max: 26,7, Diff: 16,8, Sum: 66,5]
         [Processed Buffers: Min: 5, Avg: 20,8, Max: 46, Diff: 41, Sum: 83]
      [Scan RS (ms): Min: 0,1, Avg: 2,6, Max: 4,7, Diff: 4,6, Sum: 10,4]
      [Code Root Scanning (ms): Min: 0,0, Avg: 0,6, Max: 0,9, Diff: 0,9, Sum: 2,6]
      [Object Copy (ms): Min: 34,6, Avg: 40,7, Max: 43,6, Diff: 9,0, Sum: 162,6]
      [Termination (ms): Min: 0,1, Avg: 0,2, Max: 0,2, Diff: 0,1, Sum: 0,6]
         [Termination Attempts: Min: 1, Avg: 1,0, Max: 1, Diff: 0, Sum: 4]
      [GC Worker Other (ms): Min: 0,0, Avg: 0,0, Max: 0,1, Diff: 0,0, Sum: 0,2]
      [GC Worker Total (ms): Min: 57,1, Avg: 61,5, Max: 67,1, Diff: 10,0, Sum: 246,1]
      [GC Worker End (ms): Min: 132437,7, Avg: 132437,7, Max: 132437,8, Diff: 0,1]
   [Code Root Fixup: 0,1 ms]
   [Code Root Purge: 0,0 ms]
   [Clear CT: 0,8 ms]
   [Other: 2,7 ms]
      [Choose CSet: 0,0 ms]
      [Ref Proc: 1,0 ms]
      [Ref Enq: 0,0 ms]
      [Redirty Cards: 0,5 ms]
      [Humongous Register: 0,1 ms]
      [Humongous Reclaim: 0,0 ms]
      [Free CSet: 0,5 ms]
   [Eden: 623,0M(623,0M)->0,0B(1036,0M) Survivors: 24,0M->31,0M Heap: 699,0M(3200,0M)->83,5M(3200,0M)]
 [Times: user=0,09 sys=0,04, real=0,07 secs] 
2016-04-06T23:53:14.634+0200: 142,150: [GC pause (G1 Evacuation Pause) (young), 0,0968485 secs]
   [Parallel Time: 92,3 ms, GC Workers: 4]
      [GC Worker Start (ms): Min: 142150,3, Avg: 142152,2, Max: 142155,9, Diff: 5,6]
      [Ext Root Scanning (ms): Min: 0,1, Avg: 3,9, Max: 13,7, Diff: 13,7, Sum: 15,6]
      [Update RS (ms): Min: 0,0, Avg: 2,8, Max: 5,2, Diff: 5,2, Sum: 11,2]
         [Processed Buffers: Min: 0, Avg: 21,2, Max: 45, Diff: 45, Sum: 85]
      [Scan RS (ms): Min: 0,1, Avg: 1,9, Max: 2,6, Diff: 2,5, Sum: 7,6]
      [Code Root Scanning (ms): Min: 0,0, Avg: 0,5, Max: 0,8, Diff: 0,8, Sum: 2,0]
      [Object Copy (ms): Min: 77,3, Avg: 80,3, Max: 82,0, Diff: 4,7, Sum: 321,2]
      [Termination (ms): Min: 0,0, Avg: 0,7, Max: 1,0, Diff: 1,0, Sum: 2,8]
         [Termination Attempts: Min: 1, Avg: 1,0, Max: 1, Diff: 0, Sum: 4]
      [GC Worker Other (ms): Min: 0,0, Avg: 0,0, Max: 0,1, Diff: 0,0, Sum: 0,2]
      [GC Worker Total (ms): Min: 86,4, Avg: 90,1, Max: 91,9, Diff: 5,5, Sum: 360,6]
      [GC Worker End (ms): Min: 142242,3, Avg: 142242,3, Max: 142242,3, Diff: 0,1]
   [Code Root Fixup: 0,1 ms]
   [Code Root Purge: 0,0 ms]
   [Clear CT: 0,5 ms]
   [Other: 4,0 ms]
      [Choose CSet: 0,0 ms]
      [Ref Proc: 1,9 ms]
      [Ref Enq: 0,0 ms]
      [Redirty Cards: 0,4 ms]
      [Humongous Register: 0,1 ms]
      [Humongous Reclaim: 0,0 ms]
      [Free CSet: 0,9 ms]
   [Eden: 927,0M(927,0M)->0,0B(992,0M) Survivors: 31,0M->42,0M Heap: 1010,5M(3200,0M)->94,5M(3200,0M)]
 [Times: user=0,18 sys=0,01, real=0,10 secs] 
2016-04-06T23:53:24.273+0200: 151,789: [GC pause (G1 Evacuation Pause) (young), 0,0919949 secs]
   [Parallel Time: 89,0 ms, GC Workers: 4]
      [GC Worker Start (ms): Min: 151789,5, Avg: 151791,0, Max: 151793,2, Diff: 3,7]
      [Ext Root Scanning (ms): Min: 0,1, Avg: 1,7, Max: 4,9, Diff: 4,8, Sum: 6,9]
      [Update RS (ms): Min: 1,9, Avg: 4,6, Max: 8,6, Diff: 6,7, Sum: 18,2]
         [Processed Buffers: Min: 1, Avg: 21,0, Max: 42, Diff: 41, Sum: 84]
      [Scan RS (ms): Min: 0,5, Avg: 3,4, Max: 10,7, Diff: 10,2, Sum: 13,6]
      [Code Root Scanning (ms): Min: 0,3, Avg: 2,8, Max: 5,9, Diff: 5,6, Sum: 11,4]
      [Object Copy (ms): Min: 70,1, Avg: 74,0, Max: 76,6, Diff: 6,4, Sum: 296,1]
      [Termination (ms): Min: 0,0, Avg: 0,6, Max: 0,8, Diff: 0,8, Sum: 2,4]
         [Termination Attempts: Min: 1, Avg: 1,0, Max: 1, Diff: 0, Sum: 4]
      [GC Worker Other (ms): Min: 0,0, Avg: 0,1, Max: 0,1, Diff: 0,1, Sum: 0,3]
      [GC Worker Total (ms): Min: 85,0, Avg: 87,2, Max: 88,7, Diff: 3,7, Sum: 348,9]
      [GC Worker End (ms): Min: 151878,2, Avg: 151878,2, Max: 151878,2, Diff: 0,0]
   [Code Root Fixup: 0,1 ms]
   [Code Root Purge: 0,0 ms]
   [Clear CT: 0,6 ms]
   [Other: 2,3 ms]
      [Choose CSet: 0,0 ms]
      [Ref Proc: 0,4 ms]
      [Ref Enq: 0,0 ms]
      [Redirty Cards: 0,5 ms]
      [Humongous Register: 0,1 ms]
      [Humongous Reclaim: 0,0 ms]
      [Free CSet: 0,6 ms]
   [Eden: 992,0M(992,0M)->0,0B(1105,0M) Survivors: 42,0M->55,0M Heap: 1086,5M(3200,0M)->107,0M(3200,0M)]
 [Times: user=0,21 sys=0,02, real=0,09 secs] 
2016-04-06T23:53:34.723+0200: 162,239: [GC pause (G1 Evacuation Pause) (young), 0,1447457 secs]
   [Parallel Time: 140,2 ms, GC Workers: 4]
      [GC Worker Start (ms): Min: 162241,1, Avg: 162241,3, Max: 162241,4, Diff: 0,2]
      [Ext Root Scanning (ms): Min: 0,8, Avg: 1,3, Max: 1,7, Diff: 0,8, Sum: 5,3]
      [Update RS (ms): Min: 3,3, Avg: 3,6, Max: 4,0, Diff: 0,7, Sum: 14,4]
         [Processed Buffers: Min: 9, Avg: 20,0, Max: 28, Diff: 19, Sum: 80]
      [Scan RS (ms): Min: 1,5, Avg: 1,8, Max: 2,0, Diff: 0,6, Sum: 7,2]
      [Code Root Scanning (ms): Min: 1,1, Avg: 1,6, Max: 1,9, Diff: 0,8, Sum: 6,3]
      [Object Copy (ms): Min: 129,3, Avg: 130,1, Max: 130,3, Diff: 1,0, Sum: 520,2]
      [Termination (ms): Min: 0,0, Avg: 0,1, Max: 0,1, Diff: 0,1, Sum: 0,3]
         [Termination Attempts: Min: 1, Avg: 1,0, Max: 1, Diff: 0, Sum: 4]
      [GC Worker Other (ms): Min: 0,1, Avg: 0,9, Max: 2,3, Diff: 2,2, Sum: 3,8]
      [GC Worker Total (ms): Min: 139,3, Avg: 139,4, Max: 139,5, Diff: 0,3, Sum: 557,5]
      [GC Worker End (ms): Min: 162380,6, Avg: 162380,7, Max: 162380,7, Diff: 0,0]
   [Code Root Fixup: 0,2 ms]
   [Code Root Purge: 0,0 ms]
   [Clear CT: 0,9 ms]
   [Other: 3,4 ms]
      [Choose CSet: 0,0 ms]
      [Ref Proc: 0,6 ms]
      [Ref Enq: 0,0 ms]
      [Redirty Cards: 0,4 ms]
      [Humongous Register: 0,1 ms]
      [Humongous Reclaim: 0,0 ms]
      [Free CSet: 0,6 ms]
   [Eden: 1105,0M(1105,0M)->0,0B(997,0M) Survivors: 55,0M->68,0M Heap: 1212,0M(3200,0M)->120,0M(3200,0M)]
 [Times: user=0,24 sys=0,12, real=0,15 secs] 
2016-04-06T23:53:43.915+0200: 171,431: [GC pause (G1 Evacuation Pause) (young), 0,1594160 secs]
   [Parallel Time: 155,8 ms, GC Workers: 4]
      [GC Worker Start (ms): Min: 171431,6, Avg: 171438,3, Max: 171448,5, Diff: 16,9]
      [Ext Root Scanning (ms): Min: 0,1, Avg: 0,7, Max: 1,8, Diff: 1,8, Sum: 2,9]
      [Update RS (ms): Min: 0,0, Avg: 11,4, Max: 36,5, Diff: 36,5, Sum: 45,8]
         [Processed Buffers: Min: 0, Avg: 20,2, Max: 59, Diff: 59, Sum: 81]
      [Scan RS (ms): Min: 0,2, Avg: 3,5, Max: 11,9, Diff: 11,8, Sum: 14,1]
      [Code Root Scanning (ms): Min: 0,0, Avg: 0,7, Max: 1,4, Diff: 1,4, Sum: 2,8]
      [Object Copy (ms): Min: 115,0, Avg: 130,4, Max: 139,9, Diff: 25,0, Sum: 521,5]
      [Termination (ms): Min: 0,2, Avg: 0,7, Max: 1,9, Diff: 1,7, Sum: 2,7]
         [Termination Attempts: Min: 1, Avg: 1,0, Max: 1, Diff: 0, Sum: 4]
      [GC Worker Other (ms): Min: 0,1, Avg: 0,2, Max: 0,3, Diff: 0,3, Sum: 0,8]
      [GC Worker Total (ms): Min: 137,0, Avg: 147,6, Max: 154,7, Diff: 17,7, Sum: 590,5]
      [GC Worker End (ms): Min: 171585,5, Avg: 171586,0, Max: 171587,1, Diff: 1,6]
   [Code Root Fixup: 0,1 ms]
   [Code Root Purge: 0,0 ms]
   [Clear CT: 0,7 ms]
   [Other: 2,8 ms]
      [Choose CSet: 0,0 ms]
      [Ref Proc: 0,7 ms]
      [Ref Enq: 0,0 ms]
      [Redirty Cards: 0,5 ms]
      [Humongous Register: 0,2 ms]
      [Humongous Reclaim: 0,0 ms]
      [Free CSet: 0,9 ms]
   [Eden: 997,0M(997,0M)->0,0B(82,0M) Survivors: 68,0M->78,0M Heap: 1117,0M(3200,0M)->130,0M(3200,0M)]
 [Times: user=0,29 sys=0,04, real=0,16 secs] 
2016-04-06T23:53:44.717+0200: 172,233: [GC pause (G1 Evacuation Pause) (young), 0,4298800 secs]
   [Parallel Time: 426,7 ms, GC Workers: 4]
      [GC Worker Start (ms): Min: 172233,7, Avg: 172234,4, Max: 172236,3, Diff: 2,5]
      [Ext Root Scanning (ms): Min: 0,1, Avg: 0,8, Max: 1,1, Diff: 1,0, Sum: 3,1]
      [Update RS (ms): Min: 3,1, Avg: 4,8, Max: 6,6, Diff: 3,5, Sum: 19,0]
         [Processed Buffers: Min: 2, Avg: 18,2, Max: 28, Diff: 26, Sum: 73]
      [Scan RS (ms): Min: 0,0, Avg: 2,8, Max: 9,9, Diff: 9,9, Sum: 11,2]
      [Code Root Scanning (ms): Min: 0,0, Avg: 0,2, Max: 0,4, Diff: 0,4, Sum: 0,7]
      [Object Copy (ms): Min: 410,6, Avg: 417,0, Max: 419,6, Diff: 9,0, Sum: 1668,1]
      [Termination (ms): Min: 0,0, Avg: 0,1, Max: 0,2, Diff: 0,2, Sum: 0,5]
         [Termination Attempts: Min: 1, Avg: 1,0, Max: 1, Diff: 0, Sum: 4]
      [GC Worker Other (ms): Min: 0,0, Avg: 0,0, Max: 0,1, Diff: 0,1, Sum: 0,2]
      [GC Worker Total (ms): Min: 423,8, Avg: 425,7, Max: 426,4, Diff: 2,6, Sum: 1702,9]
      [GC Worker End (ms): Min: 172660,1, Avg: 172660,1, Max: 172660,2, Diff: 0,1]
   [Code Root Fixup: 0,1 ms]
   [Code Root Purge: 0,0 ms]
   [Clear CT: 0,3 ms]
   [Other: 2,7 ms]
      [Choose CSet: 0,0 ms]
      [Ref Proc: 0,8 ms]
      [Ref Enq: 0,0 ms]
      [Redirty Cards: 0,7 ms]
      [Humongous Register: 0,2 ms]
      [Humongous Reclaim: 0,0 ms]
      [Free CSet: 0,1 ms]
   [Eden: 82,0M(82,0M)->0,0B(1202,0M) Survivors: 78,0M->9216,0K Heap: 212,0M(3200,0M)->133,1M(3200,0M)]
 [Times: user=0,17 sys=0,62, real=0,43 secs] 
2016-04-06T23:53:46.274+0200: 173,790: [GC pause (G1 Evacuation Pause) (young), 0,0509848 secs]
   [Parallel Time: 45,1 ms, GC Workers: 4]
      [GC Worker Start (ms): Min: 173790,5, Avg: 173791,0, Max: 173791,6, Diff: 1,0]
      [Ext Root Scanning (ms): Min: 0,5, Avg: 2,0, Max: 2,9, Diff: 2,4, Sum: 7,8]
      [Update RS (ms): Min: 7,9, Avg: 10,4, Max: 14,9, Diff: 7,0, Sum: 41,7]
         [Processed Buffers: Min: 5, Avg: 20,5, Max: 38, Diff: 33, Sum: 82]
      [Scan RS (ms): Min: 3,6, Avg: 10,7, Max: 15,2, Diff: 11,6, Sum: 42,8]
      [Code Root Scanning (ms): Min: 0,1, Avg: 0,7, Max: 2,3, Diff: 2,2, Sum: 2,7]
      [Object Copy (ms): Min: 15,7, Avg: 20,1, Max: 22,6, Diff: 6,9, Sum: 80,5]
      [Termination (ms): Min: 0,0, Avg: 0,2, Max: 0,3, Diff: 0,3, Sum: 0,7]
         [Termination Attempts: Min: 1, Avg: 1,0, Max: 1, Diff: 0, Sum: 4]
      [GC Worker Other (ms): Min: 0,0, Avg: 0,1, Max: 0,2, Diff: 0,1, Sum: 0,2]
      [GC Worker Total (ms): Min: 43,6, Avg: 44,1, Max: 44,6, Diff: 1,0, Sum: 176,4]
      [GC Worker End (ms): Min: 173835,1, Avg: 173835,1, Max: 173835,2, Diff: 0,1]
   [Code Root Fixup: 0,1 ms]
   [Code Root Purge: 0,0 ms]
   [Clear CT: 0,2 ms]
   [Other: 5,6 ms]
      [Choose CSet: 0,1 ms]
      [Ref Proc: 3,8 ms]
      [Ref Enq: 0,0 ms]
      [Redirty Cards: 0,2 ms]
      [Humongous Register: 0,1 ms]
      [Humongous Reclaim: 0,0 ms]
      [Free CSet: 0,4 ms]
   [Eden: 151,0M(151,0M)->0,0B(149,0M) Survivors: 9216,0K->11,0M Heap: 284,1M(3200,0M)->135,1M(3200,0M)]
 [Times: user=0,08 sys=0,02, real=0,05 secs] 
2016-04-06T23:53:47.589+0200: 175,104: [GC pause (G1 Evacuation Pause) (young), 0,0535600 secs]
   [Parallel Time: 49,9 ms, GC Workers: 4]
      [GC Worker Start (ms): Min: 175105,6, Avg: 175110,4, Max: 175117,0, Diff: 11,4]
      [Ext Root Scanning (ms): Min: 0,1, Avg: 5,2, Max: 18,9, Diff: 18,8, Sum: 20,7]
      [Update RS (ms): Min: 0,0, Avg: 7,2, Max: 16,2, Diff: 16,2, Sum: 29,0]
         [Processed Buffers: Min: 0, Avg: 21,0, Max: 41, Diff: 41, Sum: 84]
      [Scan RS (ms): Min: 1,5, Avg: 7,0, Max: 9,9, Diff: 8,5, Sum: 28,2]
      [Code Root Scanning (ms): Min: 0,1, Avg: 0,4, Max: 0,6, Diff: 0,6, Sum: 1,7]
      [Object Copy (ms): Min: 22,5, Avg: 24,5, Max: 25,2, Diff: 2,6, Sum: 97,9]
      [Termination (ms): Min: 0,0, Avg: 0,1, Max: 0,3, Diff: 0,3, Sum: 0,6]
         [Termination Attempts: Min: 1, Avg: 5,2, Max: 12, Diff: 11, Sum: 21]
      [GC Worker Other (ms): Min: 0,0, Avg: 0,1, Max: 0,1, Diff: 0,1, Sum: 0,3]
      [GC Worker Total (ms): Min: 38,0, Avg: 44,6, Max: 49,5, Diff: 11,5, Sum: 178,3]
      [GC Worker End (ms): Min: 175154,9, Avg: 175155,0, Max: 175155,1, Diff: 0,2]
   [Code Root Fixup: 0,1 ms]
   [Code Root Purge: 0,0 ms]
   [Clear CT: 0,3 ms]
   [Other: 3,2 ms]
      [Choose CSet: 0,0 ms]
      [Ref Proc: 1,0 ms]
      [Ref Enq: 0,0 ms]
      [Redirty Cards: 0,4 ms]
      [Humongous Register: 0,4 ms]
      [Humongous Reclaim: 0,0 ms]
      [Free CSet: 0,4 ms]
   [Eden: 149,0M(149,0M)->0,0B(145,0M) Survivors: 11,0M->15,0M Heap: 284,1M(3200,0M)->139,6M(3200,0M)]
 [Times: user=0,08 sys=0,02, real=0,05 secs] 
2016-04-06T23:53:48.774+0200: 176,290: [GC pause (G1 Evacuation Pause) (young), 0,0515773 secs]
   [Parallel Time: 48,0 ms, GC Workers: 4]
      [GC Worker Start (ms): Min: 176291,2, Avg: 176291,7, Max: 176291,9, Diff: 0,7]
      [Ext Root Scanning (ms): Min: 1,3, Avg: 2,3, Max: 3,8, Diff: 2,5, Sum: 9,0]
      [Update RS (ms): Min: 2,6, Avg: 6,6, Max: 8,4, Diff: 5,8, Sum: 26,4]
         [Processed Buffers: Min: 5, Avg: 19,5, Max: 52, Diff: 47, Sum: 78]
      [Scan RS (ms): Min: 10,3, Avg: 14,2, Max: 18,5, Diff: 8,1, Sum: 56,9]
      [Code Root Scanning (ms): Min: 0,2, Avg: 0,5, Max: 0,8, Diff: 0,6, Sum: 1,9]
      [Object Copy (ms): Min: 15,5, Avg: 22,0, Max: 25,8, Diff: 10,3, Sum: 88,1]
      [Termination (ms): Min: 0,0, Avg: 1,0, Max: 1,5, Diff: 1,5, Sum: 4,2]
         [Termination Attempts: Min: 1, Avg: 1,5, Max: 3, Diff: 2, Sum: 6]
      [GC Worker Other (ms): Min: 0,1, Avg: 0,6, Max: 0,9, Diff: 0,8, Sum: 2,3]
      [GC Worker Total (ms): Min: 46,9, Avg: 47,2, Max: 47,6, Diff: 0,7, Sum: 188,8]
      [GC Worker End (ms): Min: 176338,8, Avg: 176338,9, Max: 176338,9, Diff: 0,0]
   [Code Root Fixup: 0,1 ms]
   [Code Root Purge: 0,0 ms]
   [Clear CT: 0,5 ms]
   [Other: 3,0 ms]
      [Choose CSet: 0,0 ms]
      [Ref Proc: 0,8 ms]
      [Ref Enq: 0,0 ms]
      [Redirty Cards: 0,5 ms]
      [Humongous Register: 0,3 ms]
      [Humongous Reclaim: 0,0 ms]
      [Free CSet: 0,5 ms]
   [Eden: 145,0M(145,0M)->0,0B(148,0M) Survivors: 15,0M->12,0M Heap: 284,6M(3200,0M)->141,5M(3200,0M)]
 [Times: user=0,10 sys=0,02, real=0,05 secs] 
2016-04-06T23:53:50.038+0200: 177,554: [GC pause (G1 Evacuation Pause) (young), 0,0568732 secs]
   [Parallel Time: 51,4 ms, GC Workers: 4]
      [GC Worker Start (ms): Min: 177554,0, Avg: 177554,9, Max: 177555,7, Diff: 1,6]
      [Ext Root Scanning (ms): Min: 3,5, Avg: 4,4, Max: 5,8, Diff: 2,3, Sum: 17,8]
      [Update RS (ms): Min: 9,0, Avg: 12,9, Max: 20,6, Diff: 11,6, Sum: 51,6]
         [Processed Buffers: Min: 0, Avg: 20,2, Max: 44, Diff: 44, Sum: 81]
      [Scan RS (ms): Min: 0,1, Avg: 9,3, Max: 14,7, Diff: 14,7, Sum: 37,4]
      [Code Root Scanning (ms): Min: 0,0, Avg: 0,7, Max: 1,4, Diff: 1,4, Sum: 2,9]
      [Object Copy (ms): Min: 18,2, Avg: 22,8, Max: 25,3, Diff: 7,1, Sum: 91,3]
      [Termination (ms): Min: 0,0, Avg: 0,1, Max: 0,1, Diff: 0,1, Sum: 0,3]
         [Termination Attempts: Min: 1, Avg: 1,0, Max: 1, Diff: 0, Sum: 4]
      [GC Worker Other (ms): Min: 0,0, Avg: 0,1, Max: 0,5, Diff: 0,4, Sum: 0,6]
      [GC Worker Total (ms): Min: 49,6, Avg: 50,4, Max: 51,3, Diff: 1,6, Sum: 201,8]
      [GC Worker End (ms): Min: 177605,3, Avg: 177605,3, Max: 177605,3, Diff: 0,0]
   [Code Root Fixup: 0,2 ms]
   [Code Root Purge: 0,0 ms]
   [Clear CT: 0,5 ms]
   [Other: 4,8 ms]
      [Choose CSet: 0,0 ms]
      [Ref Proc: 2,2 ms]
      [Ref Enq: 0,0 ms]
      [Redirty Cards: 1,4 ms]
      [Humongous Register: 0,1 ms]
      [Humongous Reclaim: 0,0 ms]
      [Free CSet: 0,4 ms]
   [Eden: 148,0M(148,0M)->0,0B(513,0M) Survivors: 12,0M->11,0M Heap: 289,5M(3200,0M)->144,0M(3200,0M)]
 [Times: user=0,08 sys=0,02, real=0,06 secs] 
2016-04-06T23:53:51.556+0200: 179,072: [GC pause (G1 Evacuation Pause) (young), 0,0491142 secs]
   [Parallel Time: 45,1 ms, GC Workers: 4]
      [GC Worker Start (ms): Min: 179072,5, Avg: 179074,8, Max: 179076,3, Diff: 3,8]
      [Ext Root Scanning (ms): Min: 0,0, Avg: 2,1, Max: 7,6, Diff: 7,5, Sum: 8,4]
      [Update RS (ms): Min: 7,8, Avg: 9,2, Max: 12,7, Diff: 4,9, Sum: 37,0]
         [Processed Buffers: Min: 5, Avg: 20,0, Max: 41, Diff: 36, Sum: 80]
      [Scan RS (ms): Min: 5,1, Avg: 10,7, Max: 15,2, Diff: 10,2, Sum: 42,7]
      [Code Root Scanning (ms): Min: 0,1, Avg: 0,4, Max: 1,0, Diff: 0,9, Sum: 1,4]
      [Object Copy (ms): Min: 13,8, Avg: 20,2, Max: 24,1, Diff: 10,3, Sum: 81,0]
      [Termination (ms): Min: 0,0, Avg: 0,1, Max: 0,1, Diff: 0,1, Sum: 0,4]
         [Termination Attempts: Min: 1, Avg: 2,5, Max: 4, Diff: 3, Sum: 10]
      [GC Worker Other (ms): Min: 0,0, Avg: 0,0, Max: 0,0, Diff: 0,0, Sum: 0,1]
      [GC Worker Total (ms): Min: 41,2, Avg: 42,7, Max: 45,0, Diff: 3,8, Sum: 170,9]
      [GC Worker End (ms): Min: 179117,5, Avg: 179117,6, Max: 179117,6, Diff: 0,0]
   [Code Root Fixup: 0,1 ms]
   [Code Root Purge: 0,0 ms]
   [Clear CT: 0,4 ms]
   [Other: 3,5 ms]
      [Choose CSet: 0,0 ms]
      [Ref Proc: 1,5 ms]
      [Ref Enq: 0,0 ms]
      [Redirty Cards: 0,7 ms]
      [Humongous Register: 0,1 ms]
      [Humongous Reclaim: 0,0 ms]
      [Free CSet: 0,4 ms]
   [Eden: 167,0M(149,0M)->0,0B(1166,0M) Survivors: 11,0M->11,0M Heap: 311,0M(3200,0M)->147,0M(3200,0M)]
 [Times: user=0,08 sys=0,02, real=0,05 secs] 
2016-04-06T23:53:53.975+0200: 181,491: [GC pause (G1 Evacuation Pause) (young), 0,0701532 secs]
   [Parallel Time: 66,0 ms, GC Workers: 4]
      [GC Worker Start (ms): Min: 181491,2, Avg: 181492,5, Max: 181493,2, Diff: 2,0]
      [Ext Root Scanning (ms): Min: 0,7, Avg: 5,6, Max: 18,1, Diff: 17,5, Sum: 22,4]
      [Update RS (ms): Min: 0,0, Avg: 14,1, Max: 30,1, Diff: 30,1, Sum: 56,6]
         [Processed Buffers: Min: 0, Avg: 22,5, Max: 54, Diff: 54, Sum: 90]
      [Scan RS (ms): Min: 0,0, Avg: 8,9, Max: 12,4, Diff: 12,4, Sum: 35,5]
      [Code Root Scanning (ms): Min: 0,0, Avg: 1,3, Max: 3,0, Diff: 3,0, Sum: 5,2]
      [Object Copy (ms): Min: 31,2, Avg: 32,1, Max: 33,4, Diff: 2,2, Sum: 128,3]
      [Termination (ms): Min: 0,0, Avg: 1,8, Max: 3,9, Diff: 3,9, Sum: 7,1]
         [Termination Attempts: Min: 1, Avg: 1,2, Max: 2, Diff: 1, Sum: 5]
      [GC Worker Other (ms): Min: 0,0, Avg: 0,2, Max: 0,7, Diff: 0,6, Sum: 0,9]
      [GC Worker Total (ms): Min: 62,9, Avg: 64,0, Max: 65,5, Diff: 2,6, Sum: 256,0]
      [GC Worker End (ms): Min: 181556,0, Avg: 181556,4, Max: 181557,0, Diff: 0,9]
   [Code Root Fixup: 0,2 ms]
   [Code Root Purge: 0,0 ms]
   [Clear CT: 0,3 ms]
   [Other: 3,6 ms]
      [Choose CSet: 0,0 ms]
      [Ref Proc: 0,6 ms]
      [Ref Enq: 0,0 ms]
      [Redirty Cards: 0,4 ms]
      [Humongous Register: 0,2 ms]
      [Humongous Reclaim: 0,0 ms]
      [Free CSet: 1,3 ms]
   [Eden: 267,0M(149,0M)->0,0B(1444,0M) Survivors: 11,0M->15,0M Heap: 414,0M(3200,0M)->151,0M(3200,0M)]
 [Times: user=0,13 sys=0,01, real=0,07 secs] 
2016-04-06T23:53:57.596+0200: 185,112: [GC pause (G1 Evacuation Pause) (young), 0,0642003 secs]
   [Parallel Time: 59,1 ms, GC Workers: 4]
      [GC Worker Start (ms): Min: 185115,2, Avg: 185122,4, Max: 185125,4, Diff: 10,2]
      [Ext Root Scanning (ms): Min: 0,1, Avg: 6,2, Max: 24,6, Diff: 24,5, Sum: 24,9]
      [Update RS (ms): Min: 0,0, Avg: 11,7, Max: 20,0, Diff: 20,0, Sum: 46,7]
         [Processed Buffers: Min: 0, Avg: 24,0, Max: 67, Diff: 67, Sum: 96]
      [Scan RS (ms): Min: 3,7, Avg: 7,0, Max: 10,6, Diff: 6,9, Sum: 28,0]
      [Code Root Scanning (ms): Min: 0,3, Avg: 0,9, Max: 2,4, Diff: 2,1, Sum: 3,5]
      [Object Copy (ms): Min: 23,5, Avg: 25,2, Max: 26,6, Diff: 3,1, Sum: 100,8]
      [Termination (ms): Min: 0,1, Avg: 0,2, Max: 0,5, Diff: 0,4, Sum: 0,8]
         [Termination Attempts: Min: 1, Avg: 2,2, Max: 6, Diff: 5, Sum: 9]
      [GC Worker Other (ms): Min: 0,0, Avg: 0,1, Max: 0,1, Diff: 0,0, Sum: 0,2]
      [GC Worker Total (ms): Min: 48,3, Avg: 51,2, Max: 58,5, Diff: 10,2, Sum: 204,9]
      [GC Worker End (ms): Min: 185173,6, Avg: 185173,6, Max: 185173,7, Diff: 0,0]
   [Code Root Fixup: 0,1 ms]
   [Code Root Purge: 0,0 ms]
   [Clear CT: 0,3 ms]
   [Other: 4,8 ms]
      [Choose CSet: 0,0 ms]
      [Ref Proc: 0,6 ms]
      [Ref Enq: 0,0 ms]
      [Redirty Cards: 0,4 ms]
      [Humongous Register: 0,1 ms]
      [Humongous Reclaim: 0,0 ms]
      [Free CSet: 0,9 ms]
   [Eden: 387,0M(373,0M)->0,0B(1620,0M) Survivors: 15,0M->19,0M Heap: 538,0M(3200,0M)->155,0M(3200,0M)]
 [Times: user=0,11 sys=0,01, real=0,07 secs] 
2016-04-06T23:54:04.848+0200: 192,364: [GC pause (G1 Evacuation Pause) (young), 0,1019513 secs]
   [Parallel Time: 97,4 ms, GC Workers: 4]
      [GC Worker Start (ms): Min: 192368,3, Avg: 192376,6, Max: 192381,6, Diff: 13,3]
      [Ext Root Scanning (ms): Min: 0,1, Avg: 0,9, Max: 3,5, Diff: 3,4, Sum: 3,7]
      [Update RS (ms): Min: 12,3, Avg: 18,6, Max: 24,3, Diff: 12,0, Sum: 74,3]
         [Processed Buffers: Min: 10, Avg: 25,5, Max: 45, Diff: 35, Sum: 102]
      [Scan RS (ms): Min: 9,9, Avg: 17,7, Max: 24,5, Diff: 14,6, Sum: 70,6]
      [Code Root Scanning (ms): Min: 0,0, Avg: 0,5, Max: 1,1, Diff: 1,0, Sum: 2,0]
      [Object Copy (ms): Min: 40,9, Avg: 46,3, Max: 50,8, Diff: 9,9, Sum: 185,2]
      [Termination (ms): Min: 0,3, Avg: 1,0, Max: 2,3, Diff: 2,0, Sum: 3,8]
         [Termination Attempts: Min: 1, Avg: 3,0, Max: 5, Diff: 4, Sum: 12]
      [GC Worker Other (ms): Min: 0,0, Avg: 0,1, Max: 0,1, Diff: 0,1, Sum: 0,2]
      [GC Worker Total (ms): Min: 79,9, Avg: 85,0, Max: 93,2, Diff: 13,3, Sum: 339,9]
      [GC Worker End (ms): Min: 192461,4, Avg: 192461,5, Max: 192461,7, Diff: 0,2]
   [Code Root Fixup: 0,1 ms]
   [Code Root Purge: 0,0 ms]
   [Clear CT: 0,6 ms]
   [Other: 3,8 ms]
      [Choose CSet: 0,0 ms]
      [Ref Proc: 0,8 ms]
      [Ref Enq: 0,0 ms]
      [Redirty Cards: 0,4 ms]
      [Humongous Register: 0,1 ms]
      [Humongous Reclaim: 0,0 ms]
      [Free CSet: 1,5 ms]
   [Eden: 801,0M(630,0M)->0,0B(1580,0M) Survivors: 19,0M->28,0M Heap: 956,0M(3200,0M)->164,0M(3200,0M)]
 [Times: user=0,17 sys=0,00, real=0,11 secs] 
2016-04-06T23:54:14.774+0200: 202,290: [GC pause (G1 Evacuation Pause) (young), 0,0696398 secs]
   [Parallel Time: 64,4 ms, GC Workers: 4]
      [GC Worker Start (ms): Min: 202291,5, Avg: 202294,2, Max: 202296,9, Diff: 5,4]
      [Ext Root Scanning (ms): Min: 0,0, Avg: 0,6, Max: 1,2, Diff: 1,2, Sum: 2,3]
      [Update RS (ms): Min: 5,8, Avg: 8,0, Max: 10,7, Diff: 5,0, Sum: 32,0]
         [Processed Buffers: Min: 5, Avg: 26,2, Max: 39, Diff: 34, Sum: 105]
      [Scan RS (ms): Min: 4,4, Avg: 7,7, Max: 12,1, Diff: 7,7, Sum: 30,9]
      [Code Root Scanning (ms): Min: 1,7, Avg: 5,7, Max: 8,3, Diff: 6,6, Sum: 22,7]
      [Object Copy (ms): Min: 39,0, Avg: 39,2, Max: 39,5, Diff: 0,5, Sum: 156,8]
      [Termination (ms): Min: 0,0, Avg: 0,1, Max: 0,1, Diff: 0,0, Sum: 0,2]
         [Termination Attempts: Min: 1, Avg: 1,0, Max: 1, Diff: 0, Sum: 4]
      [GC Worker Other (ms): Min: 0,0, Avg: 0,1, Max: 0,1, Diff: 0,1, Sum: 0,4]
      [GC Worker Total (ms): Min: 58,7, Avg: 61,3, Max: 64,1, Diff: 5,5, Sum: 245,3]
      [GC Worker End (ms): Min: 202355,5, Avg: 202355,6, Max: 202355,6, Diff: 0,1]
   [Code Root Fixup: 0,1 ms]
   [Code Root Purge: 0,0 ms]
   [Clear CT: 0,6 ms]
   [Other: 4,6 ms]
      [Choose CSet: 0,0 ms]
      [Ref Proc: 1,2 ms]
      [Ref Enq: 0,0 ms]
      [Redirty Cards: 0,5 ms]
      [Humongous Register: 0,2 ms]
      [Humongous Reclaim: 0,0 ms]
      [Free CSet: 1,6 ms]
   [Eden: 1106,0M(959,0M)->0,0B(1881,0M) Survivors: 28,0M->39,0M Heap: 1270,0M(3200,0M)->174,5M(3200,0M)]
 [Times: user=0,16 sys=0,05, real=0,07 secs] 
2016-04-06T23:54:32.775+0200: 220,291: [GC pause (G1 Evacuation Pause) (young), 0,1670342 secs]
   [Parallel Time: 162,2 ms, GC Workers: 4]
      [GC Worker Start (ms): Min: 220293,4, Avg: 220296,6, Max: 220299,9, Diff: 6,5]
      [Ext Root Scanning (ms): Min: 0,0, Avg: 4,8, Max: 12,7, Diff: 12,7, Sum: 19,0]
      [Update RS (ms): Min: 13,1, Avg: 15,3, Max: 17,2, Diff: 4,1, Sum: 61,3]
         [Processed Buffers: Min: 3, Avg: 27,0, Max: 65, Diff: 62, Sum: 108]
      [Scan RS (ms): Min: 8,2, Avg: 13,9, Max: 19,2, Diff: 11,0, Sum: 55,4]
      [Code Root Scanning (ms): Min: 1,0, Avg: 2,2, Max: 3,9, Diff: 2,9, Sum: 8,7]
      [Object Copy (ms): Min: 115,3, Avg: 121,4, Max: 124,7, Diff: 9,4, Sum: 485,7]
      [Termination (ms): Min: 0,0, Avg: 0,1, Max: 0,1, Diff: 0,1, Sum: 0,3]
         [Termination Attempts: Min: 1, Avg: 1,0, Max: 1, Diff: 0, Sum: 4]
      [GC Worker Other (ms): Min: 0,1, Avg: 0,1, Max: 0,1, Diff: 0,1, Sum: 0,4]
      [GC Worker Total (ms): Min: 154,3, Avg: 157,7, Max: 160,8, Diff: 6,5, Sum: 630,9]
      [GC Worker End (ms): Min: 220454,2, Avg: 220454,3, Max: 220454,3, Diff: 0,0]
   [Code Root Fixup: 0,1 ms]
   [Code Root Purge: 0,0 ms]
   [Clear CT: 1,2 ms]
   [Other: 3,6 ms]
      [Choose CSet: 0,0 ms]
      [Ref Proc: 0,5 ms]
      [Ref Enq: 0,0 ms]
      [Redirty Cards: 0,4 ms]
      [Humongous Register: 0,1 ms]
      [Humongous Reclaim: 0,0 ms]
      [Free CSet: 1,6 ms]
   [Eden: 1881,0M(1881,0M)->0,0B(1485,0M) Survivors: 39,0M->62,0M Heap: 2055,5M(3200,0M)->197,5M(3200,0M)]
 [Times: user=0,27 sys=0,12, real=0,17 secs] 
2016-04-06T23:54:45.715+0200: 233,231: [GC pause (G1 Evacuation Pause) (young), 0,1298088 secs]
   [Parallel Time: 124,4 ms, GC Workers: 4]
      [GC Worker Start (ms): Min: 233231,8, Avg: 233234,3, Max: 233236,9, Diff: 5,1]
      [Ext Root Scanning (ms): Min: 0,1, Avg: 2,0, Max: 6,5, Diff: 6,4, Sum: 8,2]
      [Update RS (ms): Min: 13,4, Avg: 16,5, Max: 19,7, Diff: 6,3, Sum: 66,0]
         [Processed Buffers: Min: 1, Avg: 29,8, Max: 62, Diff: 61, Sum: 119]
      [Scan RS (ms): Min: 0,4, Avg: 7,7, Max: 12,0, Diff: 11,5, Sum: 30,8]
      [Code Root Scanning (ms): Min: 0,2, Avg: 0,8, Max: 1,4, Diff: 1,2, Sum: 3,0]
      [Object Copy (ms): Min: 90,4, Avg: 94,0, Max: 96,7, Diff: 6,3, Sum: 376,2]
      [Termination (ms): Min: 0,0, Avg: 0,1, Max: 0,3, Diff: 0,3, Sum: 0,4]
         [Termination Attempts: Min: 1, Avg: 1,0, Max: 1, Diff: 0, Sum: 4]
      [GC Worker Other (ms): Min: 0,1, Avg: 0,2, Max: 0,4, Diff: 0,3, Sum: 0,8]
      [GC Worker Total (ms): Min: 118,7, Avg: 121,3, Max: 123,8, Diff: 5,2, Sum: 485,4]
      [GC Worker End (ms): Min: 233355,5, Avg: 233355,6, Max: 233355,8, Diff: 0,2]
   [Code Root Fixup: 0,1 ms]
   [Code Root Purge: 0,0 ms]
   [Clear CT: 0,7 ms]
   [Other: 4,5 ms]
      [Choose CSet: 0,0 ms]
      [Ref Proc: 2,2 ms]
      [Ref Enq: 0,0 ms]
      [Redirty Cards: 0,7 ms]
      [Humongous Register: 0,1 ms]
      [Humongous Reclaim: 0,0 ms]
      [Free CSet: 0,9 ms]
   [Eden: 1485,0M(1485,0M)->0,0B(821,0M) Survivors: 62,0M->74,0M Heap: 1682,5M(3200,0M)->209,5M(3200,0M)]
 [Times: user=0,30 sys=0,02, real=0,13 secs] 
2016-04-06T23:54:52.956+0200: 240,472: [GC pause (G1 Evacuation Pause) (young), 0,5178416 secs]
   [Parallel Time: 513,5 ms, GC Workers: 4]
      [GC Worker Start (ms): Min: 240472,3, Avg: 240477,0, Max: 240483,0, Diff: 10,7]
      [Ext Root Scanning (ms): Min: 0,5, Avg: 60,5, Max: 228,9, Diff: 228,4, Sum: 241,8]
      [Update RS (ms): Min: 0,0, Avg: 7,6, Max: 30,2, Diff: 30,2, Sum: 30,2]
         [Processed Buffers: Min: 0, Avg: 29,0, Max: 116, Diff: 116, Sum: 116]
      [Scan RS (ms): Min: 0,1, Avg: 2,4, Max: 9,2, Diff: 9,1, Sum: 9,6]
      [Code Root Scanning (ms): Min: 0,0, Avg: 0,8, Max: 3,3, Diff: 3,3, Sum: 3,3]
      [Object Copy (ms): Min: 283,9, Avg: 436,8, Max: 500,9, Diff: 217,0, Sum: 1747,4]
      [Termination (ms): Min: 0,1, Avg: 0,3, Max: 0,7, Diff: 0,6, Sum: 1,0]
         [Termination Attempts: Min: 1, Avg: 2,8, Max: 4, Diff: 3, Sum: 11]
      [GC Worker Other (ms): Min: 0,0, Avg: 0,1, Max: 0,1, Diff: 0,1, Sum: 0,2]
      [GC Worker Total (ms): Min: 502,4, Avg: 508,4, Max: 513,1, Diff: 10,7, Sum: 2033,6]
      [GC Worker End (ms): Min: 240985,4, Avg: 240985,4, Max: 240985,4, Diff: 0,0]
   [Code Root Fixup: 0,2 ms]
   [Code Root Purge: 0,0 ms]
   [Clear CT: 0,7 ms]
   [Other: 3,5 ms]
      [Choose CSet: 0,0 ms]
      [Ref Proc: 0,7 ms]
      [Ref Enq: 0,0 ms]
      [Redirty Cards: 0,5 ms]
      [Humongous Register: 0,1 ms]
      [Humongous Reclaim: 0,0 ms]
      [Free CSet: 0,6 ms]
   [Eden: 821,0M(821,0M)->0,0B(97,0M) Survivors: 74,0M->63,0M Heap: 1030,5M(3200,0M)->218,8M(3200,0M)]
 [Times: user=0,33 sys=0,81, real=0,52 secs] 
2016-04-06T23:54:54.183+0200: 241,699: [GC pause (G1 Evacuation Pause) (young), 0,1256741 secs]
   [Parallel Time: 122,0 ms, GC Workers: 4]
      [GC Worker Start (ms): Min: 241701,0, Avg: 241705,6, Max: 241707,2, Diff: 6,3]
      [Ext Root Scanning (ms): Min: 0,2, Avg: 2,6, Max: 9,7, Diff: 9,4, Sum: 10,6]
      [Update RS (ms): Min: 7,6, Avg: 8,8, Max: 9,4, Diff: 1,8, Sum: 35,2]
         [Processed Buffers: Min: 6, Avg: 28,2, Max: 47, Diff: 41, Sum: 113]
      [Scan RS (ms): Min: 4,6, Avg: 6,0, Max: 9,7, Diff: 5,1, Sum: 24,1]
      [Code Root Scanning (ms): Min: 0,0, Avg: 0,1, Max: 0,3, Diff: 0,2, Sum: 0,6]
      [Object Copy (ms): Min: 92,4, Avg: 97,6, Max: 99,8, Diff: 7,4, Sum: 390,2]
      [Termination (ms): Min: 0,0, Avg: 0,6, Max: 0,9, Diff: 0,9, Sum: 2,5]
         [Termination Attempts: Min: 1, Avg: 1,0, Max: 1, Diff: 0, Sum: 4]
      [GC Worker Other (ms): Min: 0,0, Avg: 0,0, Max: 0,1, Diff: 0,0, Sum: 0,2]
      [GC Worker Total (ms): Min: 114,2, Avg: 115,9, Max: 120,5, Diff: 6,3, Sum: 463,4]
      [GC Worker End (ms): Min: 241821,4, Avg: 241821,5, Max: 241821,5, Diff: 0,0]
   [Code Root Fixup: 0,1 ms]
   [Code Root Purge: 0,0 ms]
   [Clear CT: 0,3 ms]
   [Other: 3,4 ms]
      [Choose CSet: 0,0 ms]
      [Ref Proc: 0,6 ms]
      [Ref Enq: 0,0 ms]
      [Redirty Cards: 1,1 ms]
      [Humongous Register: 0,2 ms]
      [Humongous Reclaim: 0,0 ms]
      [Free CSet: 0,4 ms]
   [Eden: 97,0M(97,0M)->0,0B(683,0M) Survivors: 63,0M->13,0M Heap: 315,8M(3200,0M)->223,0M(3200,0M)]
 [Times: user=0,25 sys=0,07, real=0,13 secs] 
2016-04-06T23:55:00.117+0200: 247,633: [GC pause (G1 Evacuation Pause) (young), 0,0838433 secs]
   [Parallel Time: 73,7 ms, GC Workers: 4]
      [GC Worker Start (ms): Min: 247633,8, Avg: 247638,0, Max: 247646,9, Diff: 13,1]
      [Ext Root Scanning (ms): Min: 0,1, Avg: 1,1, Max: 2,5, Diff: 2,4, Sum: 4,5]
      [Update RS (ms): Min: 15,2, Avg: 17,4, Max: 22,8, Diff: 7,6, Sum: 69,5]
         [Processed Buffers: Min: 7, Avg: 32,8, Max: 67, Diff: 60, Sum: 131]
      [Scan RS (ms): Min: 0,1, Avg: 4,8, Max: 8,6, Diff: 8,5, Sum: 19,2]
      [Code Root Scanning (ms): Min: 0,0, Avg: 0,5, Max: 1,0, Diff: 1,0, Sum: 1,8]
      [Object Copy (ms): Min: 36,5, Avg: 38,9, Max: 42,7, Diff: 6,2, Sum: 155,7]
      [Termination (ms): Min: 0,1, Avg: 1,9, Max: 3,4, Diff: 3,3, Sum: 7,6]
         [Termination Attempts: Min: 1, Avg: 1,5, Max: 2, Diff: 1, Sum: 6]
      [GC Worker Other (ms): Min: 0,0, Avg: 0,2, Max: 0,4, Diff: 0,3, Sum: 0,6]
      [GC Worker Total (ms): Min: 59,1, Avg: 64,7, Max: 67,9, Diff: 8,7, Sum: 259,0]
      [GC Worker End (ms): Min: 247701,7, Avg: 247702,8, Max: 247706,1, Diff: 4,4]
   [Code Root Fixup: 0,1 ms]
   [Code Root Purge: 0,0 ms]
   [Clear CT: 1,2 ms]
   [Other: 8,9 ms]
      [Choose CSet: 0,0 ms]
      [Ref Proc: 3,4 ms]
      [Ref Enq: 0,0 ms]
      [Redirty Cards: 4,3 ms]
      [Humongous Register: 0,1 ms]
      [Humongous Reclaim: 0,0 ms]
      [Free CSet: 0,5 ms]
   [Eden: 683,0M(683,0M)->0,0B(870,0M) Survivors: 13,0M->21,0M Heap: 906,0M(3200,0M)->230,5M(3200,0M)]
 [Times: user=0,12 sys=0,05, real=0,09 secs] 
2016-04-06T23:55:07.606+0200: 255,122: [GC pause (G1 Evacuation Pause) (young), 0,1092426 secs]
   [Parallel Time: 106,0 ms, GC Workers: 4]
      [GC Worker Start (ms): Min: 255122,1, Avg: 255124,3, Max: 255129,0, Diff: 6,9]
      [Ext Root Scanning (ms): Min: 0,1, Avg: 5,5, Max: 20,4, Diff: 20,4, Sum: 21,9]
      [Update RS (ms): Min: 5,2, Avg: 19,9, Max: 31,4, Diff: 26,1, Sum: 79,5]
         [Processed Buffers: Min: 9, Avg: 29,8, Max: 72, Diff: 63, Sum: 119]
      [Scan RS (ms): Min: 0,2, Avg: 2,1, Max: 6,1, Diff: 6,0, Sum: 8,6]
      [Code Root Scanning (ms): Min: 0,0, Avg: 0,5, Max: 0,9, Diff: 0,9, Sum: 1,8]
      [Object Copy (ms): Min: 46,2, Avg: 65,0, Max: 73,4, Diff: 27,2, Sum: 259,9]
      [Termination (ms): Min: 2,0, Avg: 3,5, Max: 4,3, Diff: 2,3, Sum: 14,1]
         [Termination Attempts: Min: 1, Avg: 1,5, Max: 2, Diff: 1, Sum: 6]
      [GC Worker Other (ms): Min: 0,0, Avg: 6,5, Max: 25,8, Diff: 25,8, Sum: 26,0]
      [GC Worker Total (ms): Min: 98,1, Avg: 103,0, Max: 105,9, Diff: 7,8, Sum: 411,8]
      [GC Worker End (ms): Min: 255227,0, Avg: 255227,3, Max: 255227,9, Diff: 1,0]
   [Code Root Fixup: 0,1 ms]
   [Code Root Purge: 0,0 ms]
   [Clear CT: 0,7 ms]
   [Other: 2,5 ms]
      [Choose CSet: 0,0 ms]
      [Ref Proc: 1,0 ms]
      [Ref Enq: 0,0 ms]
      [Redirty Cards: 0,3 ms]
      [Humongous Register: 0,1 ms]
      [Humongous Reclaim: 0,0 ms]
      [Free CSet: 0,5 ms]
   [Eden: 870,0M(870,0M)->0,0B(1013,0M) Survivors: 21,0M->29,0M Heap: 1100,5M(3200,0M)->238,5M(3200,0M)]
 [Times: user=0,14 sys=0,04, real=0,11 secs] 
2016-04-06T23:55:16.449+0200: 263,965: [GC pause (G1 Evacuation Pause) (young), 0,0789042 secs]
   [Parallel Time: 74,3 ms, GC Workers: 4]
      [GC Worker Start (ms): Min: 263966,9, Avg: 263969,0, Max: 263971,4, Diff: 4,5]
      [Ext Root Scanning (ms): Min: 0,0, Avg: 1,3, Max: 2,7, Diff: 2,7, Sum: 5,4]
      [Update RS (ms): Min: 15,0, Avg: 16,7, Max: 18,4, Diff: 3,4, Sum: 66,9]
         [Processed Buffers: Min: 15, Avg: 31,5, Max: 64, Diff: 49, Sum: 126]
      [Scan RS (ms): Min: 0,4, Avg: 1,3, Max: 2,2, Diff: 1,7, Sum: 5,1]
      [Code Root Scanning (ms): Min: 0,8, Avg: 1,2, Max: 1,4, Diff: 0,6, Sum: 4,7]
      [Object Copy (ms): Min: 50,5, Avg: 51,1, Max: 51,4, Diff: 0,8, Sum: 204,4]
      [Termination (ms): Min: 0,0, Avg: 0,1, Max: 0,1, Diff: 0,1, Sum: 0,3]
         [Termination Attempts: Min: 1, Avg: 1,0, Max: 1, Diff: 0, Sum: 4]
      [GC Worker Other (ms): Min: 0,1, Avg: 0,3, Max: 0,8, Diff: 0,7, Sum: 1,3]
      [GC Worker Total (ms): Min: 69,7, Avg: 72,0, Max: 74,2, Diff: 4,5, Sum: 288,1]
      [GC Worker End (ms): Min: 264041,1, Avg: 264041,1, Max: 264041,1, Diff: 0,0]
   [Code Root Fixup: 0,1 ms]
   [Code Root Purge: 0,0 ms]
   [Clear CT: 0,5 ms]
   [Other: 4,0 ms]
      [Choose CSet: 0,0 ms]
      [Ref Proc: 0,4 ms]
      [Ref Enq: 0,0 ms]
      [Redirty Cards: 0,4 ms]
      [Humongous Register: 0,5 ms]
      [Humongous Reclaim: 0,0 ms]
      [Free CSet: 0,5 ms]
   [Eden: 1013,0M(1013,0M)->0,0B(1358,0M) Survivors: 29,0M->39,0M Heap: 1251,5M(3200,0M)->249,0M(3200,0M)]
 [Times: user=0,18 sys=0,01, real=0,07 secs] 
2016-04-06T23:57:45.601+0200: 413,117: [GC pause (G1 Evacuation Pause) (young), 0,1386876 secs]
   [Parallel Time: 122,7 ms, GC Workers: 4]
      [GC Worker Start (ms): Min: 413117,5, Avg: 413119,0, Max: 413122,0, Diff: 4,5]
      [Ext Root Scanning (ms): Min: 0,1, Avg: 0,7, Max: 1,5, Diff: 1,4, Sum: 2,9]
      [Update RS (ms): Min: 24,2, Avg: 27,2, Max: 28,9, Diff: 4,7, Sum: 109,0]
         [Processed Buffers: Min: 19, Avg: 36,5, Max: 76, Diff: 57, Sum: 146]
      [Scan RS (ms): Min: 0,6, Avg: 1,6, Max: 2,6, Diff: 2,1, Sum: 6,5]
      [Code Root Scanning (ms): Min: 1,6, Avg: 3,5, Max: 8,6, Diff: 7,1, Sum: 14,2]
      [Object Copy (ms): Min: 76,4, Avg: 81,5, Max: 85,3, Diff: 8,9, Sum: 325,8]
      [Termination (ms): Min: 0,0, Avg: 2,9, Max: 5,6, Diff: 5,6, Sum: 11,5]
         [Termination Attempts: Min: 1, Avg: 1,5, Max: 2, Diff: 1, Sum: 6]
      [GC Worker Other (ms): Min: 0,0, Avg: 0,3, Max: 1,2, Diff: 1,2, Sum: 1,3]
      [GC Worker Total (ms): Min: 114,2, Avg: 117,8, Max: 119,8, Diff: 5,6, Sum: 471,2]
      [GC Worker End (ms): Min: 413236,2, Avg: 413236,8, Max: 413238,7, Diff: 2,5]
   [Code Root Fixup: 0,1 ms]
   [Code Root Purge: 0,0 ms]
   [Clear CT: 8,2 ms]
   [Other: 7,6 ms]
      [Choose CSet: 0,0 ms]
      [Ref Proc: 2,4 ms]
      [Ref Enq: 0,0 ms]
      [Redirty Cards: 3,7 ms]
      [Humongous Register: 0,1 ms]
      [Humongous Reclaim: 0,0 ms]
      [Free CSet: 0,9 ms]
   [Eden: 1358,0M(1358,0M)->0,0B(1176,0M) Survivors: 39,0M->53,0M Heap: 1607,0M(3200,0M)->263,0M(3200,0M)]
 [Times: user=0,25 sys=0,02, real=0,14 secs] 
2016-04-06T23:58:14.236+0200: 441,752: [GC pause (G1 Evacuation Pause) (young), 0,1055167 secs]
   [Parallel Time: 101,9 ms, GC Workers: 4]
      [GC Worker Start (ms): Min: 441752,5, Avg: 441754,4, Max: 441755,2, Diff: 2,7]
      [Ext Root Scanning (ms): Min: 0,7, Avg: 2,6, Max: 7,4, Diff: 6,7, Sum: 10,2]
      [Update RS (ms): Min: 12,0, Avg: 13,2, Max: 13,8, Diff: 1,8, Sum: 52,9]
         [Processed Buffers: Min: 11, Avg: 28,8, Max: 75, Diff: 64, Sum: 115]
      [Scan RS (ms): Min: 1,5, Avg: 4,0, Max: 8,6, Diff: 7,2, Sum: 15,9]
      [Code Root Scanning (ms): Min: 0,8, Avg: 2,5, Max: 3,4, Diff: 2,6, Sum: 10,0]
      [Object Copy (ms): Min: 65,1, Avg: 69,9, Max: 76,2, Diff: 11,1, Sum: 279,4]
      [Termination (ms): Min: 0,0, Avg: 5,3, Max: 7,6, Diff: 7,6, Sum: 21,3]
         [Termination Attempts: Min: 1, Avg: 1,0, Max: 1, Diff: 0, Sum: 4]
      [GC Worker Other (ms): Min: 0,0, Avg: 0,2, Max: 0,3, Diff: 0,3, Sum: 0,7]
      [GC Worker Total (ms): Min: 96,9, Avg: 97,6, Max: 99,5, Diff: 2,6, Sum: 390,4]
      [GC Worker End (ms): Min: 441852,0, Avg: 441852,1, Max: 441852,1, Diff: 0,0]
   [Code Root Fixup: 0,1 ms]
   [Code Root Purge: 0,0 ms]
   [Clear CT: 0,7 ms]
   [Other: 2,7 ms]
      [Choose CSet: 0,0 ms]
      [Ref Proc: 0,7 ms]
      [Ref Enq: 0,0 ms]
      [Redirty Cards: 0,5 ms]
      [Humongous Register: 0,1 ms]
      [Humongous Reclaim: 0,0 ms]
      [Free CSet: 0,8 ms]
   [Eden: 1176,0M(1176,0M)->0,0B(1294,0M) Survivors: 53,0M->69,0M Heap: 1439,0M(3200,0M)->278,5M(3200,0M)]
 [Times: user=0,19 sys=0,09, real=0,11 secs] 
2016-04-06T23:58:35.005+0200: 462,521: [GC pause (G1 Evacuation Pause) (young), 0,1659857 secs]
   [Parallel Time: 159,2 ms, GC Workers: 4]
      [GC Worker Start (ms): Min: 462521,4, Avg: 462534,6, Max: 462548,9, Diff: 27,5]
      [Ext Root Scanning (ms): Min: 0,1, Avg: 0,7, Max: 2,7, Diff: 2,7, Sum: 2,9]
      [Update RS (ms): Min: 0,0, Avg: 6,1, Max: 17,2, Diff: 17,2, Sum: 24,6]
         [Processed Buffers: Min: 0, Avg: 29,0, Max: 71, Diff: 71, Sum: 116]
      [Scan RS (ms): Min: 0,2, Avg: 1,0, Max: 1,8, Diff: 1,6, Sum: 3,8]
      [Code Root Scanning (ms): Min: 0,0, Avg: 1,0, Max: 2,0, Diff: 2,0, Sum: 3,8]
      [Object Copy (ms): Min: 116,1, Avg: 119,9, Max: 123,5, Diff: 7,4, Sum: 479,7]
      [Termination (ms): Min: 0,0, Avg: 10,6, Max: 14,3, Diff: 14,3, Sum: 42,5]
         [Termination Attempts: Min: 1, Avg: 4,5, Max: 11, Diff: 10, Sum: 18]
      [GC Worker Other (ms): Min: 0,0, Avg: 6,1, Max: 23,4, Diff: 23,4, Sum: 24,5]
      [GC Worker Total (ms): Min: 131,6, Avg: 145,5, Max: 158,3, Diff: 26,7, Sum: 581,9]
      [GC Worker End (ms): Min: 462679,6, Avg: 462680,0, Max: 462680,5, Diff: 0,9]
   [Code Root Fixup: 0,1 ms]
   [Code Root Purge: 0,0 ms]
   [Clear CT: 0,6 ms]
   [Other: 6,0 ms]
      [Choose CSet: 0,0 ms]
      [Ref Proc: 4,2 ms]
      [Ref Enq: 0,0 ms]
      [Redirty Cards: 0,4 ms]
      [Humongous Register: 0,1 ms]
      [Humongous Reclaim: 0,0 ms]
      [Free CSet: 0,8 ms]
   [Eden: 1294,0M(1294,0M)->0,0B(936,0M) Survivors: 69,0M->88,0M Heap: 1572,5M(3200,0M)->297,5M(3200,0M)]
 [Times: user=0,31 sys=0,11, real=0,17 secs] 
2016-04-06T23:58:46.889+0200: 474,405: [GC pause (G1 Evacuation Pause) (young), 0,2180928 secs]
   [Parallel Time: 214,9 ms, GC Workers: 4]
      [GC Worker Start (ms): Min: 474405,5, Avg: 474405,9, Max: 474406,5, Diff: 1,0]
      [Ext Root Scanning (ms): Min: 0,9, Avg: 2,1, Max: 3,6, Diff: 2,7, Sum: 8,4]
      [Update RS (ms): Min: 21,6, Avg: 27,1, Max: 35,5, Diff: 13,8, Sum: 108,4]
         [Processed Buffers: Min: 7, Avg: 30,5, Max: 61, Diff: 54, Sum: 122]
      [Scan RS (ms): Min: 0,1, Avg: 1,2, Max: 2,6, Diff: 2,5, Sum: 4,8]
      [Code Root Scanning (ms): Min: 0,0, Avg: 0,8, Max: 2,0, Diff: 2,0, Sum: 3,4]
      [Object Copy (ms): Min: 172,4, Avg: 176,3, Max: 177,9, Diff: 5,5, Sum: 705,2]
      [Termination (ms): Min: 0,0, Avg: 3,3, Max: 7,7, Diff: 7,7, Sum: 13,3]
         [Termination Attempts: Min: 1, Avg: 1,0, Max: 1, Diff: 0, Sum: 4]
      [GC Worker Other (ms): Min: 0,0, Avg: 0,1, Max: 0,1, Diff: 0,1, Sum: 0,3]
      [GC Worker Total (ms): Min: 209,8, Avg: 210,9, Max: 213,8, Diff: 4,0, Sum: 843,7]
      [GC Worker End (ms): Min: 474615,6, Avg: 474616,8, Max: 474620,3, Diff: 4,7]
   [Code Root Fixup: 0,1 ms]
   [Code Root Purge: 0,0 ms]
   [Clear CT: 0,5 ms]
   [Other: 2,6 ms]
      [Choose CSet: 0,0 ms]
      [Ref Proc: 0,7 ms]
      [Ref Enq: 0,0 ms]
      [Redirty Cards: 0,6 ms]
      [Humongous Register: 0,1 ms]
      [Humongous Reclaim: 0,0 ms]
      [Free CSet: 0,6 ms]
   [Eden: 936,0M(936,0M)->0,0B(682,0M) Survivors: 88,0M->73,0M Heap: 1233,5M(3200,0M)->309,8M(3200,0M)]
 [Times: user=0,34 sys=0,06, real=0,21 secs] 
2016-04-06T23:58:48.314+0200: 475,830: [GC pause (G1 Evacuation Pause) (young), 0,2053048 secs]
   [Parallel Time: 201,0 ms, GC Workers: 4]
      [GC Worker Start (ms): Min: 475830,1, Avg: 475835,0, Max: 475841,1, Diff: 11,0]
      [Ext Root Scanning (ms): Min: 0,1, Avg: 4,6, Max: 18,1, Diff: 18,0, Sum: 18,6]
      [Update RS (ms): Min: 0,0, Avg: 8,5, Max: 24,7, Diff: 24,7, Sum: 34,0]
         [Processed Buffers: Min: 0, Avg: 30,5, Max: 76, Diff: 76, Sum: 122]
      [Scan RS (ms): Min: 0,1, Avg: 9,6, Max: 15,1, Diff: 15,0, Sum: 38,3]
      [Code Root Scanning (ms): Min: 0,0, Avg: 0,3, Max: 0,7, Diff: 0,7, Sum: 1,3]
      [Object Copy (ms): Min: 144,5, Avg: 171,8, Max: 192,4, Diff: 47,9, Sum: 687,2]
      [Termination (ms): Min: 0,0, Avg: 1,1, Max: 1,5, Diff: 1,5, Sum: 4,2]
         [Termination Attempts: Min: 1, Avg: 1,2, Max: 2, Diff: 1, Sum: 5]
      [GC Worker Other (ms): Min: 0,0, Avg: 0,1, Max: 0,1, Diff: 0,1, Sum: 0,2]
      [GC Worker Total (ms): Min: 189,9, Avg: 196,0, Max: 200,9, Diff: 11,0, Sum: 783,9]
      [GC Worker End (ms): Min: 476031,0, Avg: 476031,0, Max: 476031,0, Diff: 0,1]
   [Code Root Fixup: 0,1 ms]
   [Code Root Purge: 0,0 ms]
   [Clear CT: 0,4 ms]
   [Other: 3,8 ms]
      [Choose CSet: 0,0 ms]
      [Ref Proc: 0,6 ms]
      [Ref Enq: 0,0 ms]
      [Redirty Cards: 1,9 ms]
      [Humongous Register: 0,2 ms]
      [Humongous Reclaim: 0,0 ms]
      [Free CSet: 0,3 ms]
   [Eden: 107,0M(107,0M)->0,0B(1913,0M) Survivors: 73,0M->7168,0K Heap: 416,8M(3200,0M)->313,0M(3200,0M)]
 [Times: user=0,25 sys=0,22, real=0,20 secs] 
2016-04-06T23:59:08.635+0200: 496,150: [GC pause (G1 Evacuation Pause) (young), 0,0951644 secs]
   [Parallel Time: 90,2 ms, GC Workers: 4]
      [GC Worker Start (ms): Min: 496150,9, Avg: 496151,3, Max: 496151,9, Diff: 1,0]
      [Ext Root Scanning (ms): Min: 0,4, Avg: 1,0, Max: 1,4, Diff: 1,0, Sum: 3,9]
      [Update RS (ms): Min: 22,8, Avg: 23,3, Max: 24,3, Diff: 1,4, Sum: 93,0]
         [Processed Buffers: Min: 11, Avg: 37,8, Max: 54, Diff: 43, Sum: 151]
      [Scan RS (ms): Min: 2,3, Avg: 6,3, Max: 12,0, Diff: 9,7, Sum: 25,0]
      [Code Root Scanning (ms): Min: 1,1, Avg: 2,6, Max: 5,3, Diff: 4,2, Sum: 10,6]
      [Object Copy (ms): Min: 50,9, Avg: 56,1, Max: 57,9, Diff: 7,0, Sum: 224,5]
      [Termination (ms): Min: 0,0, Avg: 0,1, Max: 0,2, Diff: 0,2, Sum: 0,5]
         [Termination Attempts: Min: 1, Avg: 1,2, Max: 2, Diff: 1, Sum: 5]
      [GC Worker Other (ms): Min: 0,0, Avg: 0,1, Max: 0,2, Diff: 0,2, Sum: 0,5]
      [GC Worker Total (ms): Min: 88,9, Avg: 89,5, Max: 90,0, Diff: 1,1, Sum: 358,1]
      [GC Worker End (ms): Min: 496240,8, Avg: 496240,9, Max: 496240,9, Diff: 0,1]
   [Code Root Fixup: 0,1 ms]
   [Code Root Purge: 0,0 ms]
   [Clear CT: 0,7 ms]
   [Other: 4,0 ms]
      [Choose CSet: 0,0 ms]
      [Ref Proc: 0,6 ms]
      [Ref Enq: 0,0 ms]
      [Redirty Cards: 0,7 ms]
      [Humongous Register: 0,1 ms]
      [Humongous Reclaim: 0,0 ms]
      [Free CSet: 2,1 ms]
   [Eden: 1913,0M(1913,0M)->0,0B(1890,0M) Survivors: 7168,0K->30,0M Heap: 2226,0M(3200,0M)->336,5M(3200,0M)]
 [Times: user=0,22 sys=0,01, real=0,10 secs] 
2016-04-06T23:59:26.645+0200: 514,161: [GC pause (G1 Evacuation Pause) (young), 0,1711217 secs]
   [Parallel Time: 167,3 ms, GC Workers: 4]
      [GC Worker Start (ms): Min: 514161,0, Avg: 514165,3, Max: 514168,2, Diff: 7,3]
      [Ext Root Scanning (ms): Min: 0,1, Avg: 2,2, Max: 8,2, Diff: 8,1, Sum: 8,7]
      [Update RS (ms): Min: 9,3, Avg: 11,1, Max: 13,3, Diff: 4,0, Sum: 44,4]
         [Processed Buffers: Min: 10, Avg: 27,5, Max: 44, Diff: 34, Sum: 110]
      [Scan RS (ms): Min: 1,2, Avg: 2,9, Max: 7,1, Diff: 5,9, Sum: 11,7]
      [Code Root Scanning (ms): Min: 0,8, Avg: 2,5, Max: 6,5, Diff: 5,7, Sum: 9,9]
      [Object Copy (ms): Min: 142,1, Avg: 143,7, Max: 145,2, Diff: 3,1, Sum: 574,9]
      [Termination (ms): Min: 0,1, Avg: 0,2, Max: 0,4, Diff: 0,4, Sum: 0,8]
         [Termination Attempts: Min: 1, Avg: 1,0, Max: 1, Diff: 0, Sum: 4]
      [GC Worker Other (ms): Min: 0,0, Avg: 0,2, Max: 0,4, Diff: 0,4, Sum: 0,8]
      [GC Worker Total (ms): Min: 159,7, Avg: 162,8, Max: 167,2, Diff: 7,4, Sum: 651,2]
      [GC Worker End (ms): Min: 514327,9, Avg: 514328,1, Max: 514328,2, Diff: 0,2]
   [Code Root Fixup: 0,1 ms]
   [Code Root Purge: 0,0 ms]
   [Clear CT: 0,8 ms]
   [Other: 2,9 ms]
      [Choose CSet: 0,0 ms]
      [Ref Proc: 0,4 ms]
      [Ref Enq: 0,0 ms]
      [Redirty Cards: 0,9 ms]
      [Humongous Register: 0,2 ms]
      [Humongous Reclaim: 0,0 ms]
      [Free CSet: 1,0 ms]
   [Eden: 1890,0M(1890,0M)->0,0B(1021,0M) Survivors: 30,0M->53,0M Heap: 2226,5M(3200,0M)->359,5M(3200,0M)]
 [Times: user=0,26 sys=0,01, real=0,17 secs] 
2016-04-06T23:59:41.040+0200: 528,556: [GC pause (G1 Evacuation Pause) (young), 0,1698166 secs]
   [Parallel Time: 157,7 ms, GC Workers: 4]
      [GC Worker Start (ms): Min: 528556,5, Avg: 528562,8, Max: 528569,3, Diff: 12,9]
      [Ext Root Scanning (ms): Min: 0,1, Avg: 0,7, Max: 1,5, Diff: 1,4, Sum: 2,8]
      [Update RS (ms): Min: 7,6, Avg: 18,4, Max: 27,8, Diff: 20,2, Sum: 73,5]
         [Processed Buffers: Min: 11, Avg: 27,2, Max: 55, Diff: 44, Sum: 109]
      [Scan RS (ms): Min: 0,1, Avg: 1,1, Max: 2,4, Diff: 2,3, Sum: 4,3]
      [Code Root Scanning (ms): Min: 0,0, Avg: 0,9, Max: 3,0, Diff: 3,0, Sum: 3,6]
      [Object Copy (ms): Min: 120,5, Avg: 124,5, Max: 127,5, Diff: 7,1, Sum: 498,1]
      [Termination (ms): Min: 0,1, Avg: 3,7, Max: 5,1, Diff: 5,0, Sum: 14,6]
         [Termination Attempts: Min: 1, Avg: 2,0, Max: 3, Diff: 2, Sum: 8]
      [GC Worker Other (ms): Min: 0,1, Avg: 0,1, Max: 0,2, Diff: 0,1, Sum: 0,5]
      [GC Worker Total (ms): Min: 143,4, Avg: 149,4, Max: 155,4, Diff: 12,0, Sum: 597,5]
      [GC Worker End (ms): Min: 528711,9, Avg: 528712,2, Max: 528712,7, Diff: 0,8]
   [Code Root Fixup: 0,2 ms]
   [Code Root Purge: 0,0 ms]
   [Clear CT: 3,2 ms]
   [Other: 8,7 ms]
      [Choose CSet: 0,0 ms]
      [Ref Proc: 5,8 ms]
      [Ref Enq: 0,0 ms]
      [Redirty Cards: 1,3 ms]
      [Humongous Register: 0,1 ms]
      [Humongous Reclaim: 0,0 ms]
      [Free CSet: 0,8 ms]
   [Eden: 1021,0M(1021,0M)->0,0B(598,0M) Survivors: 53,0M->66,0M Heap: 1380,5M(3200,0M)->372,5M(3200,0M)]
 [Times: user=0,30 sys=0,06, real=0,17 secs] 
2016-04-06T23:59:46.835+0200: 534,351: [GC pause (G1 Evacuation Pause) (young), 0,2400660 secs]
   [Parallel Time: 235,4 ms, GC Workers: 4]
      [GC Worker Start (ms): Min: 534354,1, Avg: 534354,4, Max: 534354,6, Diff: 0,5]
      [Ext Root Scanning (ms): Min: 2,4, Avg: 3,9, Max: 5,7, Diff: 3,3, Sum: 15,7]
      [Update RS (ms): Min: 4,4, Avg: 7,1, Max: 9,8, Diff: 5,4, Sum: 28,3]
         [Processed Buffers: Min: 7, Avg: 27,0, Max: 60, Diff: 53, Sum: 108]
      [Scan RS (ms): Min: 1,1, Avg: 2,3, Max: 5,1, Diff: 3,9, Sum: 9,2]
      [Code Root Scanning (ms): Min: 0,7, Avg: 2,8, Max: 5,7, Diff: 4,9, Sum: 11,0]
      [Object Copy (ms): Min: 205,2, Avg: 212,0, Max: 218,6, Diff: 13,5, Sum: 847,9]
      [Termination (ms): Min: 0,0, Avg: 1,4, Max: 2,2, Diff: 2,2, Sum: 5,5]
         [Termination Attempts: Min: 1, Avg: 1,5, Max: 2, Diff: 1, Sum: 6]
      [GC Worker Other (ms): Min: 0,1, Avg: 3,7, Max: 10,2, Diff: 10,1, Sum: 14,6]
      [GC Worker Total (ms): Min: 233,0, Avg: 233,3, Max: 234,1, Diff: 1,1, Sum: 933,2]
      [GC Worker End (ms): Min: 534587,5, Avg: 534587,7, Max: 534588,2, Diff: 0,7]
   [Code Root Fixup: 0,1 ms]
   [Code Root Purge: 0,0 ms]
   [Clear CT: 0,4 ms]
   [Other: 4,2 ms]
      [Choose CSet: 0,0 ms]
      [Ref Proc: 0,5 ms]
      [Ref Enq: 0,0 ms]
      [Redirty Cards: 0,7 ms]
      [Humongous Register: 0,1 ms]
      [Humongous Reclaim: 0,0 ms]
      [Free CSet: 0,4 ms]
   [Eden: 598,0M(598,0M)->0,0B(1015,0M) Survivors: 66,0M->47,0M Heap: 970,5M(3200,0M)->382,4M(3200,0M)]
 [Times: user=0,32 sys=0,19, real=0,24 secs] 
2016-04-06T23:59:57.341+0200: 544,857: [GC pause (G1 Evacuation Pause) (young), 0,2347840 secs]
   [Parallel Time: 229,3 ms, GC Workers: 4]
      [GC Worker Start (ms): Min: 544858,9, Avg: 544860,1, Max: 544862,2, Diff: 3,3]
      [Ext Root Scanning (ms): Min: 0,0, Avg: 2,1, Max: 6,6, Diff: 6,5, Sum: 8,5]
      [Update RS (ms): Min: 14,8, Avg: 18,7, Max: 20,6, Diff: 5,9, Sum: 74,8]
         [Processed Buffers: Min: 18, Avg: 35,2, Max: 79, Diff: 61, Sum: 141]
      [Scan RS (ms): Min: 1,7, Avg: 8,2, Max: 17,5, Diff: 15,8, Sum: 32,8]
      [Code Root Scanning (ms): Min: 0,4, Avg: 3,2, Max: 8,6, Diff: 8,1, Sum: 12,9]
      [Object Copy (ms): Min: 181,8, Avg: 188,8, Max: 192,4, Diff: 10,6, Sum: 755,2]
      [Termination (ms): Min: 0,0, Avg: 3,1, Max: 4,1, Diff: 4,1, Sum: 12,2]
         [Termination Attempts: Min: 1, Avg: 1,0, Max: 1, Diff: 0, Sum: 4]
      [GC Worker Other (ms): Min: 0,0, Avg: 0,3, Max: 1,2, Diff: 1,2, Sum: 1,4]
      [GC Worker Total (ms): Min: 222,1, Avg: 224,5, Max: 225,4, Diff: 3,3, Sum: 897,9]
      [GC Worker End (ms): Min: 545084,3, Avg: 545084,6, Max: 545085,6, Diff: 1,3]
   [Code Root Fixup: 0,1 ms]
   [Code Root Purge: 0,0 ms]
   [Clear CT: 0,7 ms]
   [Other: 4,7 ms]
      [Choose CSet: 0,2 ms]
      [Ref Proc: 0,5 ms]
      [Ref Enq: 0,0 ms]
      [Redirty Cards: 0,6 ms]
      [Humongous Register: 0,2 ms]
      [Humongous Reclaim: 0,0 ms]
      [Free CSet: 0,5 ms]
   [Eden: 621,0M(621,0M)->0,0B(1064,0M) Survivors: 47,0M->32,0M Heap: 1003,4M(3200,0M)->388,5M(3200,0M)]
 [Times: user=0,21 sys=0,14, real=0,23 secs] 
2016-04-07T00:00:05.942+0200: 553,457: [GC pause (G1 Evacuation Pause) (young), 0,1042099 secs]
   [Parallel Time: 100,3 ms, GC Workers: 4]
      [GC Worker Start (ms): Min: 553458,0, Avg: 553458,6, Max: 553459,8, Diff: 1,8]
      [Ext Root Scanning (ms): Min: 0,1, Avg: 4,4, Max: 9,4, Diff: 9,3, Sum: 17,7]
      [Update RS (ms): Min: 16,7, Avg: 23,5, Max: 28,9, Diff: 12,2, Sum: 93,9]
         [Processed Buffers: Min: 20, Avg: 46,0, Max: 101, Diff: 81, Sum: 184]
      [Scan RS (ms): Min: 0,1, Avg: 5,4, Max: 8,2, Diff: 8,1, Sum: 21,4]
      [Code Root Scanning (ms): Min: 0,0, Avg: 5,1, Max: 18,7, Diff: 18,7, Sum: 20,3]
      [Object Copy (ms): Min: 47,9, Avg: 60,7, Max: 65,5, Diff: 17,6, Sum: 242,7]
      [Termination (ms): Min: 0,0, Avg: 0,1, Max: 0,2, Diff: 0,2, Sum: 0,4]
         [Termination Attempts: Min: 1, Avg: 1,0, Max: 1, Diff: 0, Sum: 4]
      [GC Worker Other (ms): Min: 0,1, Avg: 0,2, Max: 0,5, Diff: 0,4, Sum: 0,8]
      [GC Worker Total (ms): Min: 98,2, Avg: 99,3, Max: 100,0, Diff: 1,8, Sum: 397,3]
      [GC Worker End (ms): Min: 553557,8, Avg: 553557,9, Max: 553558,0, Diff: 0,2]
   [Code Root Fixup: 0,1 ms]
   [Code Root Purge: 0,0 ms]
   [Clear CT: 0,6 ms]
   [Other: 3,2 ms]
      [Choose CSet: 0,0 ms]
      [Ref Proc: 0,5 ms]
      [Ref Enq: 0,0 ms]
      [Redirty Cards: 1,2 ms]
      [Humongous Register: 0,3 ms]
      [Humongous Reclaim: 0,0 ms]
      [Free CSet: 0,7 ms]
   [Eden: 918,0M(918,0M)->0,0B(863,0M) Survivors: 32,0M->44,0M Heap: 1306,5M(3200,0M)->400,5M(3200,0M)]
 [Times: user=0,20 sys=0,03, real=0,10 secs] 
2016-04-07T00:00:13.467+0200: 560,983: [GC pause (G1 Evacuation Pause) (young), 0,0760738 secs]
   [Parallel Time: 73,4 ms, GC Workers: 4]
      [GC Worker Start (ms): Min: 560983,6, Avg: 560985,4, Max: 560986,9, Diff: 3,2]
      [Ext Root Scanning (ms): Min: 0,2, Avg: 0,8, Max: 1,5, Diff: 1,3, Sum: 3,0]
      [Update RS (ms): Min: 7,4, Avg: 8,6, Max: 9,6, Diff: 2,2, Sum: 34,4]
         [Processed Buffers: Min: 11, Avg: 29,8, Max: 49, Diff: 38, Sum: 119]
      [Scan RS (ms): Min: 0,9, Avg: 1,3, Max: 1,7, Diff: 0,8, Sum: 5,0]
      [Code Root Scanning (ms): Min: 1,2, Avg: 1,6, Max: 2,0, Diff: 0,8, Sum: 6,3]
      [Object Copy (ms): Min: 57,6, Avg: 58,5, Max: 59,2, Diff: 1,6, Sum: 234,1]
      [Termination (ms): Min: 0,0, Avg: 0,4, Max: 0,6, Diff: 0,6, Sum: 1,6]
         [Termination Attempts: Min: 1, Avg: 1,2, Max: 2, Diff: 1, Sum: 5]
      [GC Worker Other (ms): Min: 0,1, Avg: 0,4, Max: 0,9, Diff: 0,9, Sum: 1,7]
      [GC Worker Total (ms): Min: 70,1, Avg: 71,6, Max: 73,4, Diff: 3,2, Sum: 286,5]
      [GC Worker End (ms): Min: 561057,0, Avg: 561057,0, Max: 561057,0, Diff: 0,0]
   [Code Root Fixup: 0,0 ms]
   [Code Root Purge: 0,0 ms]
   [Clear CT: 0,5 ms]
   [Other: 2,1 ms]
      [Choose CSet: 0,0 ms]
      [Ref Proc: 0,6 ms]
      [Ref Enq: 0,0 ms]
      [Redirty Cards: 0,4 ms]
      [Humongous Register: 0,1 ms]
      [Humongous Reclaim: 0,0 ms]
      [Free CSet: 0,5 ms]
   [Eden: 863,0M(863,0M)->0,0B(1174,0M) Survivors: 44,0M->50,0M Heap: 1263,5M(3200,0M)->406,5M(3200,0M)]
 [Times: user=0,18 sys=0,01, real=0,08 secs] 
2016-04-07T00:00:24.257+0200: 571,773: [GC pause (G1 Evacuation Pause) (young), 0,1688315 secs]
   [Parallel Time: 164,9 ms, GC Workers: 4]
      [GC Worker Start (ms): Min: 571775,3, Avg: 571780,4, Max: 571786,2, Diff: 11,0]
      [Ext Root Scanning (ms): Min: 0,1, Avg: 5,0, Max: 17,3, Diff: 17,2, Sum: 20,1]
      [Update RS (ms): Min: 23,7, Avg: 33,8, Max: 41,1, Diff: 17,4, Sum: 135,2]
         [Processed Buffers: Min: 7, Avg: 29,2, Max: 51, Diff: 44, Sum: 117]
      [Scan RS (ms): Min: 0,1, Avg: 1,0, Max: 2,0, Diff: 1,9, Sum: 4,1]
      [Code Root Scanning (ms): Min: 0,0, Avg: 0,8, Max: 1,5, Diff: 1,5, Sum: 3,0]
      [Object Copy (ms): Min: 112,2, Avg: 116,8, Max: 118,4, Diff: 6,2, Sum: 467,0]
      [Termination (ms): Min: 0,0, Avg: 0,1, Max: 0,2, Diff: 0,2, Sum: 0,4]
         [Termination Attempts: Min: 1, Avg: 1,0, Max: 1, Diff: 0, Sum: 4]
      [GC Worker Other (ms): Min: 0,0, Avg: 0,1, Max: 0,1, Diff: 0,1, Sum: 0,3]
      [GC Worker Total (ms): Min: 151,7, Avg: 157,5, Max: 162,7, Diff: 11,0, Sum: 630,2]
      [GC Worker End (ms): Min: 571938,0, Avg: 571938,0, Max: 571938,0, Diff: 0,0]
   [Code Root Fixup: 0,1 ms]
   [Code Root Purge: 0,0 ms]
   [Clear CT: 0,9 ms]
   [Other: 2,9 ms]
      [Choose CSet: 0,0 ms]
      [Ref Proc: 0,7 ms]
      [Ref Enq: 0,0 ms]
      [Redirty Cards: 0,5 ms]
      [Humongous Register: 0,2 ms]
      [Humongous Reclaim: 0,0 ms]
      [Free CSet: 1,0 ms]
   [Eden: 1174,0M(1174,0M)->0,0B(655,0M) Survivors: 50,0M->64,0M Heap: 1580,5M(3200,0M)->420,5M(3200,0M)]
 [Times: user=0,32 sys=0,03, real=0,17 secs] 
2016-04-07T00:00:29.924+0200: 577,440: [GC pause (G1 Evacuation Pause) (young), 0,2148176 secs]
   [Parallel Time: 209,4 ms, GC Workers: 4]
      [GC Worker Start (ms): Min: 577440,9, Avg: 577445,9, Max: 577449,5, Diff: 8,6]
      [Ext Root Scanning (ms): Min: 4,2, Avg: 28,8, Max: 54,8, Diff: 50,6, Sum: 115,2]
      [Update RS (ms): Min: 0,3, Avg: 7,2, Max: 27,1, Diff: 26,8, Sum: 28,7]
         [Processed Buffers: Min: 0, Avg: 29,0, Max: 99, Diff: 99, Sum: 116]
      [Scan RS (ms): Min: 0,4, Avg: 1,1, Max: 1,8, Diff: 1,4, Sum: 4,3]
      [Code Root Scanning (ms): Min: 0,0, Avg: 0,5, Max: 1,6, Diff: 1,6, Sum: 2,1]
      [Object Copy (ms): Min: 123,1, Avg: 141,7, Max: 154,7, Diff: 31,6, Sum: 566,8]
      [Termination (ms): Min: 0,0, Avg: 15,8, Max: 21,8, Diff: 21,8, Sum: 63,3]
         [Termination Attempts: Min: 1, Avg: 1,8, Max: 4, Diff: 3, Sum: 7]
      [GC Worker Other (ms): Min: 0,1, Avg: 8,3, Max: 17,1, Diff: 17,0, Sum: 33,2]
      [GC Worker Total (ms): Min: 199,8, Avg: 203,5, Max: 208,5, Diff: 8,7, Sum: 814,1]
      [GC Worker End (ms): Min: 577649,4, Avg: 577649,4, Max: 577649,4, Diff: 0,1]
   [Code Root Fixup: 0,1 ms]
   [Code Root Purge: 0,0 ms]
   [Clear CT: 0,3 ms]
   [Other: 4,9 ms]
      [Choose CSet: 0,0 ms]
      [Ref Proc: 2,6 ms]
      [Ref Enq: 0,0 ms]
      [Redirty Cards: 1,0 ms]
      [Humongous Register: 0,3 ms]
      [Humongous Reclaim: 0,0 ms]
      [Free CSet: 0,4 ms]
   [Eden: 655,0M(655,0M)->0,0B(1106,0M) Survivors: 64,0M->46,0M Heap: 1075,5M(3200,0M)->427,2M(3200,0M)]
 [Times: user=0,22 sys=0,31, real=0,21 secs] 
2016-04-07T00:00:35.184+0200: 582,699: [GC pause (G1 Evacuation Pause) (young), 0,2027385 secs]
   [Parallel Time: 198,6 ms, GC Workers: 4]
      [GC Worker Start (ms): Min: 582703,2, Avg: 582705,7, Max: 582709,7, Diff: 6,4]
      [Ext Root Scanning (ms): Min: 0,1, Avg: 1,1, Max: 2,3, Diff: 2,2, Sum: 4,5]
      [Update RS (ms): Min: 26,0, Avg: 29,0, Max: 30,6, Diff: 4,6, Sum: 116,0]
         [Processed Buffers: Min: 9, Avg: 45,2, Max: 76, Diff: 67, Sum: 181]
      [Scan RS (ms): Min: 5,4, Avg: 6,2, Max: 7,8, Diff: 2,5, Sum: 25,0]
      [Code Root Scanning (ms): Min: 0,1, Avg: 0,5, Max: 0,8, Diff: 0,7, Sum: 2,0]
      [Object Copy (ms): Min: 154,3, Avg: 156,0, Max: 156,7, Diff: 2,4, Sum: 623,9]
      [Termination (ms): Min: 0,0, Avg: 0,1, Max: 0,1, Diff: 0,1, Sum: 0,4]
         [Termination Attempts: Min: 1, Avg: 1,0, Max: 1, Diff: 0, Sum: 4]
      [GC Worker Other (ms): Min: 0,0, Avg: 0,1, Max: 0,1, Diff: 0,1, Sum: 0,3]
      [GC Worker Total (ms): Min: 189,0, Avg: 193,0, Max: 195,4, Diff: 6,4, Sum: 771,9]
      [GC Worker End (ms): Min: 582898,6, Avg: 582898,7, Max: 582898,7, Diff: 0,0]
   [Code Root Fixup: 0,4 ms]
   [Code Root Purge: 0,0 ms]
   [Clear CT: 0,6 ms]
   [Other: 3,2 ms]
      [Choose CSet: 0,0 ms]
      [Ref Proc: 1,1 ms]
      [Ref Enq: 0,0 ms]
      [Redirty Cards: 0,4 ms]
      [Humongous Register: 0,1 ms]
      [Humongous Reclaim: 0,0 ms]
      [Free CSet: 0,6 ms]
   [Eden: 592,0M(592,0M)->0,0B(648,0M) Survivors: 46,0M->42,0M Heap: 1019,2M(3200,0M)->433,5M(3200,0M)]
 [Times: user=0,22 sys=0,23, real=0,20 secs] 
2016-04-07T00:00:41.055+0200: 588,571: [GC pause (G1 Evacuation Pause) (young), 0,0819898 secs]
   [Parallel Time: 78,5 ms, GC Workers: 4]
      [GC Worker Start (ms): Min: 588571,9, Avg: 588572,8, Max: 588575,2, Diff: 3,3]
      [Ext Root Scanning (ms): Min: 0,0, Avg: 1,5, Max: 3,5, Diff: 3,5, Sum: 6,0]
      [Update RS (ms): Min: 16,4, Avg: 18,2, Max: 19,2, Diff: 2,8, Sum: 72,7]
         [Processed Buffers: Min: 14, Avg: 42,5, Max: 71, Diff: 57, Sum: 170]
      [Scan RS (ms): Min: 1,7, Avg: 2,8, Max: 4,8, Diff: 3,1, Sum: 11,4]
      [Code Root Scanning (ms): Min: 0,1, Avg: 0,7, Max: 1,8, Diff: 1,7, Sum: 2,9]
      [Object Copy (ms): Min: 52,8, Avg: 54,1, Max: 54,6, Diff: 1,8, Sum: 216,4]
      [Termination (ms): Min: 0,0, Avg: 0,1, Max: 0,1, Diff: 0,1, Sum: 0,3]
         [Termination Attempts: Min: 1, Avg: 1,5, Max: 2, Diff: 1, Sum: 6]
      [GC Worker Other (ms): Min: 0,0, Avg: 0,1, Max: 0,1, Diff: 0,0, Sum: 0,2]
      [GC Worker Total (ms): Min: 75,0, Avg: 77,5, Max: 78,3, Diff: 3,3, Sum: 309,9]
      [GC Worker End (ms): Min: 588650,2, Avg: 588650,2, Max: 588650,3, Diff: 0,0]
   [Code Root Fixup: 0,1 ms]
   [Code Root Purge: 0,0 ms]
   [Clear CT: 0,4 ms]
   [Other: 3,1 ms]
      [Choose CSet: 0,0 ms]
      [Ref Proc: 0,4 ms]
      [Ref Enq: 0,0 ms]
      [Redirty Cards: 0,8 ms]
      [Humongous Register: 0,1 ms]
      [Humongous Reclaim: 0,0 ms]
      [Free CSet: 0,5 ms]
   [Eden: 648,0M(648,0M)->0,0B(990,0M) Survivors: 42,0M->49,0M Heap: 1081,5M(3200,0M)->440,5M(3200,0M)]
 [Times: user=0,14 sys=0,07, real=0,08 secs] 
2016-04-07T00:00:49.810+0200: 597,326: [GC pause (G1 Evacuation Pause) (young), 0,1452232 secs]
   [Parallel Time: 142,2 ms, GC Workers: 4]
      [GC Worker Start (ms): Min: 597326,3, Avg: 597330,5, Max: 597336,2, Diff: 9,9]
      [Ext Root Scanning (ms): Min: 0,1, Avg: 2,9, Max: 9,1, Diff: 9,1, Sum: 11,4]
      [Update RS (ms): Min: 10,0, Avg: 18,2, Max: 29,9, Diff: 19,9, Sum: 72,8]
         [Processed Buffers: Min: 7, Avg: 30,5, Max: 51, Diff: 44, Sum: 122]
      [Scan RS (ms): Min: 0,1, Avg: 0,7, Max: 1,0, Diff: 0,8, Sum: 2,8]
      [Code Root Scanning (ms): Min: 0,0, Avg: 5,5, Max: 11,4, Diff: 11,4, Sum: 22,1]
      [Object Copy (ms): Min: 101,1, Avg: 108,9, Max: 116,2, Diff: 15,2, Sum: 435,6]
      [Termination (ms): Min: 0,0, Avg: 1,3, Max: 1,8, Diff: 1,8, Sum: 5,2]
         [Termination Attempts: Min: 1, Avg: 1,0, Max: 1, Diff: 0, Sum: 4]
      [GC Worker Other (ms): Min: 0,0, Avg: 0,1, Max: 0,1, Diff: 0,1, Sum: 0,3]
      [GC Worker Total (ms): Min: 131,9, Avg: 137,6, Max: 141,8, Diff: 9,9, Sum: 550,3]
      [GC Worker End (ms): Min: 597468,1, Avg: 597468,1, Max: 597468,2, Diff: 0,1]
   [Code Root Fixup: 0,1 ms]
   [Code Root Purge: 0,0 ms]
   [Clear CT: 0,7 ms]
   [Other: 2,3 ms]
      [Choose CSet: 0,0 ms]
      [Ref Proc: 0,6 ms]
      [Ref Enq: 0,0 ms]
      [Redirty Cards: 0,4 ms]
      [Humongous Register: 0,2 ms]
      [Humongous Reclaim: 0,0 ms]
      [Free CSet: 0,6 ms]
   [Eden: 990,0M(990,0M)->0,0B(976,0M) Survivors: 49,0M->59,0M Heap: 1430,5M(3200,0M)->450,5M(3200,0M)]
 [Times: user=0,21 sys=0,03, real=0,14 secs] 
2016-04-07T00:00:58.586+0200: 606,102: [GC pause (G1 Evacuation Pause) (young), 0,1574872 secs]
   [Parallel Time: 153,7 ms, GC Workers: 4]
      [GC Worker Start (ms): Min: 606111,1, Avg: 606114,4, Max: 606116,4, Diff: 5,2]
      [Ext Root Scanning (ms): Min: 0,1, Avg: 2,3, Max: 8,8, Diff: 8,7, Sum: 9,1]
      [Update RS (ms): Min: 14,4, Avg: 18,2, Max: 20,7, Diff: 6,3, Sum: 72,9]
         [Processed Buffers: Min: 8, Avg: 31,0, Max: 45, Diff: 37, Sum: 124]
      [Scan RS (ms): Min: 0,5, Avg: 0,9, Max: 1,2, Diff: 0,7, Sum: 3,7]
      [Code Root Scanning (ms): Min: 0,3, Avg: 3,8, Max: 13,1, Diff: 12,8, Sum: 15,3]
      [Object Copy (ms): Min: 105,4, Avg: 110,8, Max: 112,9, Diff: 7,5, Sum: 443,2]
      [Termination (ms): Min: 0,0, Avg: 3,8, Max: 5,2, Diff: 5,2, Sum: 15,3]
         [Termination Attempts: Min: 1, Avg: 1,2, Max: 2, Diff: 1, Sum: 5]
      [GC Worker Other (ms): Min: 0,0, Avg: 0,0, Max: 0,0, Diff: 0,0, Sum: 0,1]
      [GC Worker Total (ms): Min: 137,7, Avg: 139,9, Max: 143,3, Diff: 5,6, Sum: 559,7]
      [GC Worker End (ms): Min: 606254,0, Avg: 606254,3, Max: 606254,5, Diff: 0,4]
   [Code Root Fixup: 0,1 ms]
   [Code Root Purge: 0,0 ms]
   [Clear CT: 0,7 ms]
   [Other: 3,0 ms]
      [Choose CSet: 0,0 ms]
      [Ref Proc: 0,7 ms]
      [Ref Enq: 0,0 ms]
      [Redirty Cards: 0,5 ms]
      [Humongous Register: 0,1 ms]
      [Humongous Reclaim: 0,0 ms]
      [Free CSet: 0,9 ms]
   [Eden: 976,0M(976,0M)->0,0B(897,0M) Survivors: 59,0M->71,0M Heap: 1426,5M(3200,0M)->462,5M(3200,0M)]
 [Times: user=0,28 sys=0,04, real=0,16 secs] 
2016-04-07T00:01:06.723+0200: 614,239: [GC pause (G1 Evacuation Pause) (young), 0,5317407 secs]
   [Parallel Time: 525,1 ms, GC Workers: 4]
      [GC Worker Start (ms): Min: 614239,4, Avg: 614242,4, Max: 614244,5, Diff: 5,1]
      [Ext Root Scanning (ms): Min: 0,1, Avg: 1,2, Max: 3,6, Diff: 3,5, Sum: 4,9]
      [Update RS (ms): Min: 17,5, Avg: 19,4, Max: 20,8, Diff: 3,3, Sum: 77,4]
         [Processed Buffers: Min: 13, Avg: 30,5, Max: 54, Diff: 41, Sum: 122]
      [Scan RS (ms): Min: 0,1, Avg: 1,8, Max: 5,6, Diff: 5,5, Sum: 7,2]
      [Code Root Scanning (ms): Min: 0,0, Avg: 0,5, Max: 1,0, Diff: 1,0, Sum: 2,0]
      [Object Copy (ms): Min: 464,4, Avg: 484,8, Max: 499,4, Diff: 35,0, Sum: 1939,4]
      [Termination (ms): Min: 0,1, Avg: 13,9, Max: 35,7, Diff: 35,6, Sum: 55,7]
         [Termination Attempts: Min: 1, Avg: 1,5, Max: 2, Diff: 1, Sum: 6]
      [GC Worker Other (ms): Min: 0,0, Avg: 0,1, Max: 0,1, Diff: 0,0, Sum: 0,2]
      [GC Worker Total (ms): Min: 519,8, Avg: 521,7, Max: 524,7, Diff: 4,9, Sum: 2087,0]
      [GC Worker End (ms): Min: 614764,0, Avg: 614764,1, Max: 614764,3, Diff: 0,3]
   [Code Root Fixup: 0,1 ms]
   [Code Root Purge: 0,0 ms]
   [Clear CT: 0,7 ms]
   [Other: 5,9 ms]
      [Choose CSet: 0,0 ms]
      [Ref Proc: 3,8 ms]
      [Ref Enq: 0,0 ms]
      [Redirty Cards: 0,5 ms]
      [Humongous Register: 0,2 ms]
      [Humongous Reclaim: 0,0 ms]
      [Free CSet: 0,6 ms]
   [Eden: 897,0M(897,0M)->0,0B(100,0M) Survivors: 71,0M->60,0M Heap: 1359,5M(3200,0M)->472,5M(3200,0M)]
 [Times: user=0,32 sys=0,76, real=0,53 secs] 
2016-04-07T00:01:07.945+0200: 615,461: [GC pause (G1 Evacuation Pause) (young), 0,4034138 secs]
   [Parallel Time: 400,5 ms, GC Workers: 4]
      [GC Worker Start (ms): Min: 615462,3, Avg: 615465,7, Max: 615468,0, Diff: 5,8]
      [Ext Root Scanning (ms): Min: 0,0, Avg: 2,7, Max: 8,8, Diff: 8,7, Sum: 10,9]
      [Update RS (ms): Min: 56,4, Avg: 58,8, Max: 61,5, Diff: 5,1, Sum: 235,0]
         [Processed Buffers: Min: 29, Avg: 53,8, Max: 83, Diff: 54, Sum: 215]
      [Scan RS (ms): Min: 6,0, Avg: 9,7, Max: 12,8, Diff: 6,7, Sum: 39,0]
      [Code Root Scanning (ms): Min: 0,1, Avg: 0,6, Max: 2,0, Diff: 1,9, Sum: 2,2]
      [Object Copy (ms): Min: 318,8, Avg: 322,0, Max: 326,1, Diff: 7,2, Sum: 1288,0]
      [Termination (ms): Min: 0,0, Avg: 1,7, Max: 2,5, Diff: 2,5, Sum: 6,7]
         [Termination Attempts: Min: 1, Avg: 1,2, Max: 2, Diff: 1, Sum: 5]
      [GC Worker Other (ms): Min: 0,0, Avg: 0,5, Max: 2,1, Diff: 2,0, Sum: 2,2]
      [GC Worker Total (ms): Min: 393,7, Avg: 396,0, Max: 399,4, Diff: 5,8, Sum: 1584,0]
      [GC Worker End (ms): Min: 615861,7, Avg: 615861,7, Max: 615861,7, Diff: 0,0]
   [Code Root Fixup: 0,1 ms]
   [Code Root Purge: 0,0 ms]
   [Clear CT: 0,3 ms]
   [Other: 2,4 ms]
      [Choose CSet: 0,0 ms]
      [Ref Proc: 0,5 ms]
      [Ref Enq: 0,0 ms]
      [Redirty Cards: 0,9 ms]
      [Humongous Register: 0,1 ms]
      [Humongous Reclaim: 0,0 ms]
      [Free CSet: 0,3 ms]
   [Eden: 100,0M(100,0M)->0,0B(416,0M) Survivors: 60,0M->13,0M Heap: 572,5M(3200,0M)->473,0M(3200,0M)]
 [Times: user=0,24 sys=0,55, real=0,41 secs] 
2016-04-07T00:01:10.817+0200: 618,333: [GC pause (G1 Evacuation Pause) (young), 0,0630831 secs]
   [Parallel Time: 55,8 ms, GC Workers: 4]
      [GC Worker Start (ms): Min: 618338,8, Avg: 618339,6, Max: 618341,6, Diff: 2,8]
      [Ext Root Scanning (ms): Min: 0,0, Avg: 1,1, Max: 1,5, Diff: 1,5, Sum: 4,4]
      [Update RS (ms): Min: 18,0, Avg: 18,6, Max: 19,2, Diff: 1,2, Sum: 74,4]
         [Processed Buffers: Min: 19, Avg: 46,8, Max: 76, Diff: 57, Sum: 187]
      [Scan RS (ms): Min: 4,1, Avg: 5,4, Max: 7,2, Diff: 3,1, Sum: 21,8]
      [Code Root Scanning (ms): Min: 0,0, Avg: 0,2, Max: 0,4, Diff: 0,4, Sum: 0,9]
      [Object Copy (ms): Min: 24,9, Avg: 27,0, Max: 28,3, Diff: 3,3, Sum: 108,0]
      [Termination (ms): Min: 0,0, Avg: 0,1, Max: 0,2, Diff: 0,2, Sum: 0,4]
         [Termination Attempts: Min: 1, Avg: 5,0, Max: 10, Diff: 9, Sum: 20]
      [GC Worker Other (ms): Min: 0,0, Avg: 0,1, Max: 0,1, Diff: 0,1, Sum: 0,3]
      [GC Worker Total (ms): Min: 50,5, Avg: 52,5, Max: 53,3, Diff: 2,8, Sum: 210,2]
      [GC Worker End (ms): Min: 618392,1, Avg: 618392,2, Max: 618392,2, Diff: 0,0]
   [Code Root Fixup: 0,1 ms]
   [Code Root Purge: 0,0 ms]
   [Clear CT: 0,4 ms]
   [Other: 6,9 ms]
      [Choose CSet: 0,3 ms]
      [Ref Proc: 2,2 ms]
      [Ref Enq: 0,0 ms]
      [Redirty Cards: 0,5 ms]
      [Humongous Register: 2,2 ms]
      [Humongous Reclaim: 0,0 ms]
      [Free CSet: 0,4 ms]
   [Eden: 278,0M(278,0M)->0,0B(527,0M) Survivors: 13,0M->19,0M Heap: 751,0M(3200,0M)->479,5M(3200,0M)]
 [Times: user=0,14 sys=0,01, real=0,07 secs] 
Heap
 garbage-first heap   total 3276800K, used 716288K [0x00000006f8000000, 0x00000006f8106400, 0x00000007c0000000)
  region size 1024K, 240 young (245760K), 19 survivors (19456K)
 Metaspace       used 52892K, capacity 53463K, committed 53760K, reserved 1093632K
  class space    used 8476K, capacity 8641K, committed 8704K, reserved 1048576K
